Component: ARM Compiler 5.06 update 6 (build 750) Tool: armlink [4d35ed]

==============================================================================

Section Cross References

    main.o(i.SystemClock_Config) refers to memseta.o(.text) for __aeabi_memclr4
    main.o(i.SystemClock_Config) refers to stm32f4xx_hal_rcc.o(i.HAL_RCC_OscConfig) for HAL_RCC_OscConfig
    main.o(i.SystemClock_Config) refers to stm32f4xx_hal_rcc.o(i.HAL_RCC_ClockConfig) for HAL_RCC_ClockConfig
    main.o(i.main) refers to stm32f4xx_hal.o(i.HAL_Init) for HAL_Init
    main.o(i.main) refers to main.o(i.SystemClock_Config) for SystemClock_Config
    main.o(i.main) refers to gpio.o(i.MX_GPIO_Init) for MX_GPIO_Init
    main.o(i.main) refers to dma.o(i.MX_DMA_Init) for MX_DMA_Init
    main.o(i.main) refers to can.o(i.MX_CAN1_Init) for MX_CAN1_Init
    main.o(i.main) refers to can.o(i.MX_CAN2_Init) for MX_CAN2_Init
    main.o(i.main) refers to tim.o(i.MX_TIM2_Init) for MX_TIM2_Init
    main.o(i.main) refers to tim.o(i.MX_TIM3_Init) for MX_TIM3_Init
    main.o(i.main) refers to tim.o(i.MX_TIM5_Init) for MX_TIM5_Init
    main.o(i.main) refers to usart.o(i.MX_USART1_UART_Init) for MX_USART1_UART_Init
    main.o(i.main) refers to tim.o(i.MX_TIM1_Init) for MX_TIM1_Init
    main.o(i.main) refers to usart.o(i.MX_USART3_UART_Init) for MX_USART3_UART_Init
    main.o(i.main) refers to usart.o(i.MX_USART6_UART_Init) for MX_USART6_UART_Init
    main.o(i.main) refers to usart.o(i.MX_UART7_Init) for MX_UART7_Init
    main.o(i.main) refers to usart.o(i.MX_UART8_Init) for MX_UART8_Init
    main.o(i.main) refers to can_filter.o(i.Can1_Filter_Init) for Can1_Filter_Init
    main.o(i.main) refers to can_filter.o(i.Can2_Filter_Init) for Can2_Filter_Init
    main.o(i.main) refers to receive.o(i.IMU_Data_Receive_Start) for IMU_Data_Receive_Start
    main.o(i.main) refers to stm32f4xx_hal.o(i.HAL_Delay) for HAL_Delay
    main.o(i.main) refers to stm32f4xx_hal_tim.o(i.HAL_TIM_PWM_Start) for HAL_TIM_PWM_Start
    main.o(i.main) refers to stm32f4xx_hal_tim.o(i.HAL_TIM_Base_Start_IT) for HAL_TIM_Base_Start_IT
    main.o(i.main) refers to receive.o(i.Board_I_Data_Receive_Start) for Board_I_Data_Receive_Start
    main.o(i.main) refers to receive.o(i.Mini_PC_Data_Receive_Start) for Mini_PC_Data_Receive_Start
    main.o(i.main) refers to can.o(.bss) for hcan1
    main.o(i.main) refers to tim.o(.bss) for htim1
    gpio.o(i.MX_GPIO_Init) refers to memseta.o(.text) for __aeabi_memclr4
    gpio.o(i.MX_GPIO_Init) refers to stm32f4xx_hal_gpio.o(i.HAL_GPIO_WritePin) for HAL_GPIO_WritePin
    gpio.o(i.MX_GPIO_Init) refers to stm32f4xx_hal_gpio.o(i.HAL_GPIO_Init) for HAL_GPIO_Init
    gpio.o(i.MX_GPIO_Init) refers to stm32f4xx_hal_cortex.o(i.HAL_NVIC_SetPriority) for HAL_NVIC_SetPriority
    gpio.o(i.MX_GPIO_Init) refers to stm32f4xx_hal_cortex.o(i.HAL_NVIC_EnableIRQ) for HAL_NVIC_EnableIRQ
    can.o(i.HAL_CAN_MspDeInit) refers to stm32f4xx_hal_gpio.o(i.HAL_GPIO_DeInit) for HAL_GPIO_DeInit
    can.o(i.HAL_CAN_MspDeInit) refers to stm32f4xx_hal_cortex.o(i.HAL_NVIC_DisableIRQ) for HAL_NVIC_DisableIRQ
    can.o(i.HAL_CAN_MspDeInit) refers to can.o(.data) for .data
    can.o(i.HAL_CAN_MspInit) refers to memseta.o(.text) for __aeabi_memclr4
    can.o(i.HAL_CAN_MspInit) refers to stm32f4xx_hal_gpio.o(i.HAL_GPIO_Init) for HAL_GPIO_Init
    can.o(i.HAL_CAN_MspInit) refers to stm32f4xx_hal_cortex.o(i.HAL_NVIC_SetPriority) for HAL_NVIC_SetPriority
    can.o(i.HAL_CAN_MspInit) refers to stm32f4xx_hal_cortex.o(i.HAL_NVIC_EnableIRQ) for HAL_NVIC_EnableIRQ
    can.o(i.HAL_CAN_MspInit) refers to can.o(.data) for .data
    can.o(i.MX_CAN1_Init) refers to stm32f4xx_hal_can.o(i.HAL_CAN_Init) for HAL_CAN_Init
    can.o(i.MX_CAN1_Init) refers to main.o(i.Error_Handler) for Error_Handler
    can.o(i.MX_CAN1_Init) refers to can.o(.bss) for .bss
    can.o(i.MX_CAN2_Init) refers to stm32f4xx_hal_can.o(i.HAL_CAN_Init) for HAL_CAN_Init
    can.o(i.MX_CAN2_Init) refers to main.o(i.Error_Handler) for Error_Handler
    can.o(i.MX_CAN2_Init) refers to can.o(.bss) for .bss
    dma.o(i.MX_DMA_Init) refers to stm32f4xx_hal_cortex.o(i.HAL_NVIC_SetPriority) for HAL_NVIC_SetPriority
    dma.o(i.MX_DMA_Init) refers to stm32f4xx_hal_cortex.o(i.HAL_NVIC_EnableIRQ) for HAL_NVIC_EnableIRQ
    tim.o(i.HAL_TIM_Base_MspDeInit) refers to stm32f4xx_hal_cortex.o(i.HAL_NVIC_DisableIRQ) for HAL_NVIC_DisableIRQ
    tim.o(i.HAL_TIM_Base_MspInit) refers to stm32f4xx_hal_cortex.o(i.HAL_NVIC_SetPriority) for HAL_NVIC_SetPriority
    tim.o(i.HAL_TIM_Base_MspInit) refers to stm32f4xx_hal_cortex.o(i.HAL_NVIC_EnableIRQ) for HAL_NVIC_EnableIRQ
    tim.o(i.HAL_TIM_MspPostInit) refers to memseta.o(.text) for __aeabi_memclr4
    tim.o(i.HAL_TIM_MspPostInit) refers to stm32f4xx_hal_gpio.o(i.HAL_GPIO_Init) for HAL_GPIO_Init
    tim.o(i.MX_TIM1_Init) refers to memseta.o(.text) for __aeabi_memclr4
    tim.o(i.MX_TIM1_Init) refers to stm32f4xx_hal_tim.o(i.HAL_TIM_Base_Init) for HAL_TIM_Base_Init
[...]
    ../clib/microlib/stubs.s                 0x00000000   Number         0  iusefp.o ABSOLUTE
    ../fplib/microlib/f2d.c                  0x00000000   Number         0  f2d.o ABSOLUTE
    ..\Drivers\STM32F4xx_HAL_Driver\Src\stm32f4xx_hal.c 0x00000000   Number         0  stm32f4xx_hal.o ABSOLUTE
    ..\Drivers\STM32F4xx_HAL_Driver\Src\stm32f4xx_hal_can.c 0x00000000   Number         0  stm32f4xx_hal_can.o ABSOLUTE
    ..\Drivers\STM32F4xx_HAL_Driver\Src\stm32f4xx_hal_cortex.c 0x00000000   Number         0  stm32f4xx_hal_cortex.o ABSOLUTE
    ..\Drivers\STM32F4xx_HAL_Driver\Src\stm32f4xx_hal_crc.c 0x00000000   Number         0  stm32f4xx_hal_crc.o ABSOLUTE
    ..\Drivers\STM32F4xx_HAL_Driver\Src\stm32f4xx_hal_dma.c 0x00000000   Number         0  stm32f4xx_hal_dma.o ABSOLUTE
    ..\Drivers\STM32F4xx_HAL_Driver\Src\stm32f4xx_hal_dma_ex.c 0x00000000   Number         0  stm32f4xx_hal_dma_ex.o ABSOLUTE
    ..\Drivers\STM32F4xx_HAL_Driver\Src\stm32f4xx_hal_flash.c 0x00000000   Number         0  stm32f4xx_hal_flash.o ABSOLUTE
    ..\Drivers\STM32F4xx_HAL_Driver\Src\stm32f4xx_hal_flash_ex.c 0x00000000   Number         0  stm32f4xx_hal_flash_ex.o ABSOLUTE
    ..\Drivers\STM32F4xx_HAL_Driver\Src\stm32f4xx_hal_flash_ramfunc.c 0x00000000   Number         0  stm32f4xx_hal_flash_ramfunc.o ABSOLUTE
    ..\Drivers\STM32F4xx_HAL_Driver\Src\stm32f4xx_hal_gpio.c 0x00000000   Number         0  stm32f4xx_hal_gpio.o ABSOLUTE
    ..\Drivers\STM32F4xx_HAL_Driver\Src\stm32f4xx_hal_pwr.c 0x00000000   Number         0  stm32f4xx_hal_pwr.o ABSOLUTE
    ..\Drivers\STM32F4xx_HAL_Driver\Src\stm32f4xx_hal_pwr_ex.c 0x00000000   Number         0  stm32f4xx_hal_pwr_ex.o ABSOLUTE
    ..\Drivers\STM32F4xx_HAL_Driver\Src\stm32f4xx_hal_rcc.c 0x00000000   Number         0  stm32f4xx_hal_rcc.o ABSOLUTE
    ..\Drivers\STM32F4xx_HAL_Driver\Src\stm32f4xx_hal_rcc_ex.c 0x00000000   Number         0  stm32f4xx_hal_rcc_ex.o ABSOLUTE
    ..\Drivers\STM32F4xx_HAL_Driver\Src\stm32f4xx_hal_tim.c 0x00000000   Number         0  stm32f4xx_hal_tim.o ABSOLUTE
    ..\Drivers\STM32F4xx_HAL_Driver\Src\stm32f4xx_hal_tim_ex.c 0x00000000   Number         0  stm32f4xx_hal_tim_ex.o ABSOLUTE
    ..\Drivers\STM32F4xx_HAL_Driver\Src\stm32f4xx_hal_uart.c 0x00000000   Number         0  stm32f4xx_hal_uart.o ABSOLUTE
    ..\Src\can.c                             0x00000000   Number         0  can.o ABSOLUTE
    ..\Src\dma.c                             0x00000000   Number         0  dma.o ABSOLUTE
    ..\Src\gpio.c                            0x00000000   Number         0  gpio.o ABSOLUTE
    ..\Src\main.c                            0x00000000   Number         0  main.o ABSOLUTE
    ..\Src\stm32f4xx_hal_msp.c               0x00000000   Number         0  stm32f4xx_hal_msp.o ABSOLUTE
    ..\Src\stm32f4xx_it.c                    0x00000000   Number         0  stm32f4xx_it.o ABSOLUTE
    ..\Src\system_stm32f4xx.c                0x00000000   Number         0  system_stm32f4xx.o ABSOLUTE
    ..\Src\tim.c                             0x00000000   Number         0  tim.o ABSOLUTE
    ..\Src\usart.c                           0x00000000   Number         0  usart.o ABSOLUTE
    Board_I_TX.c                             0x00000000   Number         0  board_i_tx.o ABSOLUTE
    Board_I_TX.c                             0x00000000   Number         0  board_i_tx.o ABSOLUTE
    Config\Can_Filter.c                      0x00000000   Number         0  can_filter.o ABSOLUTE
    Config\\Can_Filter.c                     0x00000000   Number         0  can_filter.o ABSOLUTE
    Control\Gimbal_Control.c                 0x00000000   Number         0  gimbal_control.o ABSOLUTE
    Control\Shoot_Control.c                  0x00000000   Number         0  shoot_control.o ABSOLUTE
    Control\\Gimbal_Control.c                0x00000000   Number         0  gimbal_control.o ABSOLUTE
    Control\\Shoot_Control.c                 0x00000000   Number         0  shoot_control.o ABSOLUTE
    Receive\CRC.c                            0x00000000   Number         0  crc.o ABSOLUTE
    Receive\IMU.c                            0x00000000   Number         0  imu.o ABSOLUTE
    Receive\Receive.c                        0x00000000   Number         0  receive.o ABSOLUTE
    Receive\\CRC.c                           0x00000000   Number         0  crc.o ABSOLUTE
    Receive\\IMU.c                           0x00000000   Number         0  imu.o ABSOLUTE
    Receive\\Receive.c                       0x00000000   Number         0  receive.o ABSOLUTE
    Transmit\Transmit.c                      0x00000000   Number         0  transmit.o ABSOLUTE
    Transmit\\Transmit.c                     0x00000000   Number         0  transmit.o ABSOLUTE
    cdcmple.s                                0x00000000   Number         0  cdcmple.o ABSOLUTE
    dc.s                                     0x00000000   Number         0  dc.o ABSOLUTE
    handlers.s                               0x00000000   Number         0  handlers.o ABSOLUTE
    init.s                                   0x00000000   Number         0  init.o ABSOLUTE
    startup_stm32f427xx.s                    0x00000000   Number         0  startup_stm32f427xx.o ABSOLUTE
    RESET                                    0x08000000   Section      428  startup_stm32f427xx.o(RESET)
    .ARM.Collect$$$$00000000                 0x080001ac   Section        0  entry.o(.ARM.Collect$$$$00000000)
    .ARM.Collect$$$$00000001                 0x080001ac   Section        4  entry2.o(.ARM.Collect$$$$00000001)
    .ARM.Collect$$$$00000004                 0x080001b0   Section        4  entry5.o(.ARM.Collect$$$$00000004)
    .ARM.Collect$$$$00000008                 0x080001b4   Section        0  entry7b.o(.ARM.Collect$$$$00000008)
    .ARM.Collect$$$$0000000A                 0x080001b4   Section        0  entry8b.o(.ARM.Collect$$$$0000000A)
    .ARM.Collect$$$$0000000B                 0x080001b4   Section        8  entry9a.o(.ARM.Collect$$$$0000000B)
    .ARM.Collect$$$$0000000D                 0x080001bc   Section        0  entry10a.o(.ARM.Collect$$$$0000000D)
    .ARM.Collect$$$$0000000F                 0x080001bc   Section        0  entry11a.o(.ARM.Collect$$$$0000000F)
    .ARM.Collect$$$$00002712                 0x080001bc   Section        4  entry2.o(.ARM.Collect$$$$00002712)
    __lit__00000000                          0x080001bc   Data           4  entry2.o(.ARM.Collect$$$$00002712)
    .text                                    0x080001c0   Section       36  startup_stm32f427xx.o(.text)
    $v0                                      0x080001c0   Number         0  startup_stm32f427xx.o(.text)
    .text                                    0x080001e4   Section        0  memcpya.o(.text)
    .text                                    0x08000208   Section        0  memseta.o(.text)
    .text                                    0x0800022c   Section        0  f2d.o(.text)
    .text                                    0x08000254   Section       48  cdcmple.o(.text)
    .text                                    0x08000284   Section       36  init.o(.text)
    .text                                    0x08000284   Section        0  iusefp.o(.text)
    .text                                    0x080002a8   Section        0  __dczerorl2.o(.text)
    i.BLMotor_Decode                         0x08000300   Section        0  receive.o(i.BLMotor_Decode)
    i.BLoad_Vel_PID                          0x0800037c   Section        0  shoot_control.o(i.BLoad_Vel_PID)
    i.Board_I_Data_Receive_Start             0x08000428   Section        0  receive.o(i.Board_I_Data_Receive_Start)
    i.Board_I_Decode                         0x0800043c   Section        0  board_i_tx.o(i.Board_I_Decode)
    i.Board_I_Receive                        0x080004b4   Section        0  receive.o(i.Board_I_Receive)
    i.Bullet_Load_Control                    0x0800052c   Section        0  shoot_control.o(i.Bullet_Load_Control)
    i.Bullet_Stuck_check                     0x0800067c   Section        0  shoot_control.o(i.Bullet_Stuck_check)
    i.BusFault_Handler                       0x08000704   Section        0  stm32f4xx_it.o(i.BusFault_Handler)
    i.CAN1_RX0_IRQHandler                    0x08000708   Section        0  stm32f4xx_it.o(i.CAN1_RX0_IRQHandler)
    i.CAN2_RX0_IRQHandler                    0x08000728   Section        0  stm32f4xx_it.o(i.CAN2_RX0_IRQHandler)
    i.CAN_Receive_IT                         0x08000734   Section        0  stm32f4xx_hal_can.o(i.CAN_Receive_IT)
    CAN_Receive_IT                           0x08000735   Thumb Code   298  stm32f4xx_hal_can.o(i.CAN_Receive_IT)
    i.CAN_Receive_Msg                        0x08000860   Section        0  receive.o(i.CAN_Receive_Msg)
    i.CAN_Send_Msg                           0x08000894   Section        0  transmit.o(i.CAN_Send_Msg)
    i.CAN_Transmit_IT                        0x08000934   Section        0  stm32f4xx_hal_can.o(i.CAN_Transmit_IT)
    CAN_Transmit_IT                          0x08000935   Thumb Code    96  stm32f4xx_hal_can.o(i.CAN_Transmit_IT)
    i.Can1_Filter_Init                       0x08000994   Section        0  can_filter.o(i.Can1_Filter_Init)
    i.Can2_Filter_Init                       0x080009d0   Section        0  can_filter.o(i.Can2_Filter_Init)
    i.DMA1_Stream1_IRQHandler                0x08000a0c   Section        0  stm32f4xx_it.o(i.DMA1_Stream1_IRQHandler)
    i.DMA1_Stream3_IRQHandler                0x08000a18   Section        0  stm32f4xx_it.o(i.DMA1_Stream3_IRQHandler)
    i.DMA1_Stream4_IRQHandler                0x08000a24   Section        0  stm32f4xx_it.o(i.DMA1_Stream4_IRQHandler)
    i.DMA1_Stream6_IRQHandler                0x08000a30   Section        0  stm32f4xx_it.o(i.DMA1_Stream6_IRQHandler)
    i.DMA2_Stream1_IRQHandler                0x08000a3c   Section        0  stm32f4xx_it.o(i.DMA2_Stream1_IRQHandler)
    i.DMA2_Stream2_IRQHandler                0x08000a48   Section        0  stm32f4xx_it.o(i.DMA2_Stream2_IRQHandler)
    i.DMA_CalcBaseAndBitshift                0x08000a54   Section        0  stm32f4xx_hal_dma.o(i.DMA_CalcBaseAndBitshift)
    DMA_CalcBaseAndBitshift                  0x08000a55   Thumb Code    34  stm32f4xx_hal_dma.o(i.DMA_CalcBaseAndBitshift)
    i.DMA_CheckFifoParam                     0x08000a7c   Section        0  stm32f4xx_hal_dma.o(i.DMA_CheckFifoParam)
    DMA_CheckFifoParam                       0x08000a7d   Thumb Code    84  stm32f4xx_hal_dma.o(i.DMA_CheckFifoParam)
    i.DMA_SetConfig                          0x08000ad0   Section        0  stm32f4xx_hal_dma.o(i.DMA_SetConfig)
    DMA_SetConfig                            0x08000ad1   Thumb Code    40  stm32f4xx_hal_dma.o(i.DMA_SetConfig)
    i.DebugMon_Handler                       0x08000af8   Section        0  stm32f4xx_it.o(i.DebugMon_Handler)
    i.EXTI15_10_IRQHandler                   0x08000afa   Section        0  stm32f4xx_it.o(i.EXTI15_10_IRQHandler)
    i.Error_Handler                          0x08000b02   Section        0  main.o(i.Error_Handler)
    i.Forecast_Filter                        0x08000b04   Section        0  gimbal_control.o(i.Forecast_Filter)
    i.GMotor_Decode                          0x08000b24   Section        0  receive.o(i.GMotor_Decode)
    i.GMotor_PosPID                          0x08000ba4   Section        0  gimbal_control.o(i.GMotor_PosPID)
    i.GMotor_VelPID                          0x08000c4e   Section        0  gimbal_control.o(i.GMotor_VelPID)
    i.Get_CRC16_Check_Sum                    0x08000cf8   Section        0  crc.o(i.Get_CRC16_Check_Sum)
    i.Gimbal_Control                         0x08000d24   Section        0  gimbal_control.o(i.Gimbal_Control)
    i.Gimbal_Ref_Limit                       0x08000e74   Section        0  gimbal_control.o(i.Gimbal_Ref_Limit)
    i.Gimbal_Ref_set                         0x08000ed4   Section        0  gimbal_control.o(i.Gimbal_Ref_set)
    i.Gimbal_TraceForecast                   0x08000fac   Section        0  gimbal_control.o(i.Gimbal_TraceForecast)
    i.HAL_CAN_ConfigFilter                   0x080011f0   Section        0  stm32f4xx_hal_can.o(i.HAL_CAN_ConfigFilter)
    i.HAL_CAN_ErrorCallback                  0x080012d4   Section        0  stm32f4xx_hal_can.o(i.HAL_CAN_ErrorCallback)
    i.HAL_CAN_IRQHandler                     0x080012d8   Section        0  stm32f4xx_hal_can.o(i.HAL_CAN_IRQHandler)
    i.HAL_CAN_Init                           0x08001458   Section        0  stm32f4xx_hal_can.o(i.HAL_CAN_Init)
    i.HAL_CAN_MspInit                        0x0800159c   Section        0  can.o(i.HAL_CAN_MspInit)
    i.HAL_CAN_Receive_IT                     0x08001694   Section        0  stm32f4xx_hal_can.o(i.HAL_CAN_Receive_IT)
    i.HAL_CAN_RxCpltCallback                 0x08001718   Section        0  stm32f4xx_hal_can.o(i.HAL_CAN_RxCpltCallback)
    i.HAL_CAN_Transmit                       0x0800171c   Section        0  stm32f4xx_hal_can.o(i.HAL_CAN_Transmit)
    i.HAL_CAN_TxCpltCallback                 0x0800189c   Section        0  stm32f4xx_hal_can.o(i.HAL_CAN_TxCpltCallback)
    i.HAL_DMA_Abort                          0x0800189e   Section        0  stm32f4xx_hal_dma.o(i.HAL_DMA_Abort)
    i.HAL_DMA_Abort_IT                       0x0800192c   Section        0  stm32f4xx_hal_dma.o(i.HAL_DMA_Abort_IT)
    i.HAL_DMA_IRQHandler                     0x08001950   Section        0  stm32f4xx_hal_dma.o(i.HAL_DMA_IRQHandler)
    i.HAL_DMA_Init                           0x08001af8   Section        0  stm32f4xx_hal_dma.o(i.HAL_DMA_Init)
    i.HAL_DMA_Start_IT                       0x08001bc8   Section        0  stm32f4xx_hal_dma.o(i.HAL_DMA_Start_IT)
    i.HAL_Delay                              0x08001c40   Section        0  stm32f4xx_hal.o(i.HAL_Delay)
    i.HAL_GPIO_EXTI_Callback                 0x08001c56   Section        0  stm32f4xx_hal_gpio.o(i.HAL_GPIO_EXTI_Callback)
    i.HAL_GPIO_EXTI_IRQHandler               0x08001c58   Section        0  stm32f4xx_hal_gpio.o(i.HAL_GPIO_EXTI_IRQHandler)
    i.HAL_GPIO_Init                          0x08001c70   Section        0  stm32f4xx_hal_gpio.o(i.HAL_GPIO_Init)
    i.HAL_GPIO_WritePin                      0x08001e4c   Section        0  stm32f4xx_hal_gpio.o(i.HAL_GPIO_WritePin)
    i.HAL_GetTick                            0x08001e58   Section        0  stm32f4xx_hal.o(i.HAL_GetTick)
    i.HAL_IncTick                            0x08001e64   Section        0  stm32f4xx_hal.o(i.HAL_IncTick)
    i.HAL_Init                               0x08001e74   Section        0  stm32f4xx_hal.o(i.HAL_Init)
    i.HAL_InitTick                           0x08001ea8   Section        0  stm32f4xx_hal.o(i.HAL_InitTick)
    i.HAL_MspInit                            0x08001ed0   Section        0  stm32f4xx_hal_msp.o(i.HAL_MspInit)
    i.HAL_MultiProcessor_Init                0x08001f04   Section        0  stm32f4xx_hal_uart.o(i.HAL_MultiProcessor_Init)
    i.HAL_NVIC_EnableIRQ                     0x08001f92   Section        0  stm32f4xx_hal_cortex.o(i.HAL_NVIC_EnableIRQ)
    i.HAL_NVIC_SetPriority                   0x08001fa8   Section        0  stm32f4xx_hal_cortex.o(i.HAL_NVIC_SetPriority)
    i.HAL_NVIC_SetPriorityGrouping           0x08001fe8   Section        0  stm32f4xx_hal_cortex.o(i.HAL_NVIC_SetPriorityGrouping)
    i.HAL_RCC_ClockConfig                    0x0800200c   Section        0  stm32f4xx_hal_rcc.o(i.HAL_RCC_ClockConfig)
    i.HAL_RCC_GetPCLK1Freq                   0x08002180   Section        0  stm32f4xx_hal_rcc.o(i.HAL_RCC_GetPCLK1Freq)
    i.HAL_RCC_GetPCLK2Freq                   0x080021b0   Section        0  stm32f4xx_hal_rcc.o(i.HAL_RCC_GetPCLK2Freq)
    i.HAL_RCC_GetSysClockFreq                0x080021e0   Section        0  stm32f4xx_hal_rcc.o(i.HAL_RCC_GetSysClockFreq)
    i.HAL_RCC_OscConfig                      0x08002254   Section        0  stm32f4xx_hal_rcc.o(i.HAL_RCC_OscConfig)
    i.HAL_SYSTICK_Config                     0x0800252c   Section        0  stm32f4xx_hal_cortex.o(i.HAL_SYSTICK_Config)
    i.HAL_TIMEx_BreakCallback                0x08002554   Section        0  stm32f4xx_hal_tim_ex.o(i.HAL_TIMEx_BreakCallback)
    i.HAL_TIMEx_CommutationCallback          0x08002556   Section        0  stm32f4xx_hal_tim_ex.o(i.HAL_TIMEx_CommutationCallback)
    i.HAL_TIMEx_ConfigBreakDeadTime          0x08002558   Section        0  stm32f4xx_hal_tim_ex.o(i.HAL_TIMEx_ConfigBreakDeadTime)
    i.HAL_TIMEx_MasterConfigSynchronization  0x0800259a   Section        0  stm32f4xx_hal_tim_ex.o(i.HAL_TIMEx_MasterConfigSynchronization)
    i.HAL_TIM_Base_Init                      0x080025ea   Section        0  stm32f4xx_hal_tim.o(i.HAL_TIM_Base_Init)
    i.HAL_TIM_Base_MspInit                   0x08002620   Section        0  tim.o(i.HAL_TIM_Base_MspInit)
    i.HAL_TIM_Base_Start_IT                  0x080026b8   Section        0  stm32f4xx_hal_tim.o(i.HAL_TIM_Base_Start_IT)
    i.HAL_TIM_ConfigClockSource              0x080026d0   Section        0  stm32f4xx_hal_tim.o(i.HAL_TIM_ConfigClockSource)
    i.HAL_TIM_IC_CaptureCallback             0x080027c0   Section        0  stm32f4xx_hal_tim.o(i.HAL_TIM_IC_CaptureCallback)
    i.HAL_TIM_IRQHandler                     0x080027c2   Section        0  stm32f4xx_hal_tim.o(i.HAL_TIM_IRQHandler)
    i.HAL_TIM_MspPostInit                    0x08002928   Section        0  tim.o(i.HAL_TIM_MspPostInit)
    i.HAL_TIM_OC_DelayElapsedCallback        0x080029fc   Section        0  stm32f4xx_hal_tim.o(i.HAL_TIM_OC_DelayElapsedCallback)
    i.HAL_TIM_PWM_ConfigChannel              0x080029fe   Section        0  stm32f4xx_hal_tim.o(i.HAL_TIM_PWM_ConfigChannel)
    i.HAL_TIM_PWM_Init                       0x08002ace   Section        0  stm32f4xx_hal_tim.o(i.HAL_TIM_PWM_Init)
    i.HAL_TIM_PWM_MspInit                    0x08002b04   Section        0  stm32f4xx_hal_tim.o(i.HAL_TIM_PWM_MspInit)
    i.HAL_TIM_PWM_PulseFinishedCallback      0x08002b06   Section        0  stm32f4xx_hal_tim.o(i.HAL_TIM_PWM_PulseFinishedCallback)
    i.HAL_TIM_PWM_Start                      0x08002b08   Section        0  stm32f4xx_hal_tim.o(i.HAL_TIM_PWM_Start)
    i.HAL_TIM_PeriodElapsedCallback          0x08002b40   Section        0  stm32f4xx_hal_tim.o(i.HAL_TIM_PeriodElapsedCallback)
    i.HAL_TIM_TriggerCallback                0x08002b42   Section        0  stm32f4xx_hal_tim.o(i.HAL_TIM_TriggerCallback)
    i.HAL_UART_DMAStop                       0x08002b44   Section        0  stm32f4xx_hal_uart.o(i.HAL_UART_DMAStop)
    i.HAL_UART_ErrorCallback                 0x08002b9c   Section        0  stm32f4xx_hal_uart.o(i.HAL_UART_ErrorCallback)
    i.HAL_UART_IRQHandler                    0x08002ba0   Section        0  stm32f4xx_hal_uart.o(i.HAL_UART_IRQHandler)
    i.HAL_UART_MspInit                       0x08002cb0   Section        0  usart.o(i.HAL_UART_MspInit)
    i.HAL_UART_Receive_DMA                   0x08002fb0   Section        0  stm32f4xx_hal_uart.o(i.HAL_UART_Receive_DMA)
    i.HAL_UART_RxCpltCallback                0x0800303c   Section        0  stm32f4xx_hal_uart.o(i.HAL_UART_RxCpltCallback)
    i.HAL_UART_RxHalfCpltCallback            0x0800303e   Section        0  stm32f4xx_hal_uart.o(i.HAL_UART_RxHalfCpltCallback)
    i.HAL_UART_TxCpltCallback                0x08003040   Section        0  stm32f4xx_hal_uart.o(i.HAL_UART_TxCpltCallback)
    i.HI_IMU_Data_Decode                     0x08003044   Section        0  imu.o(i.HI_IMU_Data_Decode)
    i.HI_IMU_Data_Receive                    0x08003220   Section        0  receive.o(i.HI_IMU_Data_Receive)
    i.HardFault_Handler                      0x08003298   Section        0  stm32f4xx_it.o(i.HardFault_Handler)
    i.IMU_Data_Receive_Start                 0x0800329c   Section        0  receive.o(i.IMU_Data_Receive_Start)
    i.MX_CAN1_Init                           0x080032bc   Section        0  can.o(i.MX_CAN1_Init)
    i.MX_CAN2_Init                           0x08003304   Section        0  can.o(i.MX_CAN2_Init)
    i.MX_DMA_Init                            0x0800334c   Section        0  dma.o(i.MX_DMA_Init)
    i.MX_GPIO_Init                           0x080033d8   Section        0  gpio.o(i.MX_GPIO_Init)
    i.MX_TIM1_Init                           0x080034d0   Section        0  tim.o(i.MX_TIM1_Init)
    i.MX_TIM2_Init                           0x080035ac   Section        0  tim.o(i.MX_TIM2_Init)
    i.MX_TIM3_Init                           0x08003610   Section        0  tim.o(i.MX_TIM3_Init)
    i.MX_TIM5_Init                           0x08003674   Section        0  tim.o(i.MX_TIM5_Init)
    i.MX_UART7_Init                          0x08003720   Section        0  usart.o(i.MX_UART7_Init)
    i.MX_UART8_Init                          0x0800375c   Section        0  usart.o(i.MX_UART8_Init)
    i.MX_USART1_UART_Init                    0x08003798   Section        0  usart.o(i.MX_USART1_UART_Init)
    i.MX_USART3_UART_Init                    0x080037d8   Section        0  usart.o(i.MX_USART3_UART_Init)
    i.MX_USART6_UART_Init                    0x08003814   Section        0  usart.o(i.MX_USART6_UART_Init)
    i.MemManage_Handler                      0x08003850   Section        0  stm32f4xx_it.o(i.MemManage_Handler)
    i.Mini_PC_Data_Decode                    0x08003854   Section        0  board_i_tx.o(i.Mini_PC_Data_Decode)
    i.Mini_PC_Data_Receive                   0x080038c0   Section        0  receive.o(i.Mini_PC_Data_Receive)
    i.Mini_PC_Data_Receive_Start             0x08003938   Section        0  receive.o(i.Mini_PC_Data_Receive_Start)
    i.NMI_Handler                            0x08003958   Section        0  stm32f4xx_it.o(i.NMI_Handler)
    i.NVIC_SetPriority                       0x0800395a   Section        0  stm32f4xx_hal_cortex.o(i.NVIC_SetPriority)
    NVIC_SetPriority                         0x0800395b   Thumb Code    32  stm32f4xx_hal_cortex.o(i.NVIC_SetPriority)
    i.PendSV_Handler                         0x0800397a   Section        0  stm32f4xx_it.o(i.PendSV_Handler)
    i.Pitch_Filter                           0x0800397c   Section        0  board_i_tx.o(i.Pitch_Filter)
    i.SVC_Handler                            0x0800399c   Section        0  stm32f4xx_it.o(i.SVC_Handler)
    i.Shoot_Control                          0x0800399e   Section        0  shoot_control.o(i.Shoot_Control)
    i.Shoot_Motor_Control                    0x080039ac   Section        0  shoot_control.o(i.Shoot_Motor_Control)
    i.SysTick_Handler                        0x08003a44   Section        0  stm32f4xx_it.o(i.SysTick_Handler)
    i.SystemClock_Config                     0x08003a48   Section        0  main.o(i.SystemClock_Config)
    i.SystemInit                             0x08003acc   Section        0  system_stm32f4xx.o(i.SystemInit)
    i.TIM2_IRQHandler                        0x08003b20   Section        0  stm32f4xx_it.o(i.TIM2_IRQHandler)
    i.TIM3_IRQHandler                        0x08003b40   Section        0  stm32f4xx_it.o(i.TIM3_IRQHandler)
    i.TIM_Base_SetConfig                     0x08003b4c   Section        0  stm32f4xx_hal_tim.o(i.TIM_Base_SetConfig)
    i.TIM_CCxChannelCmd                      0x08003c0c   Section        0  stm32f4xx_hal_tim.o(i.TIM_CCxChannelCmd)
    i.TIM_ETR_SetConfig                      0x08003c22   Section        0  stm32f4xx_hal_tim.o(i.TIM_ETR_SetConfig)
    TIM_ETR_SetConfig                        0x08003c23   Thumb Code    20  stm32f4xx_hal_tim.o(i.TIM_ETR_SetConfig)
    i.TIM_ITRx_SetConfig                     0x08003c36   Section        0  stm32f4xx_hal_tim.o(i.TIM_ITRx_SetConfig)
    TIM_ITRx_SetConfig                       0x08003c37   Thumb Code    16  stm32f4xx_hal_tim.o(i.TIM_ITRx_SetConfig)
    i.TIM_OC1_SetConfig                      0x08003c48   Section        0  stm32f4xx_hal_tim.o(i.TIM_OC1_SetConfig)
    TIM_OC1_SetConfig                        0x08003c49   Thumb Code    80  stm32f4xx_hal_tim.o(i.TIM_OC1_SetConfig)
    i.TIM_OC2_SetConfig                      0x08003ca0   Section        0  stm32f4xx_hal_tim.o(i.TIM_OC2_SetConfig)
    i.TIM_OC3_SetConfig                      0x08003d04   Section        0  stm32f4xx_hal_tim.o(i.TIM_OC3_SetConfig)
    TIM_OC3_SetConfig                        0x08003d05   Thumb Code    88  stm32f4xx_hal_tim.o(i.TIM_OC3_SetConfig)
    i.TIM_OC4_SetConfig                      0x08003d64   Section        0  stm32f4xx_hal_tim.o(i.TIM_OC4_SetConfig)
    TIM_OC4_SetConfig                        0x08003d65   Thumb Code    70  stm32f4xx_hal_tim.o(i.TIM_OC4_SetConfig)
    i.TIM_TI1_ConfigInputStage               0x08003db4   Section        0  stm32f4xx_hal_tim.o(i.TIM_TI1_ConfigInputStage)
    TIM_TI1_ConfigInputStage                 0x08003db5   Thumb Code    34  stm32f4xx_hal_tim.o(i.TIM_TI1_ConfigInputStage)
    i.TIM_TI2_ConfigInputStage               0x08003dd6   Section        0  stm32f4xx_hal_tim.o(i.TIM_TI2_ConfigInputStage)
    TIM_TI2_ConfigInputStage                 0x08003dd7   Thumb Code    36  stm32f4xx_hal_tim.o(i.TIM_TI2_ConfigInputStage)
    i.UART7_IRQHandler                       0x08003dfa   Section        0  stm32f4xx_it.o(i.UART7_IRQHandler)
    i.UART8_IRQHandler                       0x08003dfe   Section        0  stm32f4xx_it.o(i.UART8_IRQHandler)
    i.UART_DMAAbortOnError                   0x08003e02   Section        0  stm32f4xx_hal_uart.o(i.UART_DMAAbortOnError)
    UART_DMAAbortOnError                     0x08003e03   Thumb Code    16  stm32f4xx_hal_uart.o(i.UART_DMAAbortOnError)
    i.UART_DMAError                          0x08003e12   Section        0  stm32f4xx_hal_uart.o(i.UART_DMAError)
    UART_DMAError                            0x08003e13   Thumb Code    74  stm32f4xx_hal_uart.o(i.UART_DMAError)
    i.UART_DMAReceiveCplt                    0x08003e5c   Section        0  stm32f4xx_hal_uart.o(i.UART_DMAReceiveCplt)
    UART_DMAReceiveCplt                      0x08003e5d   Thumb Code    60  stm32f4xx_hal_uart.o(i.UART_DMAReceiveCplt)
    i.UART_DMARxHalfCplt                     0x08003e98   Section        0  stm32f4xx_hal_uart.o(i.UART_DMARxHalfCplt)
    UART_DMARxHalfCplt                       0x08003e99   Thumb Code    10  stm32f4xx_hal_uart.o(i.UART_DMARxHalfCplt)
    i.UART_EndRxTransfer                     0x08003ea2   Section        0  stm32f4xx_hal_uart.o(i.UART_EndRxTransfer)
    UART_EndRxTransfer                       0x08003ea3   Thumb Code    28  stm32f4xx_hal_uart.o(i.UART_EndRxTransfer)
    i.UART_EndTxTransfer                     0x08003ebe   Section        0  stm32f4xx_hal_uart.o(i.UART_EndTxTransfer)
    UART_EndTxTransfer                       0x08003ebf   Thumb Code    18  stm32f4xx_hal_uart.o(i.UART_EndTxTransfer)
    i.UART_Receive_IT                        0x08003ed0   Section        0  stm32f4xx_hal_uart.o(i.UART_Receive_IT)
    UART_Receive_IT                          0x08003ed1   Thumb Code   140  stm32f4xx_hal_uart.o(i.UART_Receive_IT)
    i.UART_SetConfig                         0x08003f5c   Section        0  stm32f4xx_hal_uart.o(i.UART_SetConfig)
    UART_SetConfig                           0x08003f5d   Thumb Code   676  stm32f4xx_hal_uart.o(i.UART_SetConfig)
    i.UART_Transmit_IT                       0x08004208   Section        0  stm32f4xx_hal_uart.o(i.UART_Transmit_IT)
    UART_Transmit_IT                         0x08004209   Thumb Code    98  stm32f4xx_hal_uart.o(i.UART_Transmit_IT)
    i.USART1_IRQHandler                      0x0800426c   Section        0  stm32f4xx_it.o(i.USART1_IRQHandler)
    i.USART6_IRQHandler                      0x08004278   Section        0  stm32f4xx_it.o(i.USART6_IRQHandler)
    i.UsageFault_Handler                     0x0800427c   Section        0  stm32f4xx_it.o(i.UsageFault_Handler)
    i.__scatterload_copy                     0x0800427e   Section       14  handlers.o(i.__scatterload_copy)
    i.__scatterload_null                     0x0800428c   Section        2  handlers.o(i.__scatterload_null)
    i.__scatterload_zeroinit                 0x0800428e   Section       14  handlers.o(i.__scatterload_zeroinit)
    i.main                                   0x0800429c   Section        0  main.o(i.main)
    i.wYaw_Filter                            0x08004338   Section        0  gimbal_control.o(i.wYaw_Filter)
    .constdata                               0x08004358   Section       16  stm32f4xx_hal_rcc.o(.constdata)
    .constdata                               0x08004368   Section        8  stm32f4xx_hal_dma.o(.constdata)
    flagBitshiftOffset                       0x08004368   Data           8  stm32f4xx_hal_dma.o(.constdata)
    .constdata                               0x08004370   Section      768  crc.o(.constdata)
    .data                                    0x20000000   Section        4  can.o(.data)
    HAL_RCC_CAN1_CLK_ENABLED                 0x20000000   Data           4  can.o(.data)
    .data                                    0x20000004   Section        4  stm32f4xx_hal.o(.data)
    .data                                    0x20000008   Section        4  system_stm32f4xx.o(.data)
    .data                                    0x2000000c   Section       24  board_i_tx.o(.data)
    lastoutput                               0x20000014   Data           4  board_i_tx.o(.data)
    .data                                    0x20000024   Section       32  imu.o(.data)
    .data                                    0x20000044   Section      196  gimbal_control.o(.data)
    lastoutput                               0x20000048   Data           4  gimbal_control.o(.data)
    lastoutput                               0x2000004c   Data           4  gimbal_control.o(.data)
    .data                                    0x20000108   Section       52  shoot_control.o(.data)
    .bss                                     0x2000013c   Section      128  can.o(.bss)
    .bss                                     0x200001bc   Section      240  tim.o(.bss)
    .bss                                     0x200002ac   Section       31  usart.o(.bss)
    .bss                                     0x200002cb   Section       40  usart.o(.bss)
    .bss                                     0x200002f4   Section      896  usart.o(.bss)
    .bss                                     0x20000674   Section      128  can_filter.o(.bss)
    .bss                                     0x200006f4   Section       62  board_i_tx.o(.bss)
    .bss                                     0x20000732   Section       60  board_i_tx.o(.bss)
    .bss                                     0x20000770   Section       24  imu.o(.bss)
    .bss                                     0x20000788   Section      596  gimbal_control.o(.bss)
    .bss                                     0x200009dc   Section      120  shoot_control.o(.bss)
    STACK                                    0x20000a58   Section     1024  startup_stm32f427xx.o(STACK)

    Global Symbols

    Symbol Name                              Value     Ov Type        Size  Object(Section)

    BuildAttributes$$THM_ISAv4$E$P$D$K$B$S$7EM$VFPi3$EXTD16$VFPS$VFMA$PE$A:L22UL41UL21$X:L11$S22US41US21$IEEE1$IW$USESV6$~STKCKD$USESV7$~SHL$OSPACE$ROPI$EBA8$MICROLIB$REQ8$PRES8$EABIv2 0x00000000   Number         0  anon$$obj.o ABSOLUTE
    __ARM_use_no_argv                        0x00000000   Number         0  main.o ABSOLUTE
    __cpp_initialize__aeabi_                  - Undefined Weak Reference
    __cxa_finalize                            - Undefined Weak Reference
    _clock_init                               - Undefined Weak Reference
    _microlib_exit                            - Undefined Weak Reference
    __Vectors_Size                           0x000001ac   Number         0  startup_stm32f427xx.o ABSOLUTE
    __Vectors                                0x08000000   Data           4  startup_stm32f427xx.o(RESET)
    __Vectors_End                            0x080001ac   Data           0  startup_stm32f427xx.o(RESET)
    __main                                   0x080001ad   Thumb Code     0  entry.o(.ARM.Collect$$$$00000000)
    _main_stk                                0x080001ad   Thumb Code     0  entry2.o(.ARM.Collect$$$$00000001)
    _main_scatterload                        0x080001b1   Thumb Code     0  entry5.o(.ARM.Collect$$$$00000004)
    __main_after_scatterload                 0x080001b5   Thumb Code     0  entry5.o(.ARM.Collect$$$$00000004)
    _main_clock                              0x080001b5   Thumb Code     0  entry7b.o(.ARM.Collect$$$$00000008)
    _main_cpp_init                           0x080001b5   Thumb Code     0  entry8b.o(.ARM.Collect$$$$0000000A)
    _main_init                               0x080001b5   Thumb Code     0  entry9a.o(.ARM.Collect$$$$0000000B)
    __rt_final_cpp                           0x080001bd   Thumb Code     0  entry10a.o(.ARM.Collect$$$$0000000D)
    __rt_final_exit                          0x080001bd   Thumb Code     0  entry11a.o(.ARM.Collect$$$$0000000F)
    Reset_Handler                            0x080001c1   Thumb Code     8  startup_stm32f427xx.o(.text)
    ADC_IRQHandler                           0x080001db   Thumb Code     0  startup_stm32f427xx.o(.text)
    CAN1_RX1_IRQHandler                      0x080001db   Thumb Code     0  startup_stm32f427xx.o(.text)
    CAN1_SCE_IRQHandler                      0x080001db   Thumb Code     0  startup_stm32f427xx.o(.text)
    CAN1_TX_IRQHandler                       0x080001db   Thumb Code     0  startup_stm32f427xx.o(.text)
    CAN2_RX1_IRQHandler                      0x080001db   Thumb Code     0  startup_stm32f427xx.o(.text)
    CAN2_SCE_IRQHandler                      0x080001db   Thumb Code     0  startup_stm32f427xx.o(.text)
    CAN2_TX_IRQHandler                       0x080001db   Thumb Code     0  startup_stm32f427xx.o(.text)
    DCMI_IRQHandler                          0x080001db   Thumb Code     0  startup_stm32f427xx.o(.text)
    DMA1_Stream0_IRQHandler                  0x080001db   Thumb Code     0  startup_stm32f427xx.o(.text)
    DMA1_Stream2_IRQHandler                  0x080001db   Thumb Code     0  startup_stm32f427xx.o(.text)
    DMA1_Stream5_IRQHandler                  0x080001db   Thumb Code     0  startup_stm32f427xx.o(.text)
    DMA1_Stream7_IRQHandler                  0x080001db   Thumb Code     0  startup_stm32f427xx.o(.text)
    DMA2D_IRQHandler                         0x080001db   Thumb Code     0  startup_stm32f427xx.o(.text)
    DMA2_Stream0_IRQHandler                  0x080001db   Thumb Code     0  startup_stm32f427xx.o(.text)
    DMA2_Stream3_IRQHandler                  0x080001db   Thumb Code     0  startup_stm32f427xx.o(.text)
    DMA2_Stream4_IRQHandler                  0x080001db   Thumb Code     0  startup_stm32f427xx.o(.text)
    DMA2_Stream5_IRQHandler                  0x080001db   Thumb Code     0  startup_stm32f427xx.o(.text)
    DMA2_Stream6_IRQHandler                  0x080001db   Thumb Code     0  startup_stm32f427xx.o(.text)
    DMA2_Stream7_IRQHandler                  0x080001db   Thumb Code     0  startup_stm32f427xx.o(.text)
    ETH_IRQHandler                           0x080001db   Thumb Code     0  startup_stm32f427xx.o(.text)
    ETH_WKUP_IRQHandler                      0x080001db   Thumb Code     0  startup_stm32f427xx.o(.text)
    EXTI0_IRQHandler                         0x080001db   Thumb Code     0  startup_stm32f427xx.o(.text)
    EXTI1_IRQHandler                         0x080001db   Thumb Code     0  startup_stm32f427xx.o(.text)
    EXTI2_IRQHandler                         0x080001db   Thumb Code     0  startup_stm32f427xx.o(.text)
    EXTI3_IRQHandler                         0x080001db   Thumb Code     0  startup_stm32f427xx.o(.text)
    EXTI4_IRQHandler                         0x080001db   Thumb Code     0  startup_stm32f427xx.o(.text)
    EXTI9_5_IRQHandler                       0x080001db   Thumb Code     0  startup_stm32f427xx.o(.text)
    FLASH_IRQHandler                         0x080001db   Thumb Code     0  startup_stm32f427xx.o(.text)
    FMC_IRQHandler                           0x080001db   Thumb Code     0  startup_stm32f427xx.o(.text)
    FPU_IRQHandler                           0x080001db   Thumb Code     0  startup_stm32f427xx.o(.text)
    HASH_RNG_IRQHandler                      0x080001db   Thumb Code     0  startup_stm32f427xx.o(.text)
    I2C1_ER_IRQHandler                       0x080001db   Thumb Code     0  startup_stm32f427xx.o(.text)
    I2C1_EV_IRQHandler                       0x080001db   Thumb Code     0  startup_stm32f427xx.o(.text)
    I2C2_ER_IRQHandler                       0x080001db   Thumb Code     0  startup_stm32f427xx.o(.text)
    I2C2_EV_IRQHandler                       0x080001db   Thumb Code     0  startup_stm32f427xx.o(.text)
    I2C3_ER_IRQHandler                       0x080001db   Thumb Code     0  startup_stm32f427xx.o(.text)
    I2C3_EV_IRQHandler                       0x080001db   Thumb Code     0  startup_stm32f427xx.o(.text)
    OTG_FS_IRQHandler                        0x080001db   Thumb Code     0  startup_stm32f427xx.o(.text)
    OTG_FS_WKUP_IRQHandler                   0x080001db   Thumb Code     0  startup_stm32f427xx.o(.text)
    OTG_HS_EP1_IN_IRQHandler                 0x080001db   Thumb Code     0  startup_stm32f427xx.o(.text)
    OTG_HS_EP1_OUT_IRQHandler                0x080001db   Thumb Code     0  startup_stm32f427xx.o(.text)
    OTG_HS_IRQHandler                        0x080001db   Thumb Code     0  startup_stm32f427xx.o(.text)
    OTG_HS_WKUP_IRQHandler                   0x080001db   Thumb Code     0  startup_stm32f427xx.o(.text)
    PVD_IRQHandler                           0x080001db   Thumb Code     0  startup_stm32f427xx.o(.text)
    RCC_IRQHandler                           0x080001db   Thumb Code     0  startup_stm32f427xx.o(.text)
    RTC_Alarm_IRQHandler                     0x080001db   Thumb Code     0  startup_stm32f427xx.o(.text)
    RTC_WKUP_IRQHandler                      0x080001db   Thumb Code     0  startup_stm32f427xx.o(.text)
    SAI1_IRQHandler                          0x080001db   Thumb Code     0  startup_stm32f427xx.o(.text)
    SDIO_IRQHandler                          0x080001db   Thumb Code     0  startup_stm32f427xx.o(.text)
    SPI1_IRQHandler                          0x080001db   Thumb Code     0  startup_stm32f427xx.o(.text)
    SPI2_IRQHandler                          0x080001db   Thumb Code     0  startup_stm32f427xx.o(.text)
    SPI3_IRQHandler                          0x080001db   Thumb Code     0  startup_stm32f427xx.o(.text)
    SPI4_IRQHandler                          0x080001db   Thumb Code     0  startup_stm32f427xx.o(.text)
    SPI5_IRQHandler                          0x080001db   Thumb Code     0  startup_stm32f427xx.o(.text)
    SPI6_IRQHandler                          0x080001db   Thumb Code     0  startup_stm32f427xx.o(.text)
    TAMP_STAMP_IRQHandler                    0x080001db   Thumb Code     0  startup_stm32f427xx.o(.text)
    TIM1_BRK_TIM9_IRQHandler                 0x080001db   Thumb Code     0  startup_stm32f427xx.o(.text)
    TIM1_CC_IRQHandler                       0x080001db   Thumb Code     0  startup_stm32f427xx.o(.text)
    TIM1_TRG_COM_TIM11_IRQHandler            0x080001db   Thumb Code     0  startup_stm32f427xx.o(.text)
    TIM1_UP_TIM10_IRQHandler                 0x080001db   Thumb Code     0  startup_stm32f427xx.o(.text)
    TIM4_IRQHandler                          0x080001db   Thumb Code     0  startup_stm32f427xx.o(.text)
    TIM5_IRQHandler                          0x080001db   Thumb Code     0  startup_stm32f427xx.o(.text)
    TIM6_DAC_IRQHandler                      0x080001db   Thumb Code     0  startup_stm32f427xx.o(.text)
    TIM7_IRQHandler                          0x080001db   Thumb Code     0  startup_stm32f427xx.o(.text)
    TIM8_BRK_TIM12_IRQHandler                0x080001db   Thumb Code     0  startup_stm32f427xx.o(.text)
    TIM8_CC_IRQHandler                       0x080001db   Thumb Code     0  startup_stm32f427xx.o(.text)
    TIM8_TRG_COM_TIM14_IRQHandler            0x080001db   Thumb Code     0  startup_stm32f427xx.o(.text)
    TIM8_UP_TIM13_IRQHandler                 0x080001db   Thumb Code     0  startup_stm32f427xx.o(.text)
    UART4_IRQHandler                         0x080001db   Thumb Code     0  startup_stm32f427xx.o(.text)
    UART5_IRQHandler                         0x080001db   Thumb Code     0  startup_stm32f427xx.o(.text)
    USART2_IRQHandler                        0x080001db   Thumb Code     0  startup_stm32f427xx.o(.text)
    USART3_IRQHandler                        0x080001db   Thumb Code     0  startup_stm32f427xx.o(.text)
    WWDG_IRQHandler                          0x080001db   Thumb Code     0  startup_stm32f427xx.o(.text)
    __aeabi_memcpy                           0x080001e5   Thumb Code    36  memcpya.o(.text)
    __aeabi_memcpy4                          0x080001e5   Thumb Code     0  memcpya.o(.text)
    __aeabi_memcpy8                          0x080001e5   Thumb Code     0  memcpya.o(.text)
    __aeabi_memset                           0x08000209   Thumb Code    14  memseta.o(.text)
    __aeabi_memset4                          0x08000209   Thumb Code     0  memseta.o(.text)
    __aeabi_memset8                          0x08000209   Thumb Code     0  memseta.o(.text)
    __aeabi_memclr                           0x08000217   Thumb Code     4  memseta.o(.text)
    __aeabi_memclr4                          0x08000217   Thumb Code     0  memseta.o(.text)
    __aeabi_memclr8                          0x08000217   Thumb Code     0  memseta.o(.text)
    _memset$wrapper                          0x0800021b   Thumb Code    18  memseta.o(.text)
    __aeabi_f2d                              0x0800022d   Thumb Code    38  f2d.o(.text)
    __aeabi_cdcmpeq                          0x08000255   Thumb Code     0  cdcmple.o(.text)
    __aeabi_cdcmple                          0x08000255   Thumb Code    48  cdcmple.o(.text)
    __I$use$fp                               0x08000285   Thumb Code     0  iusefp.o(.text)
    __scatterload                            0x08000285   Thumb Code    28  init.o(.text)
    __scatterload_rt2                        0x08000285   Thumb Code     0  init.o(.text)
    __decompress                             0x080002a9   Thumb Code     0  __dczerorl2.o(.text)
    __decompress1                            0x080002a9   Thumb Code    86  __dczerorl2.o(.text)
    BLMotor_Decode                           0x08000301   Thumb Code   112  receive.o(i.BLMotor_Decode)
    BLoad_Vel_PID                            0x0800037d   Thumb Code   170  shoot_control.o(i.BLoad_Vel_PID)
    Board_I_Data_Receive_Start               0x08000429   Thumb Code    14  receive.o(i.Board_I_Data_Receive_Start)
    Board_I_Decode                           0x0800043d   Thumb Code   112  board_i_tx.o(i.Board_I_Decode)
    Board_I_Receive                          0x080004b5   Thumb Code    98  receive.o(i.Board_I_Receive)
    Bullet_Load_Control                      0x0800052d   Thumb Code   288  shoot_control.o(i.Bullet_Load_Control)
    Bullet_Stuck_check                       0x0800067d   Thumb Code   114  shoot_control.o(i.Bullet_Stuck_check)
    BusFault_Handler                         0x08000705   Thumb Code     2  stm32f4xx_it.o(i.BusFault_Handler)
    CAN1_RX0_IRQHandler                      0x08000709   Thumb Code    26  stm32f4xx_it.o(i.CAN1_RX0_IRQHandler)
    CAN2_RX0_IRQHandler                      0x08000729   Thumb Code     6  stm32f4xx_it.o(i.CAN2_RX0_IRQHandler)
    CAN_Receive_Msg                          0x08000861   Thumb Code    38  receive.o(i.CAN_Receive_Msg)
    CAN_Send_Msg                             0x08000895   Thumb Code   142  transmit.o(i.CAN_Send_Msg)
    Can1_Filter_Init                         0x08000995   Thumb Code    50  can_filter.o(i.Can1_Filter_Init)
    Can2_Filter_Init                         0x080009d1   Thumb Code    50  can_filter.o(i.Can2_Filter_Init)
    DMA1_Stream1_IRQHandler                  0x08000a0d   Thumb Code     6  stm32f4xx_it.o(i.DMA1_Stream1_IRQHandler)
    DMA1_Stream3_IRQHandler                  0x08000a19   Thumb Code     6  stm32f4xx_it.o(i.DMA1_Stream3_IRQHandler)
    DMA1_Stream4_IRQHandler                  0x08000a25   Thumb Code     6  stm32f4xx_it.o(i.DMA1_Stream4_IRQHandler)
    DMA1_Stream6_IRQHandler                  0x08000a31   Thumb Code     6  stm32f4xx_it.o(i.DMA1_Stream6_IRQHandler)
    DMA2_Stream1_IRQHandler                  0x08000a3d   Thumb Code     6  stm32f4xx_it.o(i.DMA2_Stream1_IRQHandler)
    DMA2_Stream2_IRQHandler                  0x08000a49   Thumb Code     6  stm32f4xx_it.o(i.DMA2_Stream2_IRQHandler)
    DebugMon_Handler                         0x08000af9   Thumb Code     2  stm32f4xx_it.o(i.DebugMon_Handler)
    EXTI15_10_IRQHandler                     0x08000afb   Thumb Code     8  stm32f4xx_it.o(i.EXTI15_10_IRQHandler)
    Error_Handler                            0x08000b03   Thumb Code     2  main.o(i.Error_Handler)
    Forecast_Filter                          0x08000b05   Thumb Code    28  gimbal_control.o(i.Forecast_Filter)
    GMotor_Decode                            0x08000b25   Thumb Code   116  receive.o(i.GMotor_Decode)
    GMotor_PosPID                            0x08000ba5   Thumb Code   170  gimbal_control.o(i.GMotor_PosPID)
    GMotor_VelPID                            0x08000c4f   Thumb Code   170  gimbal_control.o(i.GMotor_VelPID)
    Get_CRC16_Check_Sum                      0x08000cf9   Thumb Code    38  crc.o(i.Get_CRC16_Check_Sum)
    Gimbal_Control                           0x08000d25   Thumb Code   302  gimbal_control.o(i.Gimbal_Control)
    Gimbal_Ref_Limit                         0x08000e75   Thumb Code    76  gimbal_control.o(i.Gimbal_Ref_Limit)
    Gimbal_Ref_set                           0x08000ed5   Thumb Code   176  gimbal_control.o(i.Gimbal_Ref_set)
    Gimbal_TraceForecast                     0x08000fad   Thumb Code   526  gimbal_control.o(i.Gimbal_TraceForecast)
    HAL_CAN_ConfigFilter                     0x080011f1   Thumb Code   218  stm32f4xx_hal_can.o(i.HAL_CAN_ConfigFilter)
    HAL_CAN_ErrorCallback                    0x080012d5   Thumb Code     2  stm32f4xx_hal_can.o(i.HAL_CAN_ErrorCallback)
    HAL_CAN_IRQHandler                       0x080012d9   Thumb Code   370  stm32f4xx_hal_can.o(i.HAL_CAN_IRQHandler)
    HAL_CAN_Init                             0x08001459   Thumb Code   324  stm32f4xx_hal_can.o(i.HAL_CAN_Init)
    HAL_CAN_MspInit                          0x0800159d   Thumb Code   224  can.o(i.HAL_CAN_MspInit)
    HAL_CAN_Receive_IT                       0x08001695   Thumb Code   132  stm32f4xx_hal_can.o(i.HAL_CAN_Receive_IT)
    HAL_CAN_RxCpltCallback                   0x08001719   Thumb Code     2  stm32f4xx_hal_can.o(i.HAL_CAN_RxCpltCallback)
    HAL_CAN_Transmit                         0x0800171d   Thumb Code   370  stm32f4xx_hal_can.o(i.HAL_CAN_Transmit)
    HAL_CAN_TxCpltCallback                   0x0800189d   Thumb Code     2  stm32f4xx_hal_can.o(i.HAL_CAN_TxCpltCallback)
    HAL_DMA_Abort                            0x0800189f   Thumb Code   142  stm32f4xx_hal_dma.o(i.HAL_DMA_Abort)
    HAL_DMA_Abort_IT                         0x0800192d   Thumb Code    36  stm32f4xx_hal_dma.o(i.HAL_DMA_Abort_IT)
    HAL_DMA_IRQHandler                       0x08001951   Thumb Code   416  stm32f4xx_hal_dma.o(i.HAL_DMA_IRQHandler)
    HAL_DMA_Init                             0x08001af9   Thumb Code   202  stm32f4xx_hal_dma.o(i.HAL_DMA_Init)
    HAL_DMA_Start_IT                         0x08001bc9   Thumb Code   120  stm32f4xx_hal_dma.o(i.HAL_DMA_Start_IT)
    HAL_Delay                                0x08001c41   Thumb Code    22  stm32f4xx_hal.o(i.HAL_Delay)
    HAL_GPIO_EXTI_Callback                   0x08001c57   Thumb Code     2  stm32f4xx_hal_gpio.o(i.HAL_GPIO_EXTI_Callback)
    HAL_GPIO_EXTI_IRQHandler                 0x08001c59   Thumb Code    18  stm32f4xx_hal_gpio.o(i.HAL_GPIO_EXTI_IRQHandler)
    HAL_GPIO_Init                            0x08001c71   Thumb Code   422  stm32f4xx_hal_gpio.o(i.HAL_GPIO_Init)
    HAL_GPIO_WritePin                        0x08001e4d   Thumb Code    10  stm32f4xx_hal_gpio.o(i.HAL_GPIO_WritePin)
    HAL_GetTick                              0x08001e59   Thumb Code     6  stm32f4xx_hal.o(i.HAL_GetTick)
    HAL_IncTick                              0x08001e65   Thumb Code    10  stm32f4xx_hal.o(i.HAL_IncTick)
    HAL_Init                                 0x08001e75   Thumb Code    48  stm32f4xx_hal.o(i.HAL_Init)
    HAL_InitTick                             0x08001ea9   Thumb Code    34  stm32f4xx_hal.o(i.HAL_InitTick)
    HAL_MspInit                              0x08001ed1   Thumb Code    48  stm32f4xx_hal_msp.o(i.HAL_MspInit)
    HAL_MultiProcessor_Init                  0x08001f05   Thumb Code   142  stm32f4xx_hal_uart.o(i.HAL_MultiProcessor_Init)
    HAL_NVIC_EnableIRQ                       0x08001f93   Thumb Code    22  stm32f4xx_hal_cortex.o(i.HAL_NVIC_EnableIRQ)
    HAL_NVIC_SetPriority                     0x08001fa9   Thumb Code    60  stm32f4xx_hal_cortex.o(i.HAL_NVIC_SetPriority)
    HAL_NVIC_SetPriorityGrouping             0x08001fe9   Thumb Code    26  stm32f4xx_hal_cortex.o(i.HAL_NVIC_SetPriorityGrouping)
    HAL_RCC_ClockConfig                      0x0800200d   Thumb Code   356  stm32f4xx_hal_rcc.o(i.HAL_RCC_ClockConfig)
    HAL_RCC_GetPCLK1Freq                     0x08002181   Thumb Code    34  stm32f4xx_hal_rcc.o(i.HAL_RCC_GetPCLK1Freq)
    HAL_RCC_GetPCLK2Freq                     0x080021b1   Thumb Code    34  stm32f4xx_hal_rcc.o(i.HAL_RCC_GetPCLK2Freq)
    HAL_RCC_GetSysClockFreq                  0x080021e1   Thumb Code   104  stm32f4xx_hal_rcc.o(i.HAL_RCC_GetSysClockFreq)
    HAL_RCC_OscConfig                        0x08002255   Thumb Code   706  stm32f4xx_hal_rcc.o(i.HAL_RCC_OscConfig)
    HAL_SYSTICK_Config                       0x0800252d   Thumb Code    40  stm32f4xx_hal_cortex.o(i.HAL_SYSTICK_Config)
    HAL_TIMEx_BreakCallback                  0x08002555   Thumb Code     2  stm32f4xx_hal_tim_ex.o(i.HAL_TIMEx_BreakCallback)
    HAL_TIMEx_CommutationCallback            0x08002557   Thumb Code     2  stm32f4xx_hal_tim_ex.o(i.HAL_TIMEx_CommutationCallback)
    HAL_TIMEx_ConfigBreakDeadTime            0x08002559   Thumb Code    66  stm32f4xx_hal_tim_ex.o(i.HAL_TIMEx_ConfigBreakDeadTime)
    HAL_TIMEx_MasterConfigSynchronization    0x0800259b   Thumb Code    80  stm32f4xx_hal_tim_ex.o(i.HAL_TIMEx_MasterConfigSynchronization)
    HAL_TIM_Base_Init                        0x080025eb   Thumb Code    54  stm32f4xx_hal_tim.o(i.HAL_TIM_Base_Init)
    HAL_TIM_Base_MspInit                     0x08002621   Thumb Code   136  tim.o(i.HAL_TIM_Base_MspInit)
    HAL_TIM_Base_Start_IT                    0x080026b9   Thumb Code    24  stm32f4xx_hal_tim.o(i.HAL_TIM_Base_Start_IT)
    HAL_TIM_ConfigClockSource                0x080026d1   Thumb Code   240  stm32f4xx_hal_tim.o(i.HAL_TIM_ConfigClockSource)
    HAL_TIM_IC_CaptureCallback               0x080027c1   Thumb Code     2  stm32f4xx_hal_tim.o(i.HAL_TIM_IC_CaptureCallback)
    HAL_TIM_IRQHandler                       0x080027c3   Thumb Code   358  stm32f4xx_hal_tim.o(i.HAL_TIM_IRQHandler)
    HAL_TIM_MspPostInit                      0x08002929   Thumb Code   182  tim.o(i.HAL_TIM_MspPostInit)
    HAL_TIM_OC_DelayElapsedCallback          0x080029fd   Thumb Code     2  stm32f4xx_hal_tim.o(i.HAL_TIM_OC_DelayElapsedCallback)
    HAL_TIM_PWM_ConfigChannel                0x080029ff   Thumb Code   208  stm32f4xx_hal_tim.o(i.HAL_TIM_PWM_ConfigChannel)
    HAL_TIM_PWM_Init                         0x08002acf   Thumb Code    54  stm32f4xx_hal_tim.o(i.HAL_TIM_PWM_Init)
    HAL_TIM_PWM_MspInit                      0x08002b05   Thumb Code     2  stm32f4xx_hal_tim.o(i.HAL_TIM_PWM_MspInit)
    HAL_TIM_PWM_PulseFinishedCallback        0x08002b07   Thumb Code     2  stm32f4xx_hal_tim.o(i.HAL_TIM_PWM_PulseFinishedCallback)
    HAL_TIM_PWM_Start                        0x08002b09   Thumb Code    48  stm32f4xx_hal_tim.o(i.HAL_TIM_PWM_Start)
    HAL_TIM_PeriodElapsedCallback            0x08002b41   Thumb Code     2  stm32f4xx_hal_tim.o(i.HAL_TIM_PeriodElapsedCallback)
    HAL_TIM_TriggerCallback                  0x08002b43   Thumb Code     2  stm32f4xx_hal_tim.o(i.HAL_TIM_TriggerCallback)
    HAL_UART_DMAStop                         0x08002b45   Thumb Code    88  stm32f4xx_hal_uart.o(i.HAL_UART_DMAStop)
    HAL_UART_ErrorCallback                   0x08002b9d   Thumb Code     2  stm32f4xx_hal_uart.o(i.HAL_UART_ErrorCallback)
    HAL_UART_IRQHandler                      0x08002ba1   Thumb Code   266  stm32f4xx_hal_uart.o(i.HAL_UART_IRQHandler)
    HAL_UART_MspInit                         0x08002cb1   Thumb Code   712  usart.o(i.HAL_UART_MspInit)
    HAL_UART_Receive_DMA                     0x08002fb1   Thumb Code   128  stm32f4xx_hal_uart.o(i.HAL_UART_Receive_DMA)
    HAL_UART_RxCpltCallback                  0x0800303d   Thumb Code     2  stm32f4xx_hal_uart.o(i.HAL_UART_RxCpltCallback)
    HAL_UART_RxHalfCpltCallback              0x0800303f   Thumb Code     2  stm32f4xx_hal_uart.o(i.HAL_UART_RxHalfCpltCallback)
    HAL_UART_TxCpltCallback                  0x08003041   Thumb Code     2  stm32f4xx_hal_uart.o(i.HAL_UART_TxCpltCallback)
    HI_IMU_Data_Decode                       0x08003045   Thumb Code   444  imu.o(i.HI_IMU_Data_Decode)
    HI_IMU_Data_Receive                      0x08003221   Thumb Code   100  receive.o(i.HI_IMU_Data_Receive)
    HardFault_Handler                        0x08003299   Thumb Code     2  stm32f4xx_it.o(i.HardFault_Handler)
    IMU_Data_Receive_Start                   0x0800329d   Thumb Code    22  receive.o(i.IMU_Data_Receive_Start)
    MX_CAN1_Init                             0x080032bd   Thumb Code    62  can.o(i.MX_CAN1_Init)
    MX_CAN2_Init                             0x08003305   Thumb Code    62  can.o(i.MX_CAN2_Init)
    MX_DMA_Init                              0x0800334d   Thumb Code   136  dma.o(i.MX_DMA_Init)
    MX_GPIO_Init                             0x080033d9   Thumb Code   228  gpio.o(i.MX_GPIO_Init)
    MX_TIM1_Init                             0x080034d1   Thumb Code   210  tim.o(i.MX_TIM1_Init)
    MX_TIM2_Init                             0x080035ad   Thumb Code    94  tim.o(i.MX_TIM2_Init)
    MX_TIM3_Init                             0x08003611   Thumb Code    92  tim.o(i.MX_TIM3_Init)
    MX_TIM5_Init                             0x08003675   Thumb Code   162  tim.o(i.MX_TIM5_Init)
    MX_UART7_Init                            0x08003721   Thumb Code    50  usart.o(i.MX_UART7_Init)
    MX_UART8_Init                            0x0800375d   Thumb Code    50  usart.o(i.MX_UART8_Init)
    MX_USART1_UART_Init                      0x08003799   Thumb Code    52  usart.o(i.MX_USART1_UART_Init)
    MX_USART3_UART_Init                      0x080037d9   Thumb Code    50  usart.o(i.MX_USART3_UART_Init)
    MX_USART6_UART_Init                      0x08003815   Thumb Code    50  usart.o(i.MX_USART6_UART_Init)
    MemManage_Handler                        0x08003851   Thumb Code     2  stm32f4xx_it.o(i.MemManage_Handler)
    Mini_PC_Data_Decode                      0x08003855   Thumb Code    90  board_i_tx.o(i.Mini_PC_Data_Decode)
    Mini_PC_Data_Receive                     0x080038c1   Thumb Code   100  receive.o(i.Mini_PC_Data_Receive)
    Mini_PC_Data_Receive_Start               0x08003939   Thumb Code    22  receive.o(i.Mini_PC_Data_Receive_Start)
    NMI_Handler                              0x08003959   Thumb Code     2  stm32f4xx_it.o(i.NMI_Handler)
    PendSV_Handler                           0x0800397b   Thumb Code     2  stm32f4xx_it.o(i.PendSV_Handler)
    Pitch_Filter                             0x0800397d   Thumb Code    28  board_i_tx.o(i.Pitch_Filter)
    SVC_Handler                              0x0800399d   Thumb Code     2  stm32f4xx_it.o(i.SVC_Handler)
    Shoot_Control                            0x0800399f   Thumb Code    14  shoot_control.o(i.Shoot_Control)
    Shoot_Motor_Control                      0x080039ad   Thumb Code   138  shoot_control.o(i.Shoot_Motor_Control)
    SysTick_Handler                          0x08003a45   Thumb Code     4  stm32f4xx_it.o(i.SysTick_Handler)
    SystemClock_Config                       0x08003a49   Thumb Code   122  main.o(i.SystemClock_Config)
    SystemInit                               0x08003acd   Thumb Code    66  system_stm32f4xx.o(i.SystemInit)
    TIM2_IRQHandler                          0x08003b21   Thumb Code    28  stm32f4xx_it.o(i.TIM2_IRQHandler)
    TIM3_IRQHandler                          0x08003b41   Thumb Code     6  stm32f4xx_it.o(i.TIM3_IRQHandler)
    TIM_Base_SetConfig                       0x08003b4d   Thumb Code   148  stm32f4xx_hal_tim.o(i.TIM_Base_SetConfig)
    TIM_CCxChannelCmd                        0x08003c0d   Thumb Code    22  stm32f4xx_hal_tim.o(i.TIM_CCxChannelCmd)
    TIM_OC2_SetConfig                        0x08003ca1   Thumb Code    90  stm32f4xx_hal_tim.o(i.TIM_OC2_SetConfig)
    UART7_IRQHandler                         0x08003dfb   Thumb Code     4  stm32f4xx_it.o(i.UART7_IRQHandler)
    UART8_IRQHandler                         0x08003dff   Thumb Code     4  stm32f4xx_it.o(i.UART8_IRQHandler)
    USART1_IRQHandler                        0x0800426d   Thumb Code     6  stm32f4xx_it.o(i.USART1_IRQHandler)
    USART6_IRQHandler                        0x08004279   Thumb Code     4  stm32f4xx_it.o(i.USART6_IRQHandler)
    UsageFault_Handler                       0x0800427d   Thumb Code     2  stm32f4xx_it.o(i.UsageFault_Handler)
    __scatterload_copy                       0x0800427f   Thumb Code    14  handlers.o(i.__scatterload_copy)
    __scatterload_null                       0x0800428d   Thumb Code     2  handlers.o(i.__scatterload_null)
    __scatterload_zeroinit                   0x0800428f   Thumb Code    14  handlers.o(i.__scatterload_zeroinit)
    main                                     0x0800429d   Thumb Code   140  main.o(i.main)
    wYaw_Filter                              0x08004339   Thumb Code    28  gimbal_control.o(i.wYaw_Filter)
    APBAHBPrescTable                         0x08004358   Data          16  stm32f4xx_hal_rcc.o(.constdata)
    CRC8_TAB                                 0x08004370   Data         256  crc.o(.constdata)
    CRC16_Table                              0x08004470   Data         512  crc.o(.constdata)
    Region$$Table$$Base                      0x08004670   Number         0  anon$$obj.o(Region$$Table)
    Region$$Table$$Limit                     0x08004690   Number         0  anon$$obj.o(Region$$Table)
    uwTick                                   0x20000004   Data           4  stm32f4xx_hal.o(.data)
    SystemCoreClock                          0x20000008   Data           4  system_stm32f4xx.o(.data)
    Aim_State                                0x2000000c   Data           1  board_i_tx.o(.data)
    Last_Aim_State_17mm                      0x2000000d   Data           1  board_i_tx.o(.data)
    Shoot_Enable                             0x2000000e   Data           1  board_i_tx.o(.data)
    CRC16_temp                               0x20000010   Data           2  board_i_tx.o(.data)
    i                                        0x20000018   Data           4  board_i_tx.o(.data)
    Gimbal_42mm                              0x2000001c   Data           8  board_i_tx.o(.data)
    IMU_State                                0x20000024   Data           1  imu.o(.data)
    HI_CRCreceive                            0x20000026   Data           2  imu.o(.data)
    HI_Data_Len                              0x20000028   Data           2  imu.o(.data)
    HI_LEN                                   0x2000002a   Data           2  imu.o(.data)
    imutrans16                               0x2000002c   Data           2  imu.o(.data)
    Yaw_IMU_OFFSET                           0x20000030   Data           4  imu.o(.data)
    last_IMU_z                               0x20000034   Data           4  imu.o(.data)
    IMU_round                                0x20000038   Data           4  imu.o(.data)
    IMU_acc                                  0x2000003c   Data           4  imu.o(.data)
    imu_flag                                 0x20000040   Data           4  imu.o(.data)
    Aim_Mode                                 0x20000044   Data           1  gimbal_control.o(.data)
    switch_flag                              0x20000045   Data           1  gimbal_control.o(.data)
    error1                                   0x20000050   Data           4  gimbal_control.o(.data)
    Filter_Yaw                               0x20000054   Data           4  gimbal_control.o(.data)
    Yaw_angle                                0x20000058   Data           4  gimbal_control.o(.data)
    Pitch_angle                              0x2000005c   Data           4  gimbal_control.o(.data)
    Gimbal_Ref                               0x20000060   Data           8  gimbal_control.o(.data)
    Yaw_Follow_Pos_PID                       0x20000068   Data          20  gimbal_control.o(.data)
    Yaw_Follow_Vel_PID                       0x2000007c   Data          20  gimbal_control.o(.data)
    Pitch_Follow_Pos_PID                     0x20000090   Data          20  gimbal_control.o(.data)
    Pitch_Follow_Vel_PID                     0x200000a4   Data          20  gimbal_control.o(.data)
    Yaw_Auto_Pos_PID                         0x200000b8   Data          20  gimbal_control.o(.data)
    Yaw_Auto_Vel_PID                         0x200000cc   Data          20  gimbal_control.o(.data)
    Pitch_Auto_Pos_PID                       0x200000e0   Data          20  gimbal_control.o(.data)
    Pitch_Auto_Vel_PID                       0x200000f4   Data          20  gimbal_control.o(.data)
    Shoot_Mode                               0x20000108   Data           1  shoot_control.o(.data)
    Heat_State                               0x20000109   Data           1  shoot_control.o(.data)
    Shoot_Motor_State                        0x2000010a   Data           1  shoot_control.o(.data)
    Stuck_State                              0x2000010b   Data           1  shoot_control.o(.data)
    LSM_Speed                                0x2000010c   Data           4  shoot_control.o(.data)
    RSM_Speed                                0x20000110   Data           4  shoot_control.o(.data)
    Fre_17mm                                 0x20000114   Data           4  shoot_control.o(.data)
    Fre_17mm_check                           0x20000118   Data           4  shoot_control.o(.data)
    Load_Speed_17mm                          0x2000011c   Data           4  shoot_control.o(.data)
    Shoot_Speed                              0x20000120   Data           4  shoot_control.o(.data)
    Stuck_Flag                               0x20000124   Data           4  shoot_control.o(.data)
    Bullet_Load_PID                          0x20000128   Data          20  shoot_control.o(.data)
    hcan1                                    0x2000013c   Data          64  can.o(.bss)
    hcan2                                    0x2000017c   Data          64  can.o(.bss)
    htim1                                    0x200001bc   Data          60  tim.o(.bss)
    htim2                                    0x200001f8   Data          60  tim.o(.bss)
    htim3                                    0x20000234   Data          60  tim.o(.bss)
    htim5                                    0x20000270   Data          60  tim.o(.bss)
    UART7_DMA_RX_BUF                         0x200002ac   Data          31  usart.o(.bss)
    UART8_DMA_RX_BUF                         0x200002cb   Data          40  usart.o(.bss)
    huart7                                   0x200002f4   Data          64  usart.o(.bss)
    huart8                                   0x20000334   Data          64  usart.o(.bss)
    huart1                                   0x20000374   Data          64  usart.o(.bss)
    huart3                                   0x200003b4   Data          64  usart.o(.bss)
    huart6                                   0x200003f4   Data          64  usart.o(.bss)
    hdma_uart7_rx                            0x20000434   Data          96  usart.o(.bss)
    hdma_uart8_rx                            0x20000494   Data          96  usart.o(.bss)
    hdma_usart1_rx                           0x200004f4   Data          96  usart.o(.bss)
    hdma_usart3_rx                           0x20000554   Data          96  usart.o(.bss)
    hdma_usart3_tx                           0x200005b4   Data          96  usart.o(.bss)
    hdma_usart6_rx                           0x20000614   Data          96  usart.o(.bss)
    CAN1_TxMessage                           0x20000674   Data          28  can_filter.o(.bss)
    CAN1_RxMessage                           0x20000690   Data          36  can_filter.o(.bss)
    CAN2_TxMessage                           0x200006b4   Data          28  can_filter.o(.bss)
    CAN2_RxMessage                           0x200006d0   Data          36  can_filter.o(.bss)
    Board_I_Data                             0x200006f4   Data          26  board_i_tx.o(.bss)
    Board_CRC_check                          0x2000070e   Data          24  board_i_tx.o(.bss)
    MiniPC_17mm                              0x20000726   Data          12  board_i_tx.o(.bss)
    Board_I_Data_Temp                        0x20000732   Data          60  board_i_tx.o(.bss)
    hi_imu_angvel                            0x20000770   Data          12  imu.o(.bss)
    hi_imu_ang                               0x2000077c   Data          12  imu.o(.bss)
    GMotor_Pitch                             0x20000788   Data         120  gimbal_control.o(.bss)
    GMotor_Yaw                               0x20000800   Data         120  gimbal_control.o(.bss)
    GimbalFilter                             0x20000878   Data         356  gimbal_control.o(.bss)
    BLMotor                                  0x200009dc   Data         120  shoot_control.o(.bss)
    __initial_sp                             0x20000e58   Data           0  startup_stm32f427xx.o(STACK)



==============================================================================

Memory Map of the image

  Image Entry point : 0x080001ad

  Load Region LR_IROM1 (Base: 0x08000000, Size: 0x000047cc, Max: 0x00200000, ABSOLUTE, COMPRESSED[0x00004704])

    Execution Region ER_IROM1 (Exec base: 0x08000000, Load base: 0x08000000, Size: 0x00004690, Max: 0x00200000, ABSOLUTE)

    Exec Addr    Load Addr    Size         Type   Attr      Idx    E Section Name        Object

    0x08000000   0x08000000   0x000001ac   Data   RO         2968    RESET               startup_stm32f427xx.o
    0x080001ac   0x080001ac   0x00000000   Code   RO         3437  * .ARM.Collect$$$$00000000  mc_w.l(entry.o)
    0x080001ac   0x080001ac   0x00000004   Code   RO         3450    .ARM.Collect$$$$00000001  mc_w.l(entry2.o)
    0x080001b0   0x080001b0   0x00000004   Code   RO         3453    .ARM.Collect$$$$00000004  mc_w.l(entry5.o)
    0x080001b4   0x080001b4   0x00000000   Code   RO         3455    .ARM.Collect$$$$00000008  mc_w.l(entry7b.o)
    0x080001b4   0x080001b4   0x00000000   Code   RO         3457    .ARM.Collect$$$$0000000A  mc_w.l(entry8b.o)
    0x080001b4   0x080001b4   0x00000008   Code   RO         3458    .ARM.Collect$$$$0000000B  mc_w.l(entry9a.o)
    0x080001bc   0x080001bc   0x00000000   Code   RO         3460    .ARM.Collect$$$$0000000D  mc_w.l(entry10a.o)
    0x080001bc   0x080001bc   0x00000000   Code   RO         3462    .ARM.Collect$$$$0000000F  mc_w.l(entry11a.o)
    0x080001bc   0x080001bc   0x00000004   Code   RO         3451    .ARM.Collect$$$$00002712  mc_w.l(entry2.o)
    0x080001c0   0x080001c0   0x00000024   Code   RO         2969    .text               startup_stm32f427xx.o
    0x080001e4   0x080001e4   0x00000024   Code   RO         3440    .text               mc_w.l(memcpya.o)
    0x08000208   0x08000208   0x00000024   Code   RO         3442    .text               mc_w.l(memseta.o)
    0x0800022c   0x0800022c   0x00000026   Code   RO         3446    .text               mf_w.l(f2d.o)
    0x08000252   0x08000252   0x00000002   PAD
    0x08000254   0x08000254   0x00000030   Code   RO         3448    .text               mf_w.l(cdcmple.o)
    0x08000284   0x08000284   0x00000000   Code   RO         3464    .text               mc_w.l(iusefp.o)
    0x08000284   0x08000284   0x00000024   Code   RO         3465    .text               mc_w.l(init.o)
    0x080002a8   0x080002a8   0x00000056   Code   RO         3475    .text               mc_w.l(__dczerorl2.o)
    0x080002fe   0x080002fe   0x00000002   PAD
    0x08000300   0x08000300   0x0000007c   Code   RO         3039    i.BLMotor_Decode    receive.o
    0x0800037c   0x0800037c   0x000000aa   Code   RO         3375    i.BLoad_Vel_PID     shoot_control.o
    0x08000426   0x08000426   0x00000002   PAD
    0x08000428   0x08000428   0x00000014   Code   RO         3040    i.Board_I_Data_Receive_Start  receive.o
    0x0800043c   0x0800043c   0x00000078   Code   RO         3199    i.Board_I_Decode    board_i_tx.o
    0x080004b4   0x080004b4   0x00000078   Code   RO         3041    i.Board_I_Receive   receive.o
    0x0800052c   0x0800052c   0x00000150   Code   RO         3376    i.Bullet_Load_Control  shoot_control.o
    0x0800067c   0x0800067c   0x00000088   Code   RO         3377    i.Bullet_Stuck_check  shoot_control.o
    0x08000704   0x08000704   0x00000002   Code   RO          397    i.BusFault_Handler  stm32f4xx_it.o
    0x08000706   0x08000706   0x00000002   PAD
    0x08000708   0x08000708   0x00000020   Code   RO          398    i.CAN1_RX0_IRQHandler  stm32f4xx_it.o
    0x08000728   0x08000728   0x0000000c   Code   RO          399    i.CAN2_RX0_IRQHandler  stm32f4xx_it.o
    0x08000734   0x08000734   0x0000012a   Code   RO          598    i.CAN_Receive_IT    stm32f4xx_hal_can.o
    0x0800085e   0x0800085e   0x00000002   PAD
    0x08000860   0x08000860   0x00000034   Code   RO         3042    i.CAN_Receive_Msg   receive.o
    0x08000894   0x08000894   0x000000a0   Code   RO         3012    i.CAN_Send_Msg      transmit.o
    0x08000934   0x08000934   0x00000060   Code   RO          599    i.CAN_Transmit_IT   stm32f4xx_hal_can.o
    0x08000994   0x08000994   0x0000003c   Code   RO         2976    i.Can1_Filter_Init  can_filter.o
    0x080009d0   0x080009d0   0x0000003c   Code   RO         2977    i.Can2_Filter_Init  can_filter.o
    0x08000a0c   0x08000a0c   0x0000000c   Code   RO          400    i.DMA1_Stream1_IRQHandler  stm32f4xx_it.o
    0x08000a18   0x08000a18   0x0000000c   Code   RO          401    i.DMA1_Stream3_IRQHandler  stm32f4xx_it.o
    0x08000a24   0x08000a24   0x0000000c   Code   RO          402    i.DMA1_Stream4_IRQHandler  stm32f4xx_it.o
    0x08000a30   0x08000a30   0x0000000c   Code   RO          403    i.DMA1_Stream6_IRQHandler  stm32f4xx_it.o
    0x08000a3c   0x08000a3c   0x0000000c   Code   RO          404    i.DMA2_Stream1_IRQHandler  stm32f4xx_it.o
    0x08000a48   0x08000a48   0x0000000c   Code   RO          405    i.DMA2_Stream2_IRQHandler  stm32f4xx_it.o
    0x08000a54   0x08000a54   0x00000028   Code   RO         2352    i.DMA_CalcBaseAndBitshift  stm32f4xx_hal_dma.o
    0x08000a7c   0x08000a7c   0x00000054   Code   RO         2353    i.DMA_CheckFifoParam  stm32f4xx_hal_dma.o
    0x08000ad0   0x08000ad0   0x00000028   Code   RO         2354    i.DMA_SetConfig     stm32f4xx_hal_dma.o
    0x08000af8   0x08000af8   0x00000002   Code   RO          406    i.DebugMon_Handler  stm32f4xx_it.o
    0x08000afa   0x08000afa   0x00000008   Code   RO          407    i.EXTI15_10_IRQHandler  stm32f4xx_it.o
    0x08000b02   0x08000b02   0x00000002   Code   RO            4    i.Error_Handler     main.o
    0x08000b04   0x08000b04   0x00000020   Code   RO         3290    i.Forecast_Filter   gimbal_control.o
    0x08000b24   0x08000b24   0x00000080   Code   RO         3043    i.GMotor_Decode     receive.o
    0x08000ba4   0x08000ba4   0x000000aa   Code   RO         3291    i.GMotor_PosPID     gimbal_control.o
    0x08000c4e   0x08000c4e   0x000000aa   Code   RO         3292    i.GMotor_VelPID     gimbal_control.o
    0x08000cf8   0x08000cf8   0x0000002c   Code   RO         3139    i.Get_CRC16_Check_Sum  crc.o
    0x08000d24   0x08000d24   0x00000150   Code   RO         3293    i.Gimbal_Control    gimbal_control.o
    0x08000e74   0x08000e74   0x00000060   Code   RO         3294    i.Gimbal_Ref_Limit  gimbal_control.o
    0x08000ed4   0x08000ed4   0x000000d8   Code   RO         3295    i.Gimbal_Ref_set    gimbal_control.o
    0x08000fac   0x08000fac   0x00000244   Code   RO         3296    i.Gimbal_TraceForecast  gimbal_control.o
    0x080011f0   0x080011f0   0x000000e4   Code   RO          600    i.HAL_CAN_ConfigFilter  stm32f4xx_hal_can.o
    0x080012d4   0x080012d4   0x00000002   Code   RO          602    i.HAL_CAN_ErrorCallback  stm32f4xx_hal_can.o
    0x080012d6   0x080012d6   0x00000002   PAD
    0x080012d8   0x080012d8   0x00000180   Code   RO          605    i.HAL_CAN_IRQHandler  stm32f4xx_hal_can.o
    0x08001458   0x08001458   0x00000144   Code   RO          606    i.HAL_CAN_Init      stm32f4xx_hal_can.o
    0x0800159c   0x0800159c   0x000000f8   Code   RO          191    i.HAL_CAN_MspInit   can.o
    0x08001694   0x08001694   0x00000084   Code   RO          610    i.HAL_CAN_Receive_IT  stm32f4xx_hal_can.o
    0x08001718   0x08001718   0x00000002   Code   RO          611    i.HAL_CAN_RxCpltCallback  stm32f4xx_hal_can.o
    0x0800171a   0x0800171a   0x00000002   PAD
    0x0800171c   0x0800171c   0x00000180   Code   RO          613    i.HAL_CAN_Transmit  stm32f4xx_hal_can.o
    0x0800189c   0x0800189c   0x00000002   Code   RO          615    i.HAL_CAN_TxCpltCallback  stm32f4xx_hal_can.o
    0x0800189e   0x0800189e   0x0000008e   Code   RO         2355    i.HAL_DMA_Abort     stm32f4xx_hal_dma.o
    0x0800192c   0x0800192c   0x00000024   Code   RO         2356    i.HAL_DMA_Abort_IT  stm32f4xx_hal_dma.o
    0x08001950   0x08001950   0x000001a8   Code   RO         2360    i.HAL_DMA_IRQHandler  stm32f4xx_hal_dma.o
    0x08001af8   0x08001af8   0x000000d0   Code   RO         2361    i.HAL_DMA_Init      stm32f4xx_hal_dma.o
    0x08001bc8   0x08001bc8   0x00000078   Code   RO         2365    i.HAL_DMA_Start_IT  stm32f4xx_hal_dma.o
    0x08001c40   0x08001c40   0x00000016   Code   RO         2780    i.HAL_Delay         stm32f4xx_hal.o
    0x08001c56   0x08001c56   0x00000002   Code   RO         2246    i.HAL_GPIO_EXTI_Callback  stm32f4xx_hal_gpio.o
    0x08001c58   0x08001c58   0x00000018   Code   RO         2247    i.HAL_GPIO_EXTI_IRQHandler  stm32f4xx_hal_gpio.o
    0x08001c70   0x08001c70   0x000001dc   Code   RO         2248    i.HAL_GPIO_Init     stm32f4xx_hal_gpio.o
    0x08001e4c   0x08001e4c   0x0000000a   Code   RO         2252    i.HAL_GPIO_WritePin  stm32f4xx_hal_gpio.o
    0x08001e56   0x08001e56   0x00000002   PAD
    0x08001e58   0x08001e58   0x0000000c   Code   RO         2788    i.HAL_GetTick       stm32f4xx_hal.o
    0x08001e64   0x08001e64   0x00000010   Code   RO         2789    i.HAL_IncTick       stm32f4xx_hal.o
    0x08001e74   0x08001e74   0x00000034   Code   RO         2790    i.HAL_Init          stm32f4xx_hal.o
    0x08001ea8   0x08001ea8   0x00000028   Code   RO         2791    i.HAL_InitTick      stm32f4xx_hal.o
    0x08001ed0   0x08001ed0   0x00000034   Code   RO          574    i.HAL_MspInit       stm32f4xx_hal_msp.o
    0x08001f04   0x08001f04   0x0000008e   Code   RO         1623    i.HAL_MultiProcessor_Init  stm32f4xx_hal_uart.o
    0x08001f92   0x08001f92   0x00000016   Code   RO         2653    i.HAL_NVIC_EnableIRQ  stm32f4xx_hal_cortex.o
    0x08001fa8   0x08001fa8   0x00000040   Code   RO         2659    i.HAL_NVIC_SetPriority  stm32f4xx_hal_cortex.o
    0x08001fe8   0x08001fe8   0x00000024   Code   RO         2660    i.HAL_NVIC_SetPriorityGrouping  stm32f4xx_hal_cortex.o
    0x0800200c   0x0800200c   0x00000174   Code   RO         1869    i.HAL_RCC_ClockConfig  stm32f4xx_hal_rcc.o
    0x08002180   0x08002180   0x00000030   Code   RO         1876    i.HAL_RCC_GetPCLK1Freq  stm32f4xx_hal_rcc.o
    0x080021b0   0x080021b0   0x00000030   Code   RO         1877    i.HAL_RCC_GetPCLK2Freq  stm32f4xx_hal_rcc.o
    0x080021e0   0x080021e0   0x00000074   Code   RO         1878    i.HAL_RCC_GetSysClockFreq  stm32f4xx_hal_rcc.o
    0x08002254   0x08002254   0x000002d8   Code   RO         1881    i.HAL_RCC_OscConfig  stm32f4xx_hal_rcc.o
    0x0800252c   0x0800252c   0x00000028   Code   RO         2664    i.HAL_SYSTICK_Config  stm32f4xx_hal_cortex.o
    0x08002554   0x08002554   0x00000002   Code   RO         1377    i.HAL_TIMEx_BreakCallback  stm32f4xx_hal_tim_ex.o
    0x08002556   0x08002556   0x00000002   Code   RO         1378    i.HAL_TIMEx_CommutationCallback  stm32f4xx_hal_tim_ex.o
    0x08002558   0x08002558   0x00000042   Code   RO         1379    i.HAL_TIMEx_ConfigBreakDeadTime  stm32f4xx_hal_tim_ex.o
    0x0800259a   0x0800259a   0x00000050   Code   RO         1394    i.HAL_TIMEx_MasterConfigSynchronization  stm32f4xx_hal_tim_ex.o
    0x080025ea   0x080025ea   0x00000036   Code   RO          748    i.HAL_TIM_Base_Init  stm32f4xx_hal_tim.o
    0x08002620   0x08002620   0x00000098   Code   RO          264    i.HAL_TIM_Base_MspInit  tim.o
    0x080026b8   0x080026b8   0x00000018   Code   RO          753    i.HAL_TIM_Base_Start_IT  stm32f4xx_hal_tim.o
    0x080026d0   0x080026d0   0x000000f0   Code   RO          757    i.HAL_TIM_ConfigClockSource  stm32f4xx_hal_tim.o
    0x080027c0   0x080027c0   0x00000002   Code   RO          777    i.HAL_TIM_IC_CaptureCallback  stm32f4xx_hal_tim.o
    0x080027c2   0x080027c2   0x00000166   Code   RO          790    i.HAL_TIM_IRQHandler  stm32f4xx_hal_tim.o
    0x08002928   0x08002928   0x000000d4   Code   RO          265    i.HAL_TIM_MspPostInit  tim.o
    0x080029fc   0x080029fc   0x00000002   Code   RO          793    i.HAL_TIM_OC_DelayElapsedCallback  stm32f4xx_hal_tim.o
    0x080029fe   0x080029fe   0x000000d0   Code   RO          814    i.HAL_TIM_PWM_ConfigChannel  stm32f4xx_hal_tim.o
    0x08002ace   0x08002ace   0x00000036   Code   RO          817    i.HAL_TIM_PWM_Init  stm32f4xx_hal_tim.o
    0x08002b04   0x08002b04   0x00000002   Code   RO          819    i.HAL_TIM_PWM_MspInit  stm32f4xx_hal_tim.o
    0x08002b06   0x08002b06   0x00000002   Code   RO          820    i.HAL_TIM_PWM_PulseFinishedCallback  stm32f4xx_hal_tim.o
    0x08002b08   0x08002b08   0x00000038   Code   RO          821    i.HAL_TIM_PWM_Start  stm32f4xx_hal_tim.o
    0x08002b40   0x08002b40   0x00000002   Code   RO          827    i.HAL_TIM_PeriodElapsedCallback  stm32f4xx_hal_tim.o
    0x08002b42   0x08002b42   0x00000002   Code   RO          831    i.HAL_TIM_TriggerCallback  stm32f4xx_hal_tim.o
    0x08002b44   0x08002b44   0x00000058   Code   RO         1626    i.HAL_UART_DMAStop  stm32f4xx_hal_uart.o
    0x08002b9c   0x08002b9c   0x00000002   Code   RO         1628    i.HAL_UART_ErrorCallback  stm32f4xx_hal_uart.o
    0x08002b9e   0x08002b9e   0x00000002   PAD
    0x08002ba0   0x08002ba0   0x00000110   Code   RO         1631    i.HAL_UART_IRQHandler  stm32f4xx_hal_uart.o
    0x08002cb0   0x08002cb0   0x00000300   Code   RO          330    i.HAL_UART_MspInit  usart.o
    0x08002fb0   0x08002fb0   0x0000008c   Code   RO         1636    i.HAL_UART_Receive_DMA  stm32f4xx_hal_uart.o
    0x0800303c   0x0800303c   0x00000002   Code   RO         1638    i.HAL_UART_RxCpltCallback  stm32f4xx_hal_uart.o
    0x0800303e   0x0800303e   0x00000002   Code   RO         1639    i.HAL_UART_RxHalfCpltCallback  stm32f4xx_hal_uart.o
    0x08003040   0x08003040   0x00000002   Code   RO         1643    i.HAL_UART_TxCpltCallback  stm32f4xx_hal_uart.o
    0x08003042   0x08003042   0x00000002   PAD
    0x08003044   0x08003044   0x000001dc   Code   RO         3244    i.HI_IMU_Data_Decode  imu.o
    0x08003220   0x08003220   0x00000078   Code   RO         3044    i.HI_IMU_Data_Receive  receive.o
    0x08003298   0x08003298   0x00000002   Code   RO          408    i.HardFault_Handler  stm32f4xx_it.o
    0x0800329a   0x0800329a   0x00000002   PAD
    0x0800329c   0x0800329c   0x00000020   Code   RO         3045    i.IMU_Data_Receive_Start  receive.o
    0x080032bc   0x080032bc   0x00000048   Code   RO          192    i.MX_CAN1_Init      can.o
    0x08003304   0x08003304   0x00000048   Code   RO          193    i.MX_CAN2_Init      can.o
    0x0800334c   0x0800334c   0x0000008c   Code   RO          239    i.MX_DMA_Init       dma.o
    0x080033d8   0x080033d8   0x000000f8   Code   RO          166    i.MX_GPIO_Init      gpio.o
    0x080034d0   0x080034d0   0x000000dc   Code   RO          266    i.MX_TIM1_Init      tim.o
    0x080035ac   0x080035ac   0x00000064   Code   RO          267    i.MX_TIM2_Init      tim.o
    0x08003610   0x08003610   0x00000064   Code   RO          268    i.MX_TIM3_Init      tim.o
    0x08003674   0x08003674   0x000000ac   Code   RO          269    i.MX_TIM5_Init      tim.o
    0x08003720   0x08003720   0x0000003c   Code   RO          331    i.MX_UART7_Init     usart.o
    0x0800375c   0x0800375c   0x0000003c   Code   RO          332    i.MX_UART8_Init     usart.o
    0x08003798   0x08003798   0x00000040   Code   RO          333    i.MX_USART1_UART_Init  usart.o
    0x080037d8   0x080037d8   0x0000003c   Code   RO          334    i.MX_USART3_UART_Init  usart.o
    0x08003814   0x08003814   0x0000003c   Code   RO          335    i.MX_USART6_UART_Init  usart.o
    0x08003850   0x08003850   0x00000002   Code   RO          409    i.MemManage_Handler  stm32f4xx_it.o
    0x08003852   0x08003852   0x00000002   PAD
    0x08003854   0x08003854   0x0000006c   Code   RO         3200    i.Mini_PC_Data_Decode  board_i_tx.o
    0x080038c0   0x080038c0   0x00000078   Code   RO         3046    i.Mini_PC_Data_Receive  receive.o
    0x08003938   0x08003938   0x00000020   Code   RO         3047    i.Mini_PC_Data_Receive_Start  receive.o
    0x08003958   0x08003958   0x00000002   Code   RO          410    i.NMI_Handler       stm32f4xx_it.o
    0x0800395a   0x0800395a   0x00000020   Code   RO         2666    i.NVIC_SetPriority  stm32f4xx_hal_cortex.o
    0x0800397a   0x0800397a   0x00000002   Code   RO          411    i.PendSV_Handler    stm32f4xx_it.o
    0x0800397c   0x0800397c   0x00000020   Code   RO         3201    i.Pitch_Filter      board_i_tx.o
    0x0800399c   0x0800399c   0x00000002   Code   RO          412    i.SVC_Handler       stm32f4xx_it.o
    0x0800399e   0x0800399e   0x0000000e   Code   RO         3378    i.Shoot_Control     shoot_control.o
    0x080039ac   0x080039ac   0x00000098   Code   RO         3379    i.Shoot_Motor_Control  shoot_control.o
    0x08003a44   0x08003a44   0x00000004   Code   RO          413    i.SysTick_Handler   stm32f4xx_it.o
    0x08003a48   0x08003a48   0x00000084   Code   RO            5    i.SystemClock_Config  main.o
    0x08003acc   0x08003acc   0x00000054   Code   RO         2933    i.SystemInit        system_stm32f4xx.o
    0x08003b20   0x08003b20   0x00000020   Code   RO          414    i.TIM2_IRQHandler   stm32f4xx_it.o
    0x08003b40   0x08003b40   0x0000000c   Code   RO          415    i.TIM3_IRQHandler   stm32f4xx_it.o
    0x08003b4c   0x08003b4c   0x000000c0   Code   RO          832    i.TIM_Base_SetConfig  stm32f4xx_hal_tim.o
    0x08003c0c   0x08003c0c   0x00000016   Code   RO          833    i.TIM_CCxChannelCmd  stm32f4xx_hal_tim.o
    0x08003c22   0x08003c22   0x00000014   Code   RO          839    i.TIM_ETR_SetConfig  stm32f4xx_hal_tim.o
    0x08003c36   0x08003c36   0x00000010   Code   RO          840    i.TIM_ITRx_SetConfig  stm32f4xx_hal_tim.o
    0x08003c46   0x08003c46   0x00000002   PAD
    0x08003c48   0x08003c48   0x00000058   Code   RO          841    i.TIM_OC1_SetConfig  stm32f4xx_hal_tim.o
    0x08003ca0   0x08003ca0   0x00000064   Code   RO          842    i.TIM_OC2_SetConfig  stm32f4xx_hal_tim.o
    0x08003d04   0x08003d04   0x00000060   Code   RO          843    i.TIM_OC3_SetConfig  stm32f4xx_hal_tim.o
    0x08003d64   0x08003d64   0x00000050   Code   RO          844    i.TIM_OC4_SetConfig  stm32f4xx_hal_tim.o
    0x08003db4   0x08003db4   0x00000022   Code   RO          846    i.TIM_TI1_ConfigInputStage  stm32f4xx_hal_tim.o
    0x08003dd6   0x08003dd6   0x00000024   Code   RO          848    i.TIM_TI2_ConfigInputStage  stm32f4xx_hal_tim.o
    0x08003dfa   0x08003dfa   0x00000004   Code   RO          416    i.UART7_IRQHandler  stm32f4xx_it.o
    0x08003dfe   0x08003dfe   0x00000004   Code   RO          417    i.UART8_IRQHandler  stm32f4xx_it.o
    0x08003e02   0x08003e02   0x00000010   Code   RO         1645    i.UART_DMAAbortOnError  stm32f4xx_hal_uart.o
    0x08003e12   0x08003e12   0x0000004a   Code   RO         1646    i.UART_DMAError     stm32f4xx_hal_uart.o
    0x08003e5c   0x08003e5c   0x0000003c   Code   RO         1647    i.UART_DMAReceiveCplt  stm32f4xx_hal_uart.o
    0x08003e98   0x08003e98   0x0000000a   Code   RO         1648    i.UART_DMARxHalfCplt  stm32f4xx_hal_uart.o
    0x08003ea2   0x08003ea2   0x0000001c   Code   RO         1651    i.UART_EndRxTransfer  stm32f4xx_hal_uart.o
    0x08003ebe   0x08003ebe   0x00000012   Code   RO         1652    i.UART_EndTxTransfer  stm32f4xx_hal_uart.o
    0x08003ed0   0x08003ed0   0x0000008c   Code   RO         1653    i.UART_Receive_IT   stm32f4xx_hal_uart.o
    0x08003f5c   0x08003f5c   0x000002ac   Code   RO         1654    i.UART_SetConfig    stm32f4xx_hal_uart.o
    0x08004208   0x08004208   0x00000062   Code   RO         1655    i.UART_Transmit_IT  stm32f4xx_hal_uart.o
    0x0800426a   0x0800426a   0x00000002   PAD
    0x0800426c   0x0800426c   0x0000000c   Code   RO          418    i.USART1_IRQHandler  stm32f4xx_it.o
    0x08004278   0x08004278   0x00000004   Code   RO          419    i.USART6_IRQHandler  stm32f4xx_it.o
    0x0800427c   0x0800427c   0x00000002   Code   RO          420    i.UsageFault_Handler  stm32f4xx_it.o
    0x0800427e   0x0800427e   0x0000000e   Code   RO         3469    i.__scatterload_copy  mc_w.l(handlers.o)
    0x0800428c   0x0800428c   0x00000002   Code   RO         3470    i.__scatterload_null  mc_w.l(handlers.o)
    0x0800428e   0x0800428e   0x0000000e   Code   RO         3471    i.__scatterload_zeroinit  mc_w.l(handlers.o)
    0x0800429c   0x0800429c   0x0000009c   Code   RO            6    i.main              main.o
    0x08004338   0x08004338   0x00000020   Code   RO         3297    i.wYaw_Filter       gimbal_control.o
    0x08004358   0x08004358   0x00000010   Data   RO         1882    .constdata          stm32f4xx_hal_rcc.o
    0x08004368   0x08004368   0x00000008   Data   RO         2367    .constdata          stm32f4xx_hal_dma.o
    0x08004370   0x08004370   0x00000300   Data   RO         3143    .constdata          crc.o
    0x08004670   0x08004670   0x00000020   Data   RO         3467    Region$$Table       anon$$obj.o


    Execution Region RW_IRAM2 (Exec base: 0x10000000, Load base: 0x08004704, Size: 0x00000000, Max: 0x00010000, ABSOLUTE)

    **** No section assigned to this execution region ****


    Execution Region RW_IRAM1 (Exec base: 0x20000000, Load base: 0x08004690, Size: 0x00000e58, Max: 0x00030000, ABSOLUTE, COMPRESSED[0x00000074])

    Exec Addr    Load Addr    Size         Type   Attr      Idx    E Section Name        Object

    0x20000000   COMPRESSED   0x00000004   Data   RW          195    .data               can.o
    0x20000004   COMPRESSED   0x00000004   Data   RW         2796    .data               stm32f4xx_hal.o
    0x20000008   COMPRESSED   0x00000004   Data   RW         2935    .data               system_stm32f4xx.o
    0x2000000c   COMPRESSED   0x00000018   Data   RW         3205    .data               board_i_tx.o
    0x20000024   COMPRESSED   0x00000020   Data   RW         3250    .data               imu.o
    0x20000044   COMPRESSED   0x000000c4   Data   RW         3301    .data               gimbal_control.o
    0x20000108   COMPRESSED   0x00000034   Data   RW         3381    .data               shoot_control.o
    0x2000013c        -       0x00000080   Zero   RW          194    .bss                can.o
    0x200001bc        -       0x000000f0   Zero   RW          270    .bss                tim.o
    0x200002ac        -       0x0000001f   Zero   RW          336    .bss                usart.o
    0x200002cb        -       0x00000028   Zero   RW          337    .bss                usart.o
    0x200002f3   COMPRESSED   0x00000001   PAD
    0x200002f4        -       0x00000380   Zero   RW          338    .bss                usart.o
    0x20000674        -       0x00000080   Zero   RW         2978    .bss                can_filter.o
    0x200006f4        -       0x0000003e   Zero   RW         3202    .bss                board_i_tx.o
    0x20000732        -       0x0000003c   Zero   RW         3203    .bss                board_i_tx.o
    0x2000076e   COMPRESSED   0x00000002   PAD
    0x20000770        -       0x00000018   Zero   RW         3247    .bss                imu.o
    0x20000788        -       0x00000254   Zero   RW         3298    .bss                gimbal_control.o
    0x200009dc        -       0x00000078   Zero   RW         3380    .bss                shoot_control.o
    0x20000a54   COMPRESSED   0x00000004   PAD
    0x20000a58        -       0x00000400   Zero   RW         2966    STACK               startup_stm32f427xx.o


==============================================================================

Image component sizes


      Code (inc. data)   RO Data    RW Data    ZI Data      Debug   Object Name

       260         30          0         24        122       3513   board_i_tx.o
       392         44          0          4        128       2450   can.o
       120         20          0          0        128       1488   can_filter.o
        44          6        768          0          0       1568   crc.o
       140          4          0          0          0        838   dma.o
      1632        156          0        196        596       8924   gimbal_control.o
       248         20          0          0          0       1075   gpio.o
       476         32          0         32         24       2884   imu.o
       290         26          0          0          0     351468   main.o
       748        126          0          0          0       5457   receive.o
       808         84          0         52        120       4756   shoot_control.o
        36          8        428          0       1024        804   startup_stm32f427xx.o
       142         22          0          4          0       4231   stm32f4xx_hal.o
      1852         38          0          0          0       8749   stm32f4xx_hal_can.o
       194         14          0          0          0      30391   stm32f4xx_hal_cortex.o
      1094         20          8          0          0       7446   stm32f4xx_hal_dma.o
       512         60          0          0          0       3872   stm32f4xx_hal_gpio.o
        52          4          0          0          0        846   stm32f4xx_hal_msp.o
      1312         78         16          0          0       5583   stm32f4xx_hal_rcc.o
      1690         88          0          0          0      17580   stm32f4xx_hal_tim.o
       150          0          0          0          0       3262   stm32f4xx_hal_tim_ex.o
      1778         26          0          0          0      12325   stm32f4xx_hal_uart.o
       212         64          0          0          0      11263   stm32f4xx_it.o
        84         18          0          4          0       1117   system_stm32f4xx.o
       956         80          0          0        240       4791   tim.o
       160         18          0          0          0        503   transmit.o
      1072        108          0          0        967       5072   usart.o

    ----------------------------------------------------------------------
     16478       1194       1252        316       3356     502256   Object Totals
         0          0         32          0          0          0   (incl. Generated)
        24          0          0          0          7          0   (incl. Padding)

    ----------------------------------------------------------------------

      Code (inc. data)   RO Data    RW Data    ZI Data      Debug   Library Member Name

        86          0          0          0          0          0   __dczerorl2.o
         0          0          0          0          0          0   entry.o
         0          0          0          0          0          0   entry10a.o
         0          0          0          0          0          0   entry11a.o
         8          4          0          0          0          0   entry2.o
         4          0          0          0          0          0   entry5.o
         0          0          0          0          0          0   entry7b.o
         0          0          0          0          0          0   entry8b.o
         8          4          0          0          0          0   entry9a.o
        30          0          0          0          0          0   handlers.o
        36          8          0          0          0         68   init.o
         0          0          0          0          0          0   iusefp.o
        36          0          0          0          0         68   memcpya.o
        36          0          0          0          0        108   memseta.o
        48          0          0          0          0         68   cdcmple.o
        38          0          0          0          0         68   f2d.o

    ----------------------------------------------------------------------
       334         16          0          0          0        380   Library Totals
         4          0          0          0          0          0   (incl. Padding)

    ----------------------------------------------------------------------

      Code (inc. data)   RO Data    RW Data    ZI Data      Debug   Library Name

       244         16          0          0          0        244   mc_w.l
        86          0          0          0          0        136   mf_w.l

    ----------------------------------------------------------------------
       334         16          0          0          0        380   Library Totals

    ----------------------------------------------------------------------

==============================================================================


      Code (inc. data)   RO Data    RW Data    ZI Data      Debug   

     16812       1210       1252        316       3356     488616   Grand Totals
     16812       1210       1252        116       3356     488616   ELF Image Totals (compressed)
     16812       1210       1252        116          0          0   ROM Totals

==============================================================================

    Total RO  Size (Code + RO Data)                18064 (  17.64kB)
    Total RW  Size (RW Data + ZI Data)              3672 (   3.59kB)
    Total ROM Size (Code + RO Data + RW Data)      18180 (  17.75kB)

==============================================================================

