Component: ARM Compiler 5.06 update 6 (build 750) Tool: armlink [4d35ed]

==============================================================================

Section Cross References

    main.o(i.SystemClock_Config) refers to memseta.o(.text) for __aeabi_memclr4
    main.o(i.SystemClock_Config) refers to stm32f4xx_hal_rcc.o(i.HAL_RCC_OscConfig) for HAL_RCC_OscConfig
    main.o(i.SystemClock_Config) refers to main.o(i.Error_Handler) for Error_Handler
    main.o(i.SystemClock_Config) refers to stm32f4xx_hal_rcc.o(i.HAL_RCC_ClockConfig) for HAL_RCC_ClockConfig
    main.o(i.main) refers to stm32f4xx_hal.o(i.HAL_Init) for HAL_Init
    main.o(i.main) refers to main.o(i.SystemClock_Config) for SystemClock_Config
    main.o(i.main) refers to gpio.o(i.MX_GPIO_Init) for MX_GPIO_Init
    main.o(i.main) refers to dma.o(i.MX_DMA_Init) for MX_DMA_Init
    main.o(i.main) refers to can.o(i.MX_CAN1_Init) for MX_CAN1_Init
    main.o(i.main) refers to usart.o(i.MX_UART8_Init) for MX_UART8_Init
    main.o(i.main) refers to usart.o(i.MX_USART6_UART_Init) for MX_USART6_UART_Init
    main.o(i.main) refers to can.o(i.MX_CAN2_Init) for MX_CAN2_Init
    main.o(i.main) refers to tim.o(i.MX_TIM3_Init) for MX_TIM3_Init
    main.o(i.main) refers to tim.o(i.MX_TIM2_Init) for MX_TIM2_Init
    main.o(i.main) refers to tim.o(i.MX_TIM4_Init) for MX_TIM4_Init
    main.o(i.main) refers to tim.o(i.MX_TIM7_Init) for MX_TIM7_Init
    main.o(i.main) refers to tim.o(i.MX_TIM12_Init) for MX_TIM12_Init
    main.o(i.main) refers to usart.o(i.MX_UART7_Init) for MX_UART7_Init
    main.o(i.main) refers to usart.o(i.MX_USART1_UART_Init) for MX_USART1_UART_Init
    main.o(i.main) refers to tim.o(i.MX_TIM5_Init) for MX_TIM5_Init
    main.o(i.main) refers to usart.o(i.MX_USART3_UART_Init) for MX_USART3_UART_Init
    main.o(i.main) refers to adc.o(i.MX_ADC1_Init) for MX_ADC1_Init
    main.o(i.main) refers to dac.o(i.MX_DAC_Init) for MX_DAC_Init
    main.o(i.main) refers to usart.o(i.MX_USART2_UART_Init) for MX_USART2_UART_Init
    main.o(i.main) refers to can_filter.o(i.Can1_Filter_Init) for Can1_Filter_Init
    main.o(i.main) refers to can_filter.o(i.Can2_Filter_Init) for Can2_Filter_Init
    main.o(i.main) refers to receive.o(i.IMU_Data_Receive_Start) for IMU_Data_Receive_Start
    main.o(i.main) refers to stm32f4xx_hal.o(i.HAL_Delay) for HAL_Delay
    main.o(i.main) refers to receive.o(i.Referee_Data_Receive_Start) for Referee_Data_Receive_Start
    main.o(i.main) refers to receive.o(i.Mini_PC_Receive_Start) for Mini_PC_Receive_Start
    main.o(i.main) refers to remote_control.o(i.Control_Init) for Control_Init
    main.o(i.main) refers to stm32f4xx_hal_tim.o(i.HAL_TIM_Base_Start_IT) for HAL_TIM_Base_Start_IT
    main.o(i.main) refers to imu.o(i.IMU_Calibration) for IMU_Calibration
    main.o(i.main) refers to receive.o(i.RemotreCtl_Data_Receive_Start) for RemotreCtl_Data_Receive_Start
    main.o(i.main) refers to stm32f4xx_hal_dac.o(i.HAL_DAC_Start) for HAL_DAC_Start
    main.o(i.main) refers to stm32f4xx_hal_adc.o(i.HAL_ADC_Start_DMA) for HAL_ADC_Start_DMA
    main.o(i.main) refers to memseta.o(.text) for __aeabi_memclr4
    main.o(i.main) refers to stm32f4xx_hal_gpio.o(i.HAL_GPIO_WritePin) for HAL_GPIO_WritePin
    main.o(i.main) refers to gimbal_control.o(.bss) for GMotor_Yaw
    main.o(i.main) refers to imu.o(.data) for IMU_round
    main.o(i.main) refers to tim.o(.bss) for htim3
    main.o(i.main) refers to shoot_control.o(.data) for Bullet_Num
    main.o(i.main) refers to minipc.o(.data) for Bullet_Num_Init
    main.o(i.main) refers to dac.o(.bss) for hdac
    main.o(i.main) refers to adc.o(.bss) for value
    main.o(i.main) refers to power_control.o(.data) for Primary_DC_State
    main.o(i.main) refers to referee_decode.o(.bss) for PowerHeatData
    gpio.o(i.MX_GPIO_Init) refers to memseta.o(.text) for __aeabi_memclr4
    gpio.o(i.MX_GPIO_Init) refers to stm32f4xx_hal_gpio.o(i.HAL_GPIO_WritePin) for HAL_GPIO_WritePin
    gpio.o(i.MX_GPIO_Init) refers to stm32f4xx_hal_gpio.o(i.HAL_GPIO_Init) for HAL_GPIO_Init
    gpio.o(i.MX_GPIO_Init) refers to stm32f4xx_hal_cortex.o(i.HAL_NVIC_SetPriority) for HAL_NVIC_SetPriority
    gpio.o(i.MX_GPIO_Init) refers to stm32f4xx_hal_cortex.o(i.HAL_NVIC_EnableIRQ) for HAL_NVIC_EnableIRQ
    adc.o(i.HAL_ADC_ConvCpltCallback) refers to uldiv.o(.text) for __aeabi_uldivmod
    adc.o(i.HAL_ADC_ConvCpltCallback) refers to adc.o(.data) for .data
    adc.o(i.HAL_ADC_ConvCpltCallback) refers to adc.o(.bss) for .bss
    adc.o(i.HAL_ADC_MspDeInit) refers to stm32f4xx_hal_gpio.o(i.HAL_GPIO_DeInit) for HAL_GPIO_DeInit
    adc.o(i.HAL_ADC_MspDeInit) refers to stm32f4xx_hal_dma.o(i.HAL_DMA_DeInit) for HAL_DMA_DeInit
    adc.o(i.HAL_ADC_MspDeInit) refers to stm32f4xx_hal_cortex.o(i.HAL_NVIC_DisableIRQ) for HAL_NVIC_DisableIRQ
    adc.o(i.HAL_ADC_MspInit) refers to memseta.o(.text) for __aeabi_memclr4
    adc.o(i.HAL_ADC_MspInit) refers to stm32f4xx_hal_gpio.o(i.HAL_GPIO_Init) for HAL_GPIO_Init
[...]
    __aeabi_dsub                             0x080003d1   Thumb Code     6  dadd.o(.text)
    __aeabi_drsub                            0x080003d7   Thumb Code     6  dadd.o(.text)
    __aeabi_dmul                             0x080003dd   Thumb Code   228  dmul.o(.text)
    __aeabi_ddiv                             0x080004c1   Thumb Code   222  ddiv.o(.text)
    __aeabi_i2d                              0x0800059f   Thumb Code    34  dflti.o(.text)
    __aeabi_ui2d                             0x080005c1   Thumb Code    26  dfltui.o(.text)
    __aeabi_d2iz                             0x080005db   Thumb Code    62  dfixi.o(.text)
    __aeabi_f2d                              0x08000619   Thumb Code    38  f2d.o(.text)
    __aeabi_cdcmpeq                          0x08000641   Thumb Code     0  cdcmple.o(.text)
    __aeabi_cdcmple                          0x08000641   Thumb Code    48  cdcmple.o(.text)
    __aeabi_cdrcmple                         0x08000671   Thumb Code    48  cdrcmple.o(.text)
    __aeabi_d2f                              0x080006a1   Thumb Code    56  d2f.o(.text)
    __aeabi_llsl                             0x080006d9   Thumb Code    30  llshl.o(.text)
    _ll_shift_l                              0x080006d9   Thumb Code     0  llshl.o(.text)
    __aeabi_llsr                             0x080006f7   Thumb Code    32  llushr.o(.text)
    _ll_ushift_r                             0x080006f7   Thumb Code     0  llushr.o(.text)
    __aeabi_lasr                             0x08000717   Thumb Code    36  llsshr.o(.text)
    _ll_sshift_r                             0x08000717   Thumb Code     0  llsshr.o(.text)
    __I$use$fp                               0x0800073b   Thumb Code     0  iusefp.o(.text)
    _float_round                             0x0800073b   Thumb Code    18  fepilogue.o(.text)
    _float_epilogue                          0x0800074d   Thumb Code    92  fepilogue.o(.text)
    _double_round                            0x080007a9   Thumb Code    30  depilogue.o(.text)
    _double_epilogue                         0x080007c7   Thumb Code   156  depilogue.o(.text)
    __scatterload                            0x08000865   Thumb Code    28  init.o(.text)
    __scatterload_rt2                        0x08000865   Thumb Code     0  init.o(.text)
    __decompress                             0x08000889   Thumb Code     0  __dczerorl2.o(.text)
    __decompress1                            0x08000889   Thumb Code    86  __dczerorl2.o(.text)
    ADC_IRQHandler                           0x08000961   Thumb Code     6  stm32f4xx_it.o(i.ADC_IRQHandler)
    Auto_Charge                              0x08000aa5   Thumb Code   288  power_control.o(i.Auto_Charge)
    BL_CAN_Send_Msg                          0x08000be9   Thumb Code   120  transmit.o(i.BL_CAN_Send_Msg)
    BL_Decode                                0x08000c6d   Thumb Code   138  receive.o(i.BL_Decode)
    BP_CAN_Send_Msg                          0x08000d05   Thumb Code    70  transmit.o(i.BP_CAN_Send_Msg)
    BP_Decode                                0x08000d55   Thumb Code   122  receive.o(i.BP_Decode)
    BulletLoad_Control                       0x08000ddd   Thumb Code   150  shoot_control.o(i.BulletLoad_Control)
    BulletPush_Control                       0x08000e89   Thumb Code   190  shoot_control.o(i.BulletPush_Control)
    Bullet_Stuck_Control                     0x08000f61   Thumb Code   108  shoot_control.o(i.Bullet_Stuck_Control)
    BusFault_Handler                         0x08000fdd   Thumb Code     2  stm32f4xx_it.o(i.BusFault_Handler)
    CAN1_RX0_IRQHandler                      0x08000fe1   Thumb Code    26  stm32f4xx_it.o(i.CAN1_RX0_IRQHandler)
    CAN2_RX0_IRQHandler                      0x08001001   Thumb Code    26  stm32f4xx_it.o(i.CAN2_RX0_IRQHandler)
    CAN_Receive_Msg                          0x08001155   Thumb Code   122  receive.o(i.CAN_Receive_Msg)
    CAP_State_Config                         0x08001265   Thumb Code    96  power_control.o(i.CAP_State_Config)
    CM_CAN_Send_Msg                          0x080012d1   Thumb Code   178  transmit.o(i.CM_CAN_Send_Msg)
    CMotor_Decode                            0x08001399   Thumb Code    38  receive.o(i.CMotor_Decode)
    Cal_Power                                0x080013c1   Thumb Code   166  power_control.o(i.Cal_Power)
    Can1_Filter_Init                         0x0800148d   Thumb Code    50  can_filter.o(i.Can1_Filter_Init)
    Can2_Filter_Init                         0x080014c9   Thumb Code    50  can_filter.o(i.Can2_Filter_Init)
    Chassis_Control                          0x08001505   Thumb Code   366  chassis_control.o(i.Chassis_Control)
    Chassis_ref_Set                          0x080016c5   Thumb Code   208  chassis_control.o(i.Chassis_ref_Set)
    Client_Custom_Data_Set                   0x080017a1   Thumb Code   182  referee_decode.o(i.Client_Custom_Data_Set)
    Client_Data_Build                        0x0800187d   Thumb Code    66  referee_decode.o(i.Client_Data_Build)
    Client_Transmit                          0x080018c9   Thumb Code    26  transmit.o(i.Client_Transmit)
    Control_Init                             0x080018ed   Thumb Code     4  remote_control.o(i.Control_Init)
    DMA1_Stream1_IRQHandler                  0x080018f1   Thumb Code     6  stm32f4xx_it.o(i.DMA1_Stream1_IRQHandler)
    DMA1_Stream3_IRQHandler                  0x080018fd   Thumb Code     6  stm32f4xx_it.o(i.DMA1_Stream3_IRQHandler)
    DMA1_Stream6_IRQHandler                  0x08001909   Thumb Code     6  stm32f4xx_it.o(i.DMA1_Stream6_IRQHandler)
    DMA2_Stream0_IRQHandler                  0x08001915   Thumb Code     6  stm32f4xx_it.o(i.DMA2_Stream0_IRQHandler)
    DMA2_Stream1_IRQHandler                  0x08001921   Thumb Code     6  stm32f4xx_it.o(i.DMA2_Stream1_IRQHandler)
    DMA2_Stream2_IRQHandler                  0x0800192d   Thumb Code     6  stm32f4xx_it.o(i.DMA2_Stream2_IRQHandler)
    DMA2_Stream6_IRQHandler                  0x08001939   Thumb Code     6  stm32f4xx_it.o(i.DMA2_Stream6_IRQHandler)
    Data_17mm_Build                          0x08001a25   Thumb Code    50  17mm.o(i.Data_17mm_Build)
    Data_17mm_Set                            0x08001a5d   Thumb Code    92  17mm.o(i.Data_17mm_Set)
    Data_17mm_Transmit                       0x08001ad9   Thumb Code    22  transmit.o(i.Data_17mm_Transmit)
    DebugMon_Handler                         0x08001af9   Thumb Code     2  stm32f4xx_it.o(i.DebugMon_Handler)
    EXTI0_IRQHandler                         0x08001afd   Thumb Code    54  stm32f4xx_it.o(i.EXTI0_IRQHandler)
    EXTI15_10_IRQHandler                     0x08001b45   Thumb Code    22  stm32f4xx_it.o(i.EXTI15_10_IRQHandler)
    EXTI9_5_IRQHandler                       0x08001b5d   Thumb Code    62  stm32f4xx_it.o(i.EXTI9_5_IRQHandler)
    Error_Handler                            0x08001bb5   Thumb Code     2  main.o(i.Error_Handler)
    Forecast_Filter                          0x08001bb9   Thumb Code    28  gimbal_control.o(i.Forecast_Filter)
    GM_CAN_Send_Msg                          0x08001bd9   Thumb Code   110  transmit.o(i.GM_CAN_Send_Msg)
    GMotor_Decode                            0x08001c55   Thumb Code   158  receive.o(i.GMotor_Decode)
    GMotor_PosPID                            0x08001d05   Thumb Code   166  gimbal_control.o(i.GMotor_PosPID)
    GMotor_VelPID                            0x08001dab   Thumb Code   166  gimbal_control.o(i.GMotor_VelPID)
    GetCapVoltage                            0x08001e51   Thumb Code   146  power_control.o(i.GetCapVoltage)
    GetChassisCurrent                        0x08001f0d   Thumb Code    54  power_control.o(i.GetChassisCurrent)
    GetDCCurrent                             0x08001f59   Thumb Code    36  power_control.o(i.GetDCCurrent)
    Get_CRC16_Check_Sum                      0x08001f8d   Thumb Code    44  crc.o(i.Get_CRC16_Check_Sum)
    Get_CRC8_Check_Sum                       0x08001fbd   Thumb Code    24  crc.o(i.Get_CRC8_Check_Sum)
    Gimbal_Control                           0x08001fd9   Thumb Code    22  gimbal_control.o(i.Gimbal_Control)
    Gimbal_Limit                             0x08001ff1   Thumb Code    36  gimbal_control.o(i.Gimbal_Limit)
    Gimbal_TraceForecast                     0x08002021   Thumb Code   792  gimbal_control.o(i.Gimbal_TraceForecast)
    HAL_ADCEx_InjectedConvCpltCallback       0x08002391   Thumb Code     2  stm32f4xx_hal_adc_ex.o(i.HAL_ADCEx_InjectedConvCpltCallback)
    HAL_ADC_ConfigChannel                    0x08002395   Thumb Code   334  stm32f4xx_hal_adc.o(i.HAL_ADC_ConfigChannel)
    HAL_ADC_ConvCpltCallback                 0x080024f5   Thumb Code   192  adc.o(i.HAL_ADC_ConvCpltCallback)
    HAL_ADC_ConvHalfCpltCallback             0x080025c9   Thumb Code     2  stm32f4xx_hal_adc.o(i.HAL_ADC_ConvHalfCpltCallback)
    HAL_ADC_ErrorCallback                    0x080025cb   Thumb Code     2  stm32f4xx_hal_adc.o(i.HAL_ADC_ErrorCallback)
    HAL_ADC_IRQHandler                       0x080025cd   Thumb Code   318  stm32f4xx_hal_adc.o(i.HAL_ADC_IRQHandler)
    HAL_ADC_Init                             0x0800270b   Thumb Code    84  stm32f4xx_hal_adc.o(i.HAL_ADC_Init)
    HAL_ADC_LevelOutOfWindowCallback         0x0800275f   Thumb Code     2  stm32f4xx_hal_adc.o(i.HAL_ADC_LevelOutOfWindowCallback)
    HAL_ADC_MspInit                          0x08002761   Thumb Code   178  adc.o(i.HAL_ADC_MspInit)
    HAL_ADC_Start_DMA                        0x0800282d   Thumb Code   258  stm32f4xx_hal_adc.o(i.HAL_ADC_Start_DMA)
    HAL_CAN_ConfigFilter                     0x08002949   Thumb Code   222  stm32f4xx_hal_can.o(i.HAL_CAN_ConfigFilter)
    HAL_CAN_ErrorCallback                    0x08002a31   Thumb Code     2  stm32f4xx_hal_can.o(i.HAL_CAN_ErrorCallback)
    HAL_CAN_IRQHandler                       0x08002a35   Thumb Code   380  stm32f4xx_hal_can.o(i.HAL_CAN_IRQHandler)
    HAL_CAN_Init                             0x08002bbd   Thumb Code   386  stm32f4xx_hal_can.o(i.HAL_CAN_Init)
    HAL_CAN_MspInit                          0x08002d41   Thumb Code   258  can.o(i.HAL_CAN_MspInit)
    HAL_CAN_Receive_IT                       0x08002e61   Thumb Code   144  stm32f4xx_hal_can.o(i.HAL_CAN_Receive_IT)
    HAL_CAN_RxCpltCallback                   0x08002ef1   Thumb Code     2  stm32f4xx_hal_can.o(i.HAL_CAN_RxCpltCallback)
    HAL_CAN_Transmit                         0x08002ef5   Thumb Code   420  stm32f4xx_hal_can.o(i.HAL_CAN_Transmit)
    HAL_CAN_TxCpltCallback                   0x080030a5   Thumb Code     2  stm32f4xx_hal_can.o(i.HAL_CAN_TxCpltCallback)
    HAL_DAC_ConfigChannel                    0x080030a7   Thumb Code    66  stm32f4xx_hal_dac.o(i.HAL_DAC_ConfigChannel)
    HAL_DAC_Init                             0x080030e9   Thumb Code    42  stm32f4xx_hal_dac.o(i.HAL_DAC_Init)
    HAL_DAC_MspInit                          0x08003115   Thumb Code    84  dac.o(i.HAL_DAC_MspInit)
    HAL_DAC_SetValue                         0x08003175   Thumb Code    32  stm32f4xx_hal_dac.o(i.HAL_DAC_SetValue)
    HAL_DAC_Start                            0x08003195   Thumb Code   112  stm32f4xx_hal_dac.o(i.HAL_DAC_Start)
    HAL_DMA_Abort                            0x08003205   Thumb Code   142  stm32f4xx_hal_dma.o(i.HAL_DMA_Abort)
    HAL_DMA_Abort_IT                         0x08003293   Thumb Code    36  stm32f4xx_hal_dma.o(i.HAL_DMA_Abort_IT)
    HAL_DMA_IRQHandler                       0x080032b9   Thumb Code   462  stm32f4xx_hal_dma.o(i.HAL_DMA_IRQHandler)
    HAL_DMA_Init                             0x08003491   Thumb Code   204  stm32f4xx_hal_dma.o(i.HAL_DMA_Init)
    HAL_DMA_Start_IT                         0x08003561   Thumb Code   120  stm32f4xx_hal_dma.o(i.HAL_DMA_Start_IT)
    HAL_Delay                                0x080035d9   Thumb Code    22  stm32f4xx_hal.o(i.HAL_Delay)
    HAL_GPIO_EXTI_Callback                   0x080035ef   Thumb Code     2  stm32f4xx_hal_gpio.o(i.HAL_GPIO_EXTI_Callback)
    HAL_GPIO_EXTI_IRQHandler                 0x080035f1   Thumb Code    18  stm32f4xx_hal_gpio.o(i.HAL_GPIO_EXTI_IRQHandler)
    HAL_GPIO_Init                            0x08003609   Thumb Code   426  stm32f4xx_hal_gpio.o(i.HAL_GPIO_Init)
    HAL_GPIO_ReadPin                         0x080037e9   Thumb Code    14  stm32f4xx_hal_gpio.o(i.HAL_GPIO_ReadPin)
    HAL_GPIO_WritePin                        0x080037f7   Thumb Code    14  stm32f4xx_hal_gpio.o(i.HAL_GPIO_WritePin)
    HAL_GetTick                              0x08003805   Thumb Code     6  stm32f4xx_hal.o(i.HAL_GetTick)
    HAL_IncTick                              0x08003811   Thumb Code    10  stm32f4xx_hal.o(i.HAL_IncTick)
    HAL_Init                                 0x08003821   Thumb Code    48  stm32f4xx_hal.o(i.HAL_Init)
    HAL_InitTick                             0x08003855   Thumb Code    34  stm32f4xx_hal.o(i.HAL_InitTick)
    HAL_MspInit                              0x0800387d   Thumb Code    48  stm32f4xx_hal_msp.o(i.HAL_MspInit)
    HAL_MultiProcessor_Init                  0x080038b1   Thumb Code   144  stm32f4xx_hal_uart.o(i.HAL_MultiProcessor_Init)
    HAL_NVIC_EnableIRQ                       0x08003941   Thumb Code    22  stm32f4xx_hal_cortex.o(i.HAL_NVIC_EnableIRQ)
    HAL_NVIC_SetPriority                     0x08003959   Thumb Code    60  stm32f4xx_hal_cortex.o(i.HAL_NVIC_SetPriority)
    HAL_NVIC_SetPriorityGrouping             0x08003999   Thumb Code    26  stm32f4xx_hal_cortex.o(i.HAL_NVIC_SetPriorityGrouping)
    HAL_RCC_ClockConfig                      0x080039bd   Thumb Code   372  stm32f4xx_hal_rcc.o(i.HAL_RCC_ClockConfig)
    HAL_RCC_GetHCLKFreq                      0x08003b41   Thumb Code     6  stm32f4xx_hal_rcc.o(i.HAL_RCC_GetHCLKFreq)
    HAL_RCC_GetPCLK1Freq                     0x08003b4d   Thumb Code    36  stm32f4xx_hal_rcc.o(i.HAL_RCC_GetPCLK1Freq)
    HAL_RCC_GetPCLK2Freq                     0x08003b79   Thumb Code    36  stm32f4xx_hal_rcc.o(i.HAL_RCC_GetPCLK2Freq)
    HAL_RCC_GetSysClockFreq                  0x08003ba5   Thumb Code   120  stm32f4xx_hal_rcc.o(i.HAL_RCC_GetSysClockFreq)
    HAL_RCC_OscConfig                        0x08003c29   Thumb Code   772  stm32f4xx_hal_rcc.o(i.HAL_RCC_OscConfig)
    HAL_SYSTICK_Config                       0x08003f3d   Thumb Code    40  stm32f4xx_hal_cortex.o(i.HAL_SYSTICK_Config)
    HAL_TIMEx_BreakCallback                  0x08003f65   Thumb Code     2  stm32f4xx_hal_tim_ex.o(i.HAL_TIMEx_BreakCallback)
    HAL_TIMEx_CommutationCallback            0x08003f67   Thumb Code     2  stm32f4xx_hal_tim_ex.o(i.HAL_TIMEx_CommutationCallback)
    HAL_TIMEx_MasterConfigSynchronization    0x08003f69   Thumb Code    80  stm32f4xx_hal_tim_ex.o(i.HAL_TIMEx_MasterConfigSynchronization)
    HAL_TIM_Base_Init                        0x08003fb9   Thumb Code    56  stm32f4xx_hal_tim.o(i.HAL_TIM_Base_Init)
    HAL_TIM_Base_MspInit                     0x08003ff1   Thumb Code   268  tim.o(i.HAL_TIM_Base_MspInit)
    HAL_TIM_Base_Start_IT                    0x08004119   Thumb Code    24  stm32f4xx_hal_tim.o(i.HAL_TIM_Base_Start_IT)
    HAL_TIM_ConfigClockSource                0x08004131   Thumb Code   270  stm32f4xx_hal_tim.o(i.HAL_TIM_ConfigClockSource)
    HAL_TIM_IC_CaptureCallback               0x0800423f   Thumb Code     2  stm32f4xx_hal_tim.o(i.HAL_TIM_IC_CaptureCallback)
    HAL_TIM_IRQHandler                       0x08004241   Thumb Code   366  stm32f4xx_hal_tim.o(i.HAL_TIM_IRQHandler)
    HAL_TIM_MspPostInit                      0x080043b1   Thumb Code   116  tim.o(i.HAL_TIM_MspPostInit)
    HAL_TIM_OC_DelayElapsedCallback          0x08004439   Thumb Code     2  stm32f4xx_hal_tim.o(i.HAL_TIM_OC_DelayElapsedCallback)
    HAL_TIM_PWM_ConfigChannel                0x0800443b   Thumb Code   218  stm32f4xx_hal_tim.o(i.HAL_TIM_PWM_ConfigChannel)
    HAL_TIM_PWM_Init                         0x08004515   Thumb Code    56  stm32f4xx_hal_tim.o(i.HAL_TIM_PWM_Init)
    HAL_TIM_PWM_MspInit                      0x0800454d   Thumb Code     2  stm32f4xx_hal_tim.o(i.HAL_TIM_PWM_MspInit)
    HAL_TIM_PWM_PulseFinishedCallback        0x0800454f   Thumb Code     2  stm32f4xx_hal_tim.o(i.HAL_TIM_PWM_PulseFinishedCallback)
    HAL_TIM_PeriodElapsedCallback            0x08004551   Thumb Code     2  stm32f4xx_hal_tim.o(i.HAL_TIM_PeriodElapsedCallback)
    HAL_TIM_TriggerCallback                  0x08004553   Thumb Code     2  stm32f4xx_hal_tim.o(i.HAL_TIM_TriggerCallback)
    HAL_UART_DMAStop                         0x08004555   Thumb Code    88  stm32f4xx_hal_uart.o(i.HAL_UART_DMAStop)
    HAL_UART_ErrorCallback                   0x080045ad   Thumb Code     2  stm32f4xx_hal_uart.o(i.HAL_UART_ErrorCallback)
    HAL_UART_IRQHandler                      0x080045b1   Thumb Code   268  stm32f4xx_hal_uart.o(i.HAL_UART_IRQHandler)
    HAL_UART_MspInit                         0x080046c1   Thumb Code   992  usart.o(i.HAL_UART_MspInit)
    HAL_UART_Receive_DMA                     0x08004ae1   Thumb Code   132  stm32f4xx_hal_uart.o(i.HAL_UART_Receive_DMA)
    HAL_UART_RxCpltCallback                  0x08004b71   Thumb Code     2  stm32f4xx_hal_uart.o(i.HAL_UART_RxCpltCallback)
    HAL_UART_RxHalfCpltCallback              0x08004b73   Thumb Code     2  stm32f4xx_hal_uart.o(i.HAL_UART_RxHalfCpltCallback)
    HAL_UART_Transmit                        0x08004b75   Thumb Code   202  stm32f4xx_hal_uart.o(i.HAL_UART_Transmit)
    HAL_UART_TxCpltCallback                  0x08004c3f   Thumb Code     2  stm32f4xx_hal_uart.o(i.HAL_UART_TxCpltCallback)
    HI_IMU_Data_Decode                       0x08004c41   Thumb Code   518  imu.o(i.HI_IMU_Data_Decode)
    HI_IMU_Data_Receive                      0x08004e69   Thumb Code   102  receive.o(i.HI_IMU_Data_Receive)
    HardFault_Handler                        0x08004ee5   Thumb Code     2  stm32f4xx_it.o(i.HardFault_Handler)
    IMU_Calibration                          0x08004ee9   Thumb Code   130  imu.o(i.IMU_Calibration)
    IMU_Data_Receive_Start                   0x08004f8d   Thumb Code    52  receive.o(i.IMU_Data_Receive_Start)
    Key_Mouse_Process                        0x08004fcd   Thumb Code   844  remote_control.o(i.Key_Mouse_Process)
    MX_ADC1_Init                             0x08005385   Thumb Code   130  adc.o(i.MX_ADC1_Init)
    MX_CAN1_Init                             0x08005415   Thumb Code    62  can.o(i.MX_CAN1_Init)
    MX_CAN2_Init                             0x0800545d   Thumb Code    62  can.o(i.MX_CAN2_Init)
    MX_DAC_Init                              0x080054a5   Thumb Code    52  dac.o(i.MX_DAC_Init)
    MX_DMA_Init                              0x080054e1   Thumb Code   168  dma.o(i.MX_DMA_Init)
    MX_GPIO_Init                             0x0800558d   Thumb Code   600  gpio.o(i.MX_GPIO_Init)
    MX_TIM12_Init                            0x08005811   Thumb Code    68  tim.o(i.MX_TIM12_Init)
    MX_TIM2_Init                             0x0800585d   Thumb Code    94  tim.o(i.MX_TIM2_Init)
    MX_TIM3_Init                             0x080058c1   Thumb Code    92  tim.o(i.MX_TIM3_Init)
    MX_TIM4_Init                             0x08005925   Thumb Code    92  tim.o(i.MX_TIM4_Init)
    MX_TIM5_Init                             0x08005989   Thumb Code   160  tim.o(i.MX_TIM5_Init)
    MX_TIM7_Init                             0x08005a31   Thumb Code    94  tim.o(i.MX_TIM7_Init)
    MX_UART7_Init                            0x08005a99   Thumb Code    52  usart.o(i.MX_UART7_Init)
    MX_UART8_Init                            0x08005ad5   Thumb Code    52  usart.o(i.MX_UART8_Init)
    MX_USART1_UART_Init                      0x08005b11   Thumb Code    54  usart.o(i.MX_USART1_UART_Init)
    MX_USART2_UART_Init                      0x08005b55   Thumb Code    52  usart.o(i.MX_USART2_UART_Init)
    MX_USART3_UART_Init                      0x08005b91   Thumb Code    52  usart.o(i.MX_USART3_UART_Init)
    MX_USART6_UART_Init                      0x08005bcd   Thumb Code    52  usart.o(i.MX_USART6_UART_Init)
    MemManage_Handler                        0x08005c09   Thumb Code     2  stm32f4xx_it.o(i.MemManage_Handler)
    MiniPC_Filter                            0x08005c0d   Thumb Code    28  minipc.o(i.MiniPC_Filter)
    Mini_PC_Data_Decode                      0x08005c2d   Thumb Code   236  minipc.o(i.Mini_PC_Data_Decode)
    Mini_PC_Data_Receive                     0x08005d29   Thumb Code   100  receive.o(i.Mini_PC_Data_Receive)
    Mini_PC_Receive_Start                    0x08005da1   Thumb Code    22  receive.o(i.Mini_PC_Receive_Start)
    Mini_PC_Transmit                         0x08005dc1   Thumb Code    46  transmit.o(i.Mini_PC_Transmit)
    Motor_Theory_Power                       0x08005e01   Thumb Code    22  power_control.o(i.Motor_Theory_Power)
    Motor_VelPID                             0x08005e21   Thumb Code   154  chassis_control.o(i.Motor_VelPID)
    NMI_Handler                              0x08005ed1   Thumb Code     2  stm32f4xx_it.o(i.NMI_Handler)
    PID_Clear                                0x08005ef5   Thumb Code    30  gimbal_control.o(i.PID_Clear)
    PendSV_Handler                           0x08005f19   Thumb Code     2  stm32f4xx_it.o(i.PendSV_Handler)
    Pitch_Control                            0x08005f1d   Thumb Code   518  gimbal_control.o(i.Pitch_Control)
    PosPID                                   0x08006169   Thumb Code   156  shoot_control.o(i.PosPID)
    Pos_half_PID                             0x08006215   Thumb Code   198  gimbal_control.o(i.Pos_half_PID)
    Power_Ctrl                               0x080062dd   Thumb Code  1594  power_control.o(i.Power_Ctrl)
    Power_PID_Cal                            0x08006951   Thumb Code    98  power_control.o(i.Power_PID_Cal)
    Power_Supply_Ctrl                        0x080069b9   Thumb Code   206  power_control.o(i.Power_Supply_Ctrl)
    Ptich_Filter                             0x08006aa1   Thumb Code    28  gimbal_control.o(i.Ptich_Filter)
    RC_DataHandle                            0x08006ac1   Thumb Code   142  remote_control.o(i.RC_DataHandle)
    RefereeDecode                            0x08006b55   Thumb Code   508  referee_decode.o(i.RefereeDecode)
    Referee_Data_Receive                     0x08006d75   Thumb Code   100  receive.o(i.Referee_Data_Receive)
    Referee_Data_Receive_Start               0x08006ded   Thumb Code    22  receive.o(i.Referee_Data_Receive_Start)
    Remode_Input_Judge                       0x08006e0d   Thumb Code    58  remote_control.o(i.Remode_Input_Judge)
    Remote_Process                           0x08006e55   Thumb Code   258  remote_control.o(i.Remote_Process)
    RemotreCtl_Data_Receive                  0x08006f7d   Thumb Code   114  receive.o(i.RemotreCtl_Data_Receive)
    RemotreCtl_Data_Receive_Start            0x08007005   Thumb Code    22  receive.o(i.RemotreCtl_Data_Receive_Start)
    Rotate_Pos_PID                           0x08007025   Thumb Code   152  chassis_control.o(i.Rotate_Pos_PID)
    Rotate_Vel_PID                           0x080070cd   Thumb Code   152  chassis_control.o(i.Rotate_Vel_PID)
    SM_CAN_Send_Msg                          0x08007175   Thumb Code   106  transmit.o(i.SM_CAN_Send_Msg)
    SM_Decode                                0x080071ed   Thumb Code   152  receive.o(i.SM_Decode)
    SVC_Handler                              0x08007295   Thumb Code     2  stm32f4xx_it.o(i.SVC_Handler)
    SetCAPCurrent                            0x08007299   Thumb Code    54  power_control.o(i.SetCAPCurrent)
    SetChassisPowerSupply                    0x080072e1   Thumb Code    54  power_control.o(i.SetChassisPowerSupply)
    SetPrimaryDC                             0x08007321   Thumb Code    38  power_control.o(i.SetPrimaryDC)
    SetScondaryDC                            0x08007351   Thumb Code    38  power_control.o(i.SetScondaryDC)
    Set_Chassis_Judge_State                  0x08007381   Thumb Code    72  power_control.o(i.Set_Chassis_Judge_State)
    Set_Chassis_Movement_Sta                 0x080073d1   Thumb Code   138  chassis_control.o(i.Set_Chassis_Movement_Sta)
    Set_Zero_Ref                             0x08007469   Thumb Code    30  chassis_control.o(i.Set_Zero_Ref)
    Shoot_Control                            0x08007491   Thumb Code    24  shoot_control.o(i.Shoot_Control)
    Shoot_Filter_Left                        0x080074a9   Thumb Code    28  receive.o(i.Shoot_Filter_Left)
    Shoot_Filter_Right                       0x080074c9   Thumb Code    28  receive.o(i.Shoot_Filter_Right)
    Shoot_Motor_Control                      0x080074e9   Thumb Code   120  shoot_control.o(i.Shoot_Motor_Control)
    Shoot_Strategy_17mm                      0x0800756d   Thumb Code    72  strategy.o(i.Shoot_Strategy_17mm)
    Shoot_Strategy_42mm                      0x080075c9   Thumb Code    56  strategy.o(i.Shoot_Strategy_42mm)
    Shoot_calculate                          0x0800760d   Thumb Code   196  strategy.o(i.Shoot_calculate)
    Stop_Process                             0x080076e5   Thumb Code    12  remote_control.o(i.Stop_Process)
    SysTick_Handler                          0x080076f5   Thumb Code     4  stm32f4xx_it.o(i.SysTick_Handler)
    SystemClock_Config                       0x080076f9   Thumb Code   138  main.o(i.SystemClock_Config)
    SystemInit                               0x0800778d   Thumb Code    66  system_stm32f4xx.o(i.SystemInit)
    TIM2_IRQHandler                          0x080077e1   Thumb Code    44  stm32f4xx_it.o(i.TIM2_IRQHandler)
    TIM3_IRQHandler                          0x08007815   Thumb Code    16  stm32f4xx_it.o(i.TIM3_IRQHandler)
    TIM4_IRQHandler                          0x08007829   Thumb Code    16  stm32f4xx_it.o(i.TIM4_IRQHandler)
    TIM7_IRQHandler                          0x0800783d   Thumb Code    16  stm32f4xx_it.o(i.TIM7_IRQHandler)
    TIM8_BRK_TIM12_IRQHandler                0x08007851   Thumb Code    16  stm32f4xx_it.o(i.TIM8_BRK_TIM12_IRQHandler)
    TIM_Base_SetConfig                       0x08007865   Thumb Code   152  stm32f4xx_hal_tim.o(i.TIM_Base_SetConfig)
    TIM_OC2_SetConfig                        0x080079ad   Thumb Code    98  stm32f4xx_hal_tim.o(i.TIM_OC2_SetConfig)
    UART7_IRQHandler                         0x08007b1b   Thumb Code     4  stm32f4xx_it.o(i.UART7_IRQHandler)
    UART8_IRQHandler                         0x08007b1f   Thumb Code     2  stm32f4xx_it.o(i.UART8_IRQHandler)
    USART1_IRQHandler                        0x0800807b   Thumb Code     4  stm32f4xx_it.o(i.USART1_IRQHandler)
    USART3_IRQHandler                        0x0800807f   Thumb Code     4  stm32f4xx_it.o(i.USART3_IRQHandler)
    USART6_IRQHandler                        0x08008085   Thumb Code    16  stm32f4xx_it.o(i.USART6_IRQHandler)
    UsageFault_Handler                       0x08008099   Thumb Code     2  stm32f4xx_it.o(i.UsageFault_Handler)
    VelPID                                   0x0800809b   Thumb Code   166  shoot_control.o(i.VelPID)
    Vel_half_PID                             0x08008141   Thumb Code   198  gimbal_control.o(i.Vel_half_PID)
    Verify_CRC16_Check_Sum                   0x08008209   Thumb Code    60  crc.o(i.Verify_CRC16_Check_Sum)
    Verify_CRC8_Check_Sum                    0x08008249   Thumb Code    48  crc.o(i.Verify_CRC8_Check_Sum)
    Yaw_Control                              0x0800827d   Thumb Code   614  gimbal_control.o(i.Yaw_Control)
    __scatterload_copy                       0x0800852d   Thumb Code    14  handlers.o(i.__scatterload_copy)
    __scatterload_null                       0x0800853b   Thumb Code     2  handlers.o(i.__scatterload_null)
    __scatterload_zeroinit                   0x0800853d   Thumb Code    14  handlers.o(i.__scatterload_zeroinit)
    bitclr                                   0x0800854d   Thumb Code    18  referee_decode.o(i.bitclr)
    bitset                                   0x08008569   Thumb Code    18  referee_decode.o(i.bitset)
    data_head_init                           0x08008585   Thumb Code    74  referee_decode.o(i.data_head_init)
    main                                     0x080085d5   Thumb Code   456  main.o(i.main)
    wYaw_Filter                              0x08008801   Thumb Code    28  gimbal_control.o(i.wYaw_Filter)
    APBAHBPrescTable                         0x08008820   Data          16  stm32f4xx_hal_rcc.o(.constdata)
    CRC8_TAB                                 0x08008838   Data         256  crc.o(.constdata)
    CRC16_Table                              0x08008938   Data         512  crc.o(.constdata)
    Region$$Table$$Base                      0x08008b38   Number         0  anon$$obj.o(Region$$Table)
    Region$$Table$$Limit                     0x08008b58   Number         0  anon$$obj.o(Region$$Table)
    dma_count                                0x20000000   Data           2  adc.o(.data)
    current_base                             0x20000002   Data           4  adc.o(.data)
    total_power                              0x20000008   Data           8  adc.o(.data)
    diff_t_p                                 0x20000010   Data           4  adc.o(.data)
    DC_DC_Power                              0x20000014   Data           4  adc.o(.data)
    system_time                              0x2000001c   Data           4  stm32f4xx_it.o(.data)
    Client_Flag                              0x20000020   Data           4  stm32f4xx_it.o(.data)
    uwTick                                   0x20000024   Data           4  stm32f4xx_hal.o(.data)
    SystemCoreClock                          0x20000028   Data           4  system_stm32f4xx.o(.data)
    Follow_Mode                              0x2000002c   Data           1  gimbal_control.o(.data)
    Last_Follow_Mode                         0x2000002d   Data           1  gimbal_control.o(.data)
    Forecast_Mode                            0x2000002e   Data           1  gimbal_control.o(.data)
    Yaw_IMU_OFFSET                           0x20000040   Data           4  gimbal_control.o(.data)
    J_Scope_Yaw                              0x20000044   Data           4  gimbal_control.o(.data)
    J_Scope_Pitch                            0x20000048   Data           4  gimbal_control.o(.data)
    Filter_Yaw                               0x2000004c   Data           4  gimbal_control.o(.data)
    Yaw_angle                                0x20000050   Data           4  gimbal_control.o(.data)
    Pitch_angle                              0x20000054   Data           4  gimbal_control.o(.data)
    Pitch_PosPID                             0x20000058   Data          20  gimbal_control.o(.data)
    Pitch_VelPID                             0x2000006c   Data          20  gimbal_control.o(.data)
    Yaw_PosPID                               0x20000080   Data          20  gimbal_control.o(.data)
    Yaw_VelPID                               0x20000094   Data          20  gimbal_control.o(.data)
    Yaw_IMU_PosPID                           0x200000a8   Data          20  gimbal_control.o(.data)
    Yaw_IMU_VelPID                           0x200000bc   Data          20  gimbal_control.o(.data)
    Yaw_AUTO_PosPID0                         0x200000d0   Data          20  gimbal_control.o(.data)
    Yaw_AUTO_VelPID0                         0x200000e4   Data          20  gimbal_control.o(.data)
    Yaw_AUTO_PosPID1                         0x200000f8   Data          20  gimbal_control.o(.data)
    Yaw_AUTO_VelPID1                         0x2000010c   Data          20  gimbal_control.o(.data)
    Yaw_AUTO_PosPID2                         0x20000120   Data          20  gimbal_control.o(.data)
    Yaw_AUTO_VelPID2                         0x20000134   Data          20  gimbal_control.o(.data)
    Pitch_AUTO_PosPID0                       0x20000148   Data          20  gimbal_control.o(.data)
    Pitch_AUTO_VelPID0                       0x2000015c   Data          20  gimbal_control.o(.data)
    Pitch_AUTO_PosPID1                       0x20000170   Data          20  gimbal_control.o(.data)
    Pitch_AUTO_VelPID1                       0x20000184   Data          20  gimbal_control.o(.data)
    Pitch_AUTO_PosPID2                       0x20000198   Data          20  gimbal_control.o(.data)
    Pitch_AUTO_VelPID2                       0x200001ac   Data          20  gimbal_control.o(.data)
    Control_Mode                             0x200001c0   Data           1  remote_control.o(.data)
    Shoot_Enable_STA                         0x200001c1   Data           1  remote_control.o(.data)
    Rotate_Limit                             0x200001c4   Data           4  remote_control.o(.data)
    NPG_flag                                 0x200001c8   Data           4  remote_control.o(.data)
    last_press_l                             0x200001cc   Data           4  remote_control.o(.data)
    last_press_r                             0x200001d0   Data           4  remote_control.o(.data)
    last_key_state                           0x200001d4   Data           4  remote_control.o(.data)
    last_s1_state                            0x200001d8   Data           4  remote_control.o(.data)
    last_s2_state                            0x200001dc   Data           4  remote_control.o(.data)
    NPG_dir                                  0x200001e0   Data           4  remote_control.o(.data)
    Shoot_Request_Flag                       0x200001e4   Data           4  remote_control.o(.data)
    clear_flag                               0x200001e8   Data           4  remote_control.o(.data)
    ChassisRef                               0x200001ec   Data           6  remote_control.o(.data)
    Last_Control_Mode                        0x200001f2   Data           1  remote_control.o(.data)
    Rotate_State                             0x200001f3   Data           1  remote_control.o(.data)
    Charge_Switch                            0x200001f4   Data           1  power_control.o(.data)
    exstate                                  0x200001f5   Data           1  power_control.o(.data)
    CAP_AUTO_CTRL                            0x200001f6   Data           1  power_control.o(.data)
    CAP_STA                                  0x200001f7   Data           1  power_control.o(.data)
    Primary_DC_State                         0x200001f8   Data           1  power_control.o(.data)
    Secondary_DC_State                       0x200001f9   Data           1  power_control.o(.data)
    Movement_Status                          0x200001fa   Data           1  power_control.o(.data)
    Chassis_State                            0x200001fb   Data           1  power_control.o(.data)
    theory_to_fact                           0x200001fc   Data           4  power_control.o(.data)
    theory_power                             0x20000200   Data           4  power_control.o(.data)
    origin_theory_power                      0x20000204   Data           4  power_control.o(.data)
    temp_i                                   0x20000208   Data           4  power_control.o(.data)
    dcrease_ratio                            0x2000020c   Data           4  power_control.o(.data)
    cap_volt                                 0x20000210   Data           4  power_control.o(.data)
    i_DC_OUT                                 0x20000214   Data           4  power_control.o(.data)
    K_DC_I                                   0x20000218   Data           4  power_control.o(.data)
    Work_Mode                                0x20000230   Data           1  chassis_control.o(.data)
    Ctrl_Chassis_Mode                        0x20000231   Data           1  chassis_control.o(.data)
    REMOTE_CHASIS_SPEED_TO_REF_FB            0x20000234   Data           4  chassis_control.o(.data)
    REMOTE_CHASIS_SPEED_TO_REF_LR            0x20000238   Data           4  chassis_control.o(.data)
    power_max                                0x2000023c   Data           4  chassis_control.o(.data)
    velPara                                  0x20000244   Data          20  chassis_control.o(.data)
    rotate_Pos_PID1                          0x20000258   Data          20  chassis_control.o(.data)
    rotate_Vel_PID1                          0x2000026c   Data          20  chassis_control.o(.data)
    BPMotor_State                            0x20000280   Data           1  shoot_control.o(.data)
    Last_BPMotor_State                       0x20000281   Data           1  shoot_control.o(.data)
    Cover_State                              0x20000282   Data           1  shoot_control.o(.data)
    SMotor_State                             0x20000283   Data           1  shoot_control.o(.data)
    Shoot_Mode                               0x20000284   Data           1  shoot_control.o(.data)
    Photoelectric_Switch_State               0x20000285   Data           1  shoot_control.o(.data)
    Load_State                               0x20000286   Data           1  shoot_control.o(.data)
    Last_Load_State                          0x20000287   Data           1  shoot_control.o(.data)
    BLMotor_Work_State                       0x20000288   Data           1  shoot_control.o(.data)
    Last_BLMotor_Work_State                  0x20000289   Data           1  shoot_control.o(.data)
    Speed_42mm                               0x2000028c   Data           4  shoot_control.o(.data)
    Bullet_Load_Vel                          0x20000290   Data           4  shoot_control.o(.data)
    stuck_flag                               0x20000294   Data           4  shoot_control.o(.data)
    stuck_state                              0x20000298   Data           4  shoot_control.o(.data)
    Last_Shoot_State                         0x2000029c   Data           4  shoot_control.o(.data)
    Bullet_Num                               0x200002a0   Data           4  shoot_control.o(.data)
    Shoot_VelPID0                            0x200002a4   Data          20  shoot_control.o(.data)
    Shoot_VelPID1                            0x200002b8   Data          20  shoot_control.o(.data)
    BL_Velpid                                0x200002cc   Data          20  shoot_control.o(.data)
    BP_Velpid                                0x200002e0   Data          20  shoot_control.o(.data)
    BP_Pospid                                0x200002f4   Data          20  shoot_control.o(.data)
    BL_Pospid                                0x20000308   Data          20  shoot_control.o(.data)
    Load_Tick                                0x2000031c   Data           4  shoot_control.o(.data)
    Last_Load_Tick                           0x20000320   Data           4  shoot_control.o(.data)
    Aim_Mode                                 0x20000324   Data           1  shoot_control.o(.data)
    Last_Aim_Mode                            0x20000325   Data           1  shoot_control.o(.data)
    Fire_State                               0x20000328   Data           1  strategy.o(.data)
    Fire_State_17mm                          0x20000329   Data           1  strategy.o(.data)
    Deceleration_State                       0x2000032a   Data           1  strategy.o(.data)
    Speed_Back                               0x2000032c   Data           4  strategy.o(.data)
    Q                                        0x20000330   Data           4  strategy.o(.data)
    Q_17mm                                   0x20000334   Data           4  strategy.o(.data)
    Deceleration_Flag                        0x20000338   Data           4  strategy.o(.data)
    heat_rest                                0x2000033c   Data           4  strategy.o(.data)
    Armor_Chose                              0x20000340   Data           1  transmit.o(.data)
    Mini_PC_16Trans                          0x20000342   Data           2  transmit.o(.data)
    DataScope_Count                          0x20000344   Data           4  transmit.o(.data)
    Aim_State_42mm                           0x20000350   Data           1  minipc.o(.data)
    Aim_State_17mm                           0x20000351   Data           1  minipc.o(.data)
    Last_Aim_State_42mm                      0x20000352   Data           1  minipc.o(.data)
    Last_Aim_State_17mm                      0x20000353   Data           1  minipc.o(.data)
    Bullet_Num_Init                          0x20000354   Data           1  minipc.o(.data)
    pctrans16                                0x20000356   Data           2  minipc.o(.data)
    pctrans32                                0x2000035c   Data           4  minipc.o(.data)
    Bullet_Num_Initnum                       0x20000360   Data           4  minipc.o(.data)
    CRC8_INIT                                0x20000364   Data           1  crc.o(.data)
    CRC16_INIT                               0x20000366   Data           2  crc.o(.data)
    IMU_State                                0x20000368   Data           1  imu.o(.data)
    HI_CRCreceive                            0x2000036a   Data           2  imu.o(.data)
    HI_Data_Len                              0x2000036c   Data           2  imu.o(.data)
    HI_LEN                                   0x2000036e   Data           2  imu.o(.data)
    imutrans16                               0x20000370   Data           2  imu.o(.data)
    last_IMU_z                               0x20000374   Data           4  imu.o(.data)
    IMU_round                                0x20000378   Data           4  imu.o(.data)
    IMU_acc                                  0x2000037c   Data           4  imu.o(.data)
    imu_flag                                 0x20000380   Data           4  imu.o(.data)
    BuffMusk                                 0x20000384   Data           1  referee_decode.o(.data)
    test_last_time                           0x20000388   Data           4  referee_decode.o(.data)
    test_now_time                            0x2000038c   Data           4  referee_decode.o(.data)
    test_delta_time                          0x20000390   Data           4  referee_decode.o(.data)
    last_17mm_speed                          0x20000394   Data           4  referee_decode.o(.data)
    last_42mm_speed                          0x20000398   Data           4  referee_decode.o(.data)
    store_cnt                                0x2000039c   Data           4  referee_decode.o(.data)
    max_delta_time                           0x200003a0   Data           4  referee_decode.o(.data)
    ShootData                                0x200003a4   Data           6  referee_decode.o(.data)
    value_sum                                0x200003b0   Data          24  adc.o(.bss)
    value                                    0x200003c8   Data          12  adc.o(.bss)
    value_res                                0x200003d4   Data          12  adc.o(.bss)
    value_ex_flt                             0x200003e0   Data          12  adc.o(.bss)
    value_filter                             0x200003ec   Data          12  adc.o(.bss)
    hadc1                                    0x200003f8   Data          72  adc.o(.bss)
    hdma_adc1                                0x20000440   Data          96  adc.o(.bss)
    hcan1                                    0x200004a0   Data          64  can.o(.bss)
    hcan2                                    0x200004e0   Data          64  can.o(.bss)
    hdac                                     0x20000520   Data          20  dac.o(.bss)
    huart7                                   0x20000534   Data          64  usart.o(.bss)
    huart8                                   0x20000574   Data          64  usart.o(.bss)
    huart1                                   0x200005b4   Data          64  usart.o(.bss)
    huart2                                   0x200005f4   Data          64  usart.o(.bss)
    huart3                                   0x20000634   Data          64  usart.o(.bss)
    huart6                                   0x20000674   Data          64  usart.o(.bss)
    hdma_uart7_rx                            0x200006b4   Data          96  usart.o(.bss)
    hdma_uart8_rx                            0x20000714   Data          96  usart.o(.bss)
    hdma_usart1_rx                           0x20000774   Data          96  usart.o(.bss)
    hdma_usart3_rx                           0x200007d4   Data          96  usart.o(.bss)
    hdma_usart6_rx                           0x20000834   Data          96  usart.o(.bss)
    hdma_usart6_tx                           0x20000894   Data          96  usart.o(.bss)
    hdma_usart8_tx                           0x200008f4   Data          96  usart.o(.bss)
    htim2                                    0x20000954   Data          60  tim.o(.bss)
    htim3                                    0x20000990   Data          60  tim.o(.bss)
    htim4                                    0x200009cc   Data          60  tim.o(.bss)
    htim5                                    0x20000a08   Data          60  tim.o(.bss)
    htim7                                    0x20000a44   Data          60  tim.o(.bss)
    htim12                                   0x20000a80   Data          60  tim.o(.bss)
    GMotor_Pitch                             0x20000abc   Data         120  gimbal_control.o(.bss)
    GMotor_Yaw                               0x20000b34   Data         120  gimbal_control.o(.bss)
    GimbalRef                                0x20000bac   Data          12  gimbal_control.o(.bss)
    GimbalFilter                             0x20000bb8   Data         356  gimbal_control.o(.bss)
    RC_Ctrl_Data                             0x20000d1c   Data          20  remote_control.o(.bss)
    Motor_power                              0x20000d30   Data          16  power_control.o(.bss)
    Origin_Motor_power                       0x20000d40   Data          16  power_control.o(.bss)
    CMotor1                                  0x20000d50   Data         120  chassis_control.o(.bss)
    CMotor2                                  0x20000dc8   Data         120  chassis_control.o(.bss)
    CMotor3                                  0x20000e40   Data         120  chassis_control.o(.bss)
    CMotor4                                  0x20000eb8   Data         120  chassis_control.o(.bss)
    Rotate                                   0x20000f30   Data         120  chassis_control.o(.bss)
    SLMotor                                  0x20000fa8   Data         120  shoot_control.o(.bss)
    SRMotor                                  0x20001020   Data         120  shoot_control.o(.bss)
    BLMotor                                  0x20001098   Data         120  shoot_control.o(.bss)
    BPMotor                                  0x20001110   Data         120  shoot_control.o(.bss)
    Mini_PC_Data                             0x20001188   Data          12  transmit.o(.bss)
    Data_17mm                                0x20001194   Data          26  17mm.o(.bss)
    Board_II_Data                            0x200011ae   Data          26  17mm.o(.bss)
    USART1_DMA_RX_BUF                        0x200011c8   Data          30  receive.o(.bss)
    USART6_DMA_RX_BUF                        0x200011e6   Data         128  receive.o(.bss)
    USART8_DMA_RX_BUF                        0x20001266   Data          40  receive.o(.bss)
    USART3_DMA_RX_BUF                        0x2000128e   Data          31  receive.o(.bss)
    USART7_DMA_RX_BUF                        0x200012ad   Data          40  receive.o(.bss)
    MiniPC_42mm                              0x200012d5   Data          12  minipc.o(.bss)
    MiniPC_17mm                              0x200012e1   Data          12  minipc.o(.bss)
    hi_imu_angvel                            0x200012f0   Data          12  imu.o(.bss)
    hi_imu_ang                               0x200012fc   Data          12  imu.o(.bss)
    Client_Data                              0x20001308   Data          28  referee_decode.o(.bss)
    PowerHeatData                            0x20001324   Data          14  referee_decode.o(.bss)
    RobotState                               0x20001332   Data          15  referee_decode.o(.bss)
    RefereeData_t                            0x20001341   Data          70  referee_decode.o(.bss)
    speed_store                              0x20001388   Data         400  referee_decode.o(.bss)
    send_data                                0x20001518   Data          28  referee_decode.o(.bss)
    CAN1_TxMessage                           0x20001534   Data          28  can_filter.o(.bss)
    CAN1_RxMessage                           0x20001550   Data          36  can_filter.o(.bss)
    CAN2_TxMessage                           0x20001574   Data          28  can_filter.o(.bss)
    CAN2_RxMessage                           0x20001590   Data          36  can_filter.o(.bss)
    __initial_sp                             0x200019b8   Data           0  startup_stm32f427xx.o(STACK)



==============================================================================

Memory Map of the image

  Image Entry point : 0x080001ad

  Load Region LR_IROM1 (Base: 0x08000000, Size: 0x00008f04, Max: 0x00200000, ABSOLUTE, COMPRESSED[0x00008c64])

    Execution Region ER_IROM1 (Exec base: 0x08000000, Load base: 0x08000000, Size: 0x00008b58, Max: 0x00200000, ABSOLUTE)

    Exec Addr    Load Addr    Size         Type   Attr      Idx    E Section Name        Object

    0x08000000   0x08000000   0x000001ac   Data   RO          822    RESET               startup_stm32f427xx.o
    0x080001ac   0x080001ac   0x00000000   Code   RO         4946  * .ARM.Collect$$$$00000000  mc_w.l(entry.o)
    0x080001ac   0x080001ac   0x00000004   Code   RO         4977    .ARM.Collect$$$$00000001  mc_w.l(entry2.o)
    0x080001b0   0x080001b0   0x00000004   Code   RO         4980    .ARM.Collect$$$$00000004  mc_w.l(entry5.o)
    0x080001b4   0x080001b4   0x00000000   Code   RO         4982    .ARM.Collect$$$$00000008  mc_w.l(entry7b.o)
    0x080001b4   0x080001b4   0x00000000   Code   RO         4984    .ARM.Collect$$$$0000000A  mc_w.l(entry8b.o)
    0x080001b4   0x080001b4   0x00000008   Code   RO         4985    .ARM.Collect$$$$0000000B  mc_w.l(entry9a.o)
    0x080001bc   0x080001bc   0x00000000   Code   RO         4987    .ARM.Collect$$$$0000000D  mc_w.l(entry10a.o)
    0x080001bc   0x080001bc   0x00000000   Code   RO         4989    .ARM.Collect$$$$0000000F  mc_w.l(entry11a.o)
    0x080001bc   0x080001bc   0x00000004   Code   RO         4978    .ARM.Collect$$$$00002712  mc_w.l(entry2.o)
    0x080001c0   0x080001c0   0x00000024   Code   RO          823    .text               startup_stm32f427xx.o
    0x080001e4   0x080001e4   0x00000062   Code   RO         4949    .text               mc_w.l(uldiv.o)
    0x08000246   0x08000246   0x00000024   Code   RO         4951    .text               mc_w.l(memcpya.o)
    0x0800026a   0x0800026a   0x00000024   Code   RO         4953    .text               mc_w.l(memseta.o)
    0x0800028e   0x0800028e   0x0000014e   Code   RO         4957    .text               mf_w.l(dadd.o)
    0x080003dc   0x080003dc   0x000000e4   Code   RO         4959    .text               mf_w.l(dmul.o)
    0x080004c0   0x080004c0   0x000000de   Code   RO         4961    .text               mf_w.l(ddiv.o)
    0x0800059e   0x0800059e   0x00000022   Code   RO         4963    .text               mf_w.l(dflti.o)
    0x080005c0   0x080005c0   0x0000001a   Code   RO         4965    .text               mf_w.l(dfltui.o)
    0x080005da   0x080005da   0x0000003e   Code   RO         4967    .text               mf_w.l(dfixi.o)
    0x08000618   0x08000618   0x00000026   Code   RO         4969    .text               mf_w.l(f2d.o)
    0x0800063e   0x0800063e   0x00000002   PAD
    0x08000640   0x08000640   0x00000030   Code   RO         4971    .text               mf_w.l(cdcmple.o)
    0x08000670   0x08000670   0x00000030   Code   RO         4973    .text               mf_w.l(cdrcmple.o)
    0x080006a0   0x080006a0   0x00000038   Code   RO         4975    .text               mf_w.l(d2f.o)
    0x080006d8   0x080006d8   0x0000001e   Code   RO         4991    .text               mc_w.l(llshl.o)
    0x080006f6   0x080006f6   0x00000020   Code   RO         4993    .text               mc_w.l(llushr.o)
    0x08000716   0x08000716   0x00000024   Code   RO         4995    .text               mc_w.l(llsshr.o)
    0x0800073a   0x0800073a   0x00000000   Code   RO         5004    .text               mc_w.l(iusefp.o)
    0x0800073a   0x0800073a   0x0000006e   Code   RO         5005    .text               mf_w.l(fepilogue.o)
    0x080007a8   0x080007a8   0x000000ba   Code   RO         5007    .text               mf_w.l(depilogue.o)
    0x08000862   0x08000862   0x00000002   PAD
    0x08000864   0x08000864   0x00000024   Code   RO         5011    .text               mc_w.l(init.o)
    0x08000888   0x08000888   0x00000056   Code   RO         5021    .text               mc_w.l(__dczerorl2.o)
    0x080008de   0x080008de   0x00000062   Code   RO          830    i.ADC_DMAConvCplt   stm32f4xx_hal_adc.o
    0x08000940   0x08000940   0x00000016   Code   RO          831    i.ADC_DMAError      stm32f4xx_hal_adc.o
    0x08000956   0x08000956   0x0000000a   Code   RO          832    i.ADC_DMAHalfConvCplt  stm32f4xx_hal_adc.o
    0x08000960   0x08000960   0x0000000c   Code   RO          573    i.ADC_IRQHandler    stm32f4xx_it.o
    0x0800096c   0x0800096c   0x00000138   Code   RO          833    i.ADC_Init          stm32f4xx_hal_adc.o
    0x08000aa4   0x08000aa4   0x00000144   Code   RO         3993    i.Auto_Charge       power_control.o
    0x08000be8   0x08000be8   0x00000084   Code   RO         4376    i.BL_CAN_Send_Msg   transmit.o
    0x08000c6c   0x08000c6c   0x00000098   Code   RO         4516    i.BL_Decode         receive.o
    0x08000d04   0x08000d04   0x00000050   Code   RO         4377    i.BP_CAN_Send_Msg   transmit.o
    0x08000d54   0x08000d54   0x00000088   Code   RO         4517    i.BP_Decode         receive.o
    0x08000ddc   0x08000ddc   0x000000ac   Code   RO         4207    i.BulletLoad_Control  shoot_control.o
    0x08000e88   0x08000e88   0x000000d8   Code   RO         4208    i.BulletPush_Control  shoot_control.o
    0x08000f60   0x08000f60   0x0000007c   Code   RO         4209    i.Bullet_Stuck_Control  shoot_control.o
    0x08000fdc   0x08000fdc   0x00000002   Code   RO          574    i.BusFault_Handler  stm32f4xx_it.o
    0x08000fde   0x08000fde   0x00000002   PAD
    0x08000fe0   0x08000fe0   0x00000020   Code   RO          575    i.CAN1_RX0_IRQHandler  stm32f4xx_it.o
    0x08001000   0x08001000   0x00000020   Code   RO          576    i.CAN2_RX0_IRQHandler  stm32f4xx_it.o
    0x08001020   0x08001020   0x00000132   Code   RO         1105    i.CAN_Receive_IT    stm32f4xx_hal_can.o
    0x08001152   0x08001152   0x00000002   PAD
    0x08001154   0x08001154   0x000000ac   Code   RO         4518    i.CAN_Receive_Msg   receive.o
    0x08001200   0x08001200   0x00000064   Code   RO         1106    i.CAN_Transmit_IT   stm32f4xx_hal_can.o
    0x08001264   0x08001264   0x0000006c   Code   RO         3994    i.CAP_State_Config  power_control.o
    0x080012d0   0x080012d0   0x000000c8   Code   RO         4378    i.CM_CAN_Send_Msg   transmit.o
    0x08001398   0x08001398   0x00000026   Code   RO         4519    i.CMotor_Decode     receive.o
    0x080013be   0x080013be   0x00000002   PAD
    0x080013c0   0x080013c0   0x000000cc   Code   RO         3995    i.Cal_Power         power_control.o
    0x0800148c   0x0800148c   0x0000003c   Code   RO         4895    i.Can1_Filter_Init  can_filter.o
    0x080014c8   0x080014c8   0x0000003c   Code   RO         4896    i.Can2_Filter_Init  can_filter.o
    0x08001504   0x08001504   0x000001c0   Code   RO         4128    i.Chassis_Control   chassis_control.o
    0x080016c4   0x080016c4   0x000000dc   Code   RO         4129    i.Chassis_ref_Set   chassis_control.o
    0x080017a0   0x080017a0   0x000000dc   Code   RO         4800    i.Client_Custom_Data_Set  referee_decode.o
    0x0800187c   0x0800187c   0x0000004c   Code   RO         4801    i.Client_Data_Build  referee_decode.o
    0x080018c8   0x080018c8   0x00000024   Code   RO         4379    i.Client_Transmit   transmit.o
    0x080018ec   0x080018ec   0x00000004   Code   RO         3911    i.Control_Init      remote_control.o
    0x080018f0   0x080018f0   0x0000000c   Code   RO          577    i.DMA1_Stream1_IRQHandler  stm32f4xx_it.o
    0x080018fc   0x080018fc   0x0000000c   Code   RO          578    i.DMA1_Stream3_IRQHandler  stm32f4xx_it.o
    0x08001908   0x08001908   0x0000000c   Code   RO          579    i.DMA1_Stream6_IRQHandler  stm32f4xx_it.o
    0x08001914   0x08001914   0x0000000c   Code   RO          580    i.DMA2_Stream0_IRQHandler  stm32f4xx_it.o
    0x08001920   0x08001920   0x0000000c   Code   RO          581    i.DMA2_Stream1_IRQHandler  stm32f4xx_it.o
    0x0800192c   0x0800192c   0x0000000c   Code   RO          582    i.DMA2_Stream2_IRQHandler  stm32f4xx_it.o
    0x08001938   0x08001938   0x0000000c   Code   RO          583    i.DMA2_Stream6_IRQHandler  stm32f4xx_it.o
    0x08001944   0x08001944   0x0000002c   Code   RO         3131    i.DMA_CalcBaseAndBitshift  stm32f4xx_hal_dma.o
    0x08001970   0x08001970   0x00000088   Code   RO         3132    i.DMA_CheckFifoParam  stm32f4xx_hal_dma.o
    0x080019f8   0x080019f8   0x0000002a   Code   RO         3133    i.DMA_SetConfig     stm32f4xx_hal_dma.o
    0x08001a22   0x08001a22   0x00000002   PAD
    0x08001a24   0x08001a24   0x00000038   Code   RO         4480    i.Data_17mm_Build   17mm.o
    0x08001a5c   0x08001a5c   0x0000007c   Code   RO         4481    i.Data_17mm_Set     17mm.o
    0x08001ad8   0x08001ad8   0x00000020   Code   RO         4381    i.Data_17mm_Transmit  transmit.o
    0x08001af8   0x08001af8   0x00000002   Code   RO          584    i.DebugMon_Handler  stm32f4xx_it.o
    0x08001afa   0x08001afa   0x00000002   PAD
    0x08001afc   0x08001afc   0x00000048   Code   RO          585    i.EXTI0_IRQHandler  stm32f4xx_it.o
    0x08001b44   0x08001b44   0x00000016   Code   RO          586    i.EXTI15_10_IRQHandler  stm32f4xx_it.o
    0x08001b5a   0x08001b5a   0x00000002   PAD
    0x08001b5c   0x08001b5c   0x00000058   Code   RO          587    i.EXTI9_5_IRQHandler  stm32f4xx_it.o
    0x08001bb4   0x08001bb4   0x00000002   Code   RO            4    i.Error_Handler     main.o
    0x08001bb6   0x08001bb6   0x00000002   PAD
    0x08001bb8   0x08001bb8   0x00000020   Code   RO         3748    i.Forecast_Filter   gimbal_control.o
    0x08001bd8   0x08001bd8   0x0000007c   Code   RO         4382    i.GM_CAN_Send_Msg   transmit.o
    0x08001c54   0x08001c54   0x000000b0   Code   RO         4520    i.GMotor_Decode     receive.o
    0x08001d04   0x08001d04   0x000000a6   Code   RO         3749    i.GMotor_PosPID     gimbal_control.o
    0x08001daa   0x08001daa   0x000000a6   Code   RO         3750    i.GMotor_VelPID     gimbal_control.o
    0x08001e50   0x08001e50   0x000000bc   Code   RO         3996    i.GetCapVoltage     power_control.o
    0x08001f0c   0x08001f0c   0x0000004c   Code   RO         3997    i.GetChassisCurrent  power_control.o
    0x08001f58   0x08001f58   0x00000034   Code   RO         3998    i.GetDCCurrent      power_control.o
    0x08001f8c   0x08001f8c   0x00000030   Code   RO         4693    i.Get_CRC16_Check_Sum  crc.o
    0x08001fbc   0x08001fbc   0x0000001c   Code   RO         4694    i.Get_CRC8_Check_Sum  crc.o
    0x08001fd8   0x08001fd8   0x00000016   Code   RO         3751    i.Gimbal_Control    gimbal_control.o
    0x08001fee   0x08001fee   0x00000002   PAD
    0x08001ff0   0x08001ff0   0x00000030   Code   RO         3752    i.Gimbal_Limit      gimbal_control.o
    0x08002020   0x08002020   0x00000370   Code   RO         3753    i.Gimbal_TraceForecast  gimbal_control.o
    0x08002390   0x08002390   0x00000002   Code   RO         1004    i.HAL_ADCEx_InjectedConvCpltCallback  stm32f4xx_hal_adc_ex.o
    0x08002392   0x08002392   0x00000002   PAD
    0x08002394   0x08002394   0x00000160   Code   RO          835    i.HAL_ADC_ConfigChannel  stm32f4xx_hal_adc.o
    0x080024f4   0x080024f4   0x000000d4   Code   RO          251    i.HAL_ADC_ConvCpltCallback  adc.o
    0x080025c8   0x080025c8   0x00000002   Code   RO          837    i.HAL_ADC_ConvHalfCpltCallback  stm32f4xx_hal_adc.o
    0x080025ca   0x080025ca   0x00000002   Code   RO          839    i.HAL_ADC_ErrorCallback  stm32f4xx_hal_adc.o
    0x080025cc   0x080025cc   0x0000013e   Code   RO          843    i.HAL_ADC_IRQHandler  stm32f4xx_hal_adc.o
    0x0800270a   0x0800270a   0x00000054   Code   RO          844    i.HAL_ADC_Init      stm32f4xx_hal_adc.o
    0x0800275e   0x0800275e   0x00000002   Code   RO          845    i.HAL_ADC_LevelOutOfWindowCallback  stm32f4xx_hal_adc.o
    0x08002760   0x08002760   0x000000cc   Code   RO          253    i.HAL_ADC_MspInit   adc.o
    0x0800282c   0x0800282c   0x0000011c   Code   RO          851    i.HAL_ADC_Start_DMA  stm32f4xx_hal_adc.o
    0x08002948   0x08002948   0x000000e8   Code   RO         1107    i.HAL_CAN_ConfigFilter  stm32f4xx_hal_can.o
    0x08002a30   0x08002a30   0x00000002   Code   RO         1109    i.HAL_CAN_ErrorCallback  stm32f4xx_hal_can.o
    0x08002a32   0x08002a32   0x00000002   PAD
    0x08002a34   0x08002a34   0x00000188   Code   RO         1112    i.HAL_CAN_IRQHandler  stm32f4xx_hal_can.o
    0x08002bbc   0x08002bbc   0x00000182   Code   RO         1113    i.HAL_CAN_Init      stm32f4xx_hal_can.o
    0x08002d3e   0x08002d3e   0x00000002   PAD
    0x08002d40   0x08002d40   0x00000120   Code   RO          308    i.HAL_CAN_MspInit   can.o
    0x08002e60   0x08002e60   0x00000090   Code   RO         1117    i.HAL_CAN_Receive_IT  stm32f4xx_hal_can.o
    0x08002ef0   0x08002ef0   0x00000002   Code   RO         1118    i.HAL_CAN_RxCpltCallback  stm32f4xx_hal_can.o
    0x08002ef2   0x08002ef2   0x00000002   PAD
    0x08002ef4   0x08002ef4   0x000001b0   Code   RO         1120    i.HAL_CAN_Transmit  stm32f4xx_hal_can.o
    0x080030a4   0x080030a4   0x00000002   Code   RO         1122    i.HAL_CAN_TxCpltCallback  stm32f4xx_hal_can.o
    0x080030a6   0x080030a6   0x00000042   Code   RO         1238    i.HAL_DAC_ConfigChannel  stm32f4xx_hal_dac.o
    0x080030e8   0x080030e8   0x0000002a   Code   RO         1248    i.HAL_DAC_Init      stm32f4xx_hal_dac.o
    0x08003112   0x08003112   0x00000002   PAD
    0x08003114   0x08003114   0x00000060   Code   RO          357    i.HAL_DAC_MspInit   dac.o
    0x08003174   0x08003174   0x00000020   Code   RO         1251    i.HAL_DAC_SetValue  stm32f4xx_hal_dac.o
    0x08003194   0x08003194   0x00000070   Code   RO         1252    i.HAL_DAC_Start     stm32f4xx_hal_dac.o
    0x08003204   0x08003204   0x0000008e   Code   RO         3134    i.HAL_DMA_Abort     stm32f4xx_hal_dma.o
    0x08003292   0x08003292   0x00000024   Code   RO         3135    i.HAL_DMA_Abort_IT  stm32f4xx_hal_dma.o
    0x080032b6   0x080032b6   0x00000002   PAD
    0x080032b8   0x080032b8   0x000001d8   Code   RO         3139    i.HAL_DMA_IRQHandler  stm32f4xx_hal_dma.o
    0x08003490   0x08003490   0x000000d0   Code   RO         3140    i.HAL_DMA_Init      stm32f4xx_hal_dma.o
    0x08003560   0x08003560   0x00000078   Code   RO         3144    i.HAL_DMA_Start_IT  stm32f4xx_hal_dma.o
    0x080035d8   0x080035d8   0x00000016   Code   RO         3559    i.HAL_Delay         stm32f4xx_hal.o
    0x080035ee   0x080035ee   0x00000002   Code   RO         3025    i.HAL_GPIO_EXTI_Callback  stm32f4xx_hal_gpio.o
    0x080035f0   0x080035f0   0x00000018   Code   RO         3026    i.HAL_GPIO_EXTI_IRQHandler  stm32f4xx_hal_gpio.o
    0x08003608   0x08003608   0x000001e0   Code   RO         3027    i.HAL_GPIO_Init     stm32f4xx_hal_gpio.o
    0x080037e8   0x080037e8   0x0000000e   Code   RO         3029    i.HAL_GPIO_ReadPin  stm32f4xx_hal_gpio.o
    0x080037f6   0x080037f6   0x0000000e   Code   RO         3031    i.HAL_GPIO_WritePin  stm32f4xx_hal_gpio.o
    0x08003804   0x08003804   0x0000000c   Code   RO         3567    i.HAL_GetTick       stm32f4xx_hal.o
    0x08003810   0x08003810   0x00000010   Code   RO         3568    i.HAL_IncTick       stm32f4xx_hal.o
    0x08003820   0x08003820   0x00000034   Code   RO         3569    i.HAL_Init          stm32f4xx_hal.o
    0x08003854   0x08003854   0x00000028   Code   RO         3570    i.HAL_InitTick      stm32f4xx_hal.o
    0x0800387c   0x0800387c   0x00000034   Code   RO          799    i.HAL_MspInit       stm32f4xx_hal_msp.o
    0x080038b0   0x080038b0   0x00000090   Code   RO         2347    i.HAL_MultiProcessor_Init  stm32f4xx_hal_uart.o
    0x08003940   0x08003940   0x00000016   Code   RO         3432    i.HAL_NVIC_EnableIRQ  stm32f4xx_hal_cortex.o
    0x08003956   0x08003956   0x00000002   PAD
    0x08003958   0x08003958   0x00000040   Code   RO         3438    i.HAL_NVIC_SetPriority  stm32f4xx_hal_cortex.o
    0x08003998   0x08003998   0x00000024   Code   RO         3439    i.HAL_NVIC_SetPriorityGrouping  stm32f4xx_hal_cortex.o
    0x080039bc   0x080039bc   0x00000184   Code   RO         2598    i.HAL_RCC_ClockConfig  stm32f4xx_hal_rcc.o
    0x08003b40   0x08003b40   0x0000000c   Code   RO         2603    i.HAL_RCC_GetHCLKFreq  stm32f4xx_hal_rcc.o
    0x08003b4c   0x08003b4c   0x0000002c   Code   RO         2605    i.HAL_RCC_GetPCLK1Freq  stm32f4xx_hal_rcc.o
    0x08003b78   0x08003b78   0x0000002c   Code   RO         2606    i.HAL_RCC_GetPCLK2Freq  stm32f4xx_hal_rcc.o
    0x08003ba4   0x08003ba4   0x00000084   Code   RO         2607    i.HAL_RCC_GetSysClockFreq  stm32f4xx_hal_rcc.o
    0x08003c28   0x08003c28   0x00000314   Code   RO         2610    i.HAL_RCC_OscConfig  stm32f4xx_hal_rcc.o
    0x08003f3c   0x08003f3c   0x00000028   Code   RO         3443    i.HAL_SYSTICK_Config  stm32f4xx_hal_cortex.o
    0x08003f64   0x08003f64   0x00000002   Code   RO         2101    i.HAL_TIMEx_BreakCallback  stm32f4xx_hal_tim_ex.o
    0x08003f66   0x08003f66   0x00000002   Code   RO         2102    i.HAL_TIMEx_CommutationCallback  stm32f4xx_hal_tim_ex.o
    0x08003f68   0x08003f68   0x00000050   Code   RO         2118    i.HAL_TIMEx_MasterConfigSynchronization  stm32f4xx_hal_tim_ex.o
    0x08003fb8   0x08003fb8   0x00000038   Code   RO         1462    i.HAL_TIM_Base_Init  stm32f4xx_hal_tim.o
    0x08003ff0   0x08003ff0   0x00000128   Code   RO          495    i.HAL_TIM_Base_MspInit  tim.o
    0x08004118   0x08004118   0x00000018   Code   RO         1467    i.HAL_TIM_Base_Start_IT  stm32f4xx_hal_tim.o
    0x08004130   0x08004130   0x0000010e   Code   RO         1471    i.HAL_TIM_ConfigClockSource  stm32f4xx_hal_tim.o
    0x0800423e   0x0800423e   0x00000002   Code   RO         1491    i.HAL_TIM_IC_CaptureCallback  stm32f4xx_hal_tim.o
    0x08004240   0x08004240   0x0000016e   Code   RO         1504    i.HAL_TIM_IRQHandler  stm32f4xx_hal_tim.o
    0x080043ae   0x080043ae   0x00000002   PAD
    0x080043b0   0x080043b0   0x00000088   Code   RO          496    i.HAL_TIM_MspPostInit  tim.o
    0x08004438   0x08004438   0x00000002   Code   RO         1507    i.HAL_TIM_OC_DelayElapsedCallback  stm32f4xx_hal_tim.o
    0x0800443a   0x0800443a   0x000000da   Code   RO         1528    i.HAL_TIM_PWM_ConfigChannel  stm32f4xx_hal_tim.o
    0x08004514   0x08004514   0x00000038   Code   RO         1531    i.HAL_TIM_PWM_Init  stm32f4xx_hal_tim.o
    0x0800454c   0x0800454c   0x00000002   Code   RO         1533    i.HAL_TIM_PWM_MspInit  stm32f4xx_hal_tim.o
    0x0800454e   0x0800454e   0x00000002   Code   RO         1534    i.HAL_TIM_PWM_PulseFinishedCallback  stm32f4xx_hal_tim.o
    0x08004550   0x08004550   0x00000002   Code   RO         1541    i.HAL_TIM_PeriodElapsedCallback  stm32f4xx_hal_tim.o
    0x08004552   0x08004552   0x00000002   Code   RO         1545    i.HAL_TIM_TriggerCallback  stm32f4xx_hal_tim.o
    0x08004554   0x08004554   0x00000058   Code   RO         2350    i.HAL_UART_DMAStop  stm32f4xx_hal_uart.o
    0x080045ac   0x080045ac   0x00000002   Code   RO         2352    i.HAL_UART_ErrorCallback  stm32f4xx_hal_uart.o
    0x080045ae   0x080045ae   0x00000002   PAD
    0x080045b0   0x080045b0   0x00000110   Code   RO         2355    i.HAL_UART_IRQHandler  stm32f4xx_hal_uart.o
    0x080046c0   0x080046c0   0x00000420   Code   RO          423    i.HAL_UART_MspInit  usart.o
    0x08004ae0   0x08004ae0   0x00000090   Code   RO         2360    i.HAL_UART_Receive_DMA  stm32f4xx_hal_uart.o
    0x08004b70   0x08004b70   0x00000002   Code   RO         2362    i.HAL_UART_RxCpltCallback  stm32f4xx_hal_uart.o
    0x08004b72   0x08004b72   0x00000002   Code   RO         2363    i.HAL_UART_RxHalfCpltCallback  stm32f4xx_hal_uart.o
    0x08004b74   0x08004b74   0x000000ca   Code   RO         2364    i.HAL_UART_Transmit  stm32f4xx_hal_uart.o
    0x08004c3e   0x08004c3e   0x00000002   Code   RO         2367    i.HAL_UART_TxCpltCallback  stm32f4xx_hal_uart.o
    0x08004c40   0x08004c40   0x00000228   Code   RO         4754    i.HI_IMU_Data_Decode  imu.o
    0x08004e68   0x08004e68   0x0000007c   Code   RO         4521    i.HI_IMU_Data_Receive  receive.o
    0x08004ee4   0x08004ee4   0x00000002   Code   RO          588    i.HardFault_Handler  stm32f4xx_it.o
    0x08004ee6   0x08004ee6   0x00000002   PAD
    0x08004ee8   0x08004ee8   0x000000a4   Code   RO         4755    i.IMU_Calibration   imu.o
    0x08004f8c   0x08004f8c   0x00000040   Code   RO         4522    i.IMU_Data_Receive_Start  receive.o
    0x08004fcc   0x08004fcc   0x000003b8   Code   RO         3912    i.Key_Mouse_Process  remote_control.o
    0x08005384   0x08005384   0x00000090   Code   RO          254    i.MX_ADC1_Init      adc.o
    0x08005414   0x08005414   0x00000048   Code   RO          309    i.MX_CAN1_Init      can.o
    0x0800545c   0x0800545c   0x00000048   Code   RO          310    i.MX_CAN2_Init      can.o
    0x080054a4   0x080054a4   0x0000003c   Code   RO          358    i.MX_DAC_Init       dac.o
    0x080054e0   0x080054e0   0x000000ac   Code   RO          398    i.MX_DMA_Init       dma.o
    0x0800558c   0x0800558c   0x00000284   Code   RO          227    i.MX_GPIO_Init      gpio.o
    0x08005810   0x08005810   0x0000004c   Code   RO          497    i.MX_TIM12_Init     tim.o
    0x0800585c   0x0800585c   0x00000064   Code   RO          498    i.MX_TIM2_Init      tim.o
    0x080058c0   0x080058c0   0x00000064   Code   RO          499    i.MX_TIM3_Init      tim.o
    0x08005924   0x08005924   0x00000064   Code   RO          500    i.MX_TIM4_Init      tim.o
    0x08005988   0x08005988   0x000000a8   Code   RO          501    i.MX_TIM5_Init      tim.o
    0x08005a30   0x08005a30   0x00000068   Code   RO          502    i.MX_TIM7_Init      tim.o
    0x08005a98   0x08005a98   0x0000003c   Code   RO          424    i.MX_UART7_Init     usart.o
    0x08005ad4   0x08005ad4   0x0000003c   Code   RO          425    i.MX_UART8_Init     usart.o
    0x08005b10   0x08005b10   0x00000044   Code   RO          426    i.MX_USART1_UART_Init  usart.o
    0x08005b54   0x08005b54   0x0000003c   Code   RO          427    i.MX_USART2_UART_Init  usart.o
    0x08005b90   0x08005b90   0x0000003c   Code   RO          428    i.MX_USART3_UART_Init  usart.o
    0x08005bcc   0x08005bcc   0x0000003c   Code   RO          429    i.MX_USART6_UART_Init  usart.o
    0x08005c08   0x08005c08   0x00000002   Code   RO          589    i.MemManage_Handler  stm32f4xx_it.o
    0x08005c0a   0x08005c0a   0x00000002   PAD
    0x08005c0c   0x08005c0c   0x00000020   Code   RO         4653    i.MiniPC_Filter     minipc.o
    0x08005c2c   0x08005c2c   0x000000fc   Code   RO         4654    i.Mini_PC_Data_Decode  minipc.o
    0x08005d28   0x08005d28   0x00000078   Code   RO         4523    i.Mini_PC_Data_Receive  receive.o
    0x08005da0   0x08005da0   0x00000020   Code   RO         4524    i.Mini_PC_Receive_Start  receive.o
    0x08005dc0   0x08005dc0   0x00000040   Code   RO         4383    i.Mini_PC_Transmit  transmit.o
    0x08005e00   0x08005e00   0x00000020   Code   RO         3999    i.Motor_Theory_Power  power_control.o
    0x08005e20   0x08005e20   0x000000b0   Code   RO         4130    i.Motor_VelPID      chassis_control.o
    0x08005ed0   0x08005ed0   0x00000002   Code   RO          590    i.NMI_Handler       stm32f4xx_it.o
    0x08005ed2   0x08005ed2   0x00000020   Code   RO         3445    i.NVIC_SetPriority  stm32f4xx_hal_cortex.o
    0x08005ef2   0x08005ef2   0x00000002   PAD
    0x08005ef4   0x08005ef4   0x00000024   Code   RO         3754    i.PID_Clear         gimbal_control.o
    0x08005f18   0x08005f18   0x00000002   Code   RO          591    i.PendSV_Handler    stm32f4xx_it.o
    0x08005f1a   0x08005f1a   0x00000002   PAD
    0x08005f1c   0x08005f1c   0x0000024c   Code   RO         3755    i.Pitch_Control     gimbal_control.o
    0x08006168   0x08006168   0x000000ac   Code   RO         4211    i.PosPID            shoot_control.o
    0x08006214   0x08006214   0x000000c6   Code   RO         3756    i.Pos_half_PID      gimbal_control.o
    0x080062da   0x080062da   0x00000002   PAD
    0x080062dc   0x080062dc   0x00000674   Code   RO         4000    i.Power_Ctrl        power_control.o
    0x08006950   0x08006950   0x00000068   Code   RO         4001    i.Power_PID_Cal     power_control.o
    0x080069b8   0x080069b8   0x000000e8   Code   RO         4002    i.Power_Supply_Ctrl  power_control.o
    0x08006aa0   0x08006aa0   0x00000020   Code   RO         3757    i.Ptich_Filter      gimbal_control.o
    0x08006ac0   0x08006ac0   0x00000094   Code   RO         3913    i.RC_DataHandle     remote_control.o
    0x08006b54   0x08006b54   0x00000220   Code   RO         4803    i.RefereeDecode     referee_decode.o
    0x08006d74   0x08006d74   0x00000078   Code   RO         4525    i.Referee_Data_Receive  receive.o
    0x08006dec   0x08006dec   0x00000020   Code   RO         4526    i.Referee_Data_Receive_Start  receive.o
    0x08006e0c   0x08006e0c   0x00000048   Code   RO         3914    i.Remode_Input_Judge  remote_control.o
    0x08006e54   0x08006e54   0x00000128   Code   RO         3915    i.Remote_Process    remote_control.o
    0x08006f7c   0x08006f7c   0x00000088   Code   RO         4527    i.RemotreCtl_Data_Receive  receive.o
    0x08007004   0x08007004   0x00000020   Code   RO         4528    i.RemotreCtl_Data_Receive_Start  receive.o
    0x08007024   0x08007024   0x000000a8   Code   RO         4131    i.Rotate_Pos_PID    chassis_control.o
    0x080070cc   0x080070cc   0x000000a8   Code   RO         4132    i.Rotate_Vel_PID    chassis_control.o
    0x08007174   0x08007174   0x00000078   Code   RO         4384    i.SM_CAN_Send_Msg   transmit.o
    0x080071ec   0x080071ec   0x000000a8   Code   RO         4529    i.SM_Decode         receive.o
    0x08007294   0x08007294   0x00000002   Code   RO          592    i.SVC_Handler       stm32f4xx_it.o
    0x08007296   0x08007296   0x00000002   PAD
    0x08007298   0x08007298   0x00000048   Code   RO         4003    i.SetCAPCurrent     power_control.o
    0x080072e0   0x080072e0   0x00000040   Code   RO         4004    i.SetChassisPowerSupply  power_control.o
    0x08007320   0x08007320   0x00000030   Code   RO         4005    i.SetPrimaryDC      power_control.o
    0x08007350   0x08007350   0x00000030   Code   RO         4006    i.SetScondaryDC     power_control.o
    0x08007380   0x08007380   0x00000050   Code   RO         4007    i.Set_Chassis_Judge_State  power_control.o
    0x080073d0   0x080073d0   0x00000098   Code   RO         4133    i.Set_Chassis_Movement_Sta  chassis_control.o
    0x08007468   0x08007468   0x00000028   Code   RO         4134    i.Set_Zero_Ref      chassis_control.o
    0x08007490   0x08007490   0x00000018   Code   RO         4212    i.Shoot_Control     shoot_control.o
    0x080074a8   0x080074a8   0x00000020   Code   RO         4530    i.Shoot_Filter_Left  receive.o
    0x080074c8   0x080074c8   0x00000020   Code   RO         4531    i.Shoot_Filter_Right  receive.o
    0x080074e8   0x080074e8   0x00000084   Code   RO         4213    i.Shoot_Motor_Control  shoot_control.o
    0x0800756c   0x0800756c   0x0000005c   Code   RO         4292    i.Shoot_Strategy_17mm  strategy.o
    0x080075c8   0x080075c8   0x00000044   Code   RO         4293    i.Shoot_Strategy_42mm  strategy.o
    0x0800760c   0x0800760c   0x000000d8   Code   RO         4294    i.Shoot_calculate   strategy.o
    0x080076e4   0x080076e4   0x00000010   Code   RO         3916    i.Stop_Process      remote_control.o
    0x080076f4   0x080076f4   0x00000004   Code   RO          593    i.SysTick_Handler   stm32f4xx_it.o
    0x080076f8   0x080076f8   0x00000094   Code   RO            5    i.SystemClock_Config  main.o
    0x0800778c   0x0800778c   0x00000054   Code   RO         3712    i.SystemInit        system_stm32f4xx.o
    0x080077e0   0x080077e0   0x00000034   Code   RO          594    i.TIM2_IRQHandler   stm32f4xx_it.o
    0x08007814   0x08007814   0x00000014   Code   RO          595    i.TIM3_IRQHandler   stm32f4xx_it.o
    0x08007828   0x08007828   0x00000014   Code   RO          596    i.TIM4_IRQHandler   stm32f4xx_it.o
    0x0800783c   0x0800783c   0x00000014   Code   RO          597    i.TIM7_IRQHandler   stm32f4xx_it.o
    0x08007850   0x08007850   0x00000014   Code   RO          598    i.TIM8_BRK_TIM12_IRQHandler  stm32f4xx_it.o
    0x08007864   0x08007864   0x000000c4   Code   RO         1546    i.TIM_Base_SetConfig  stm32f4xx_hal_tim.o
    0x08007928   0x08007928   0x00000014   Code   RO         1553    i.TIM_ETR_SetConfig  stm32f4xx_hal_tim.o
    0x0800793c   0x0800793c   0x00000010   Code   RO         1554    i.TIM_ITRx_SetConfig  stm32f4xx_hal_tim.o
    0x0800794c   0x0800794c   0x00000060   Code   RO         1555    i.TIM_OC1_SetConfig  stm32f4xx_hal_tim.o
    0x080079ac   0x080079ac   0x0000006c   Code   RO         1556    i.TIM_OC2_SetConfig  stm32f4xx_hal_tim.o
    0x08007a18   0x08007a18   0x00000068   Code   RO         1557    i.TIM_OC3_SetConfig  stm32f4xx_hal_tim.o
    0x08007a80   0x08007a80   0x00000054   Code   RO         1558    i.TIM_OC4_SetConfig  stm32f4xx_hal_tim.o
    0x08007ad4   0x08007ad4   0x00000022   Code   RO         1560    i.TIM_TI1_ConfigInputStage  stm32f4xx_hal_tim.o
    0x08007af6   0x08007af6   0x00000024   Code   RO         1562    i.TIM_TI2_ConfigInputStage  stm32f4xx_hal_tim.o
    0x08007b1a   0x08007b1a   0x00000004   Code   RO          599    i.UART7_IRQHandler  stm32f4xx_it.o
    0x08007b1e   0x08007b1e   0x00000002   Code   RO          600    i.UART8_IRQHandler  stm32f4xx_it.o
    0x08007b20   0x08007b20   0x00000010   Code   RO         2369    i.UART_DMAAbortOnError  stm32f4xx_hal_uart.o
    0x08007b30   0x08007b30   0x0000004a   Code   RO         2370    i.UART_DMAError     stm32f4xx_hal_uart.o
    0x08007b7a   0x08007b7a   0x0000003c   Code   RO         2371    i.UART_DMAReceiveCplt  stm32f4xx_hal_uart.o
    0x08007bb6   0x08007bb6   0x0000000a   Code   RO         2372    i.UART_DMARxHalfCplt  stm32f4xx_hal_uart.o
    0x08007bc0   0x08007bc0   0x0000001c   Code   RO         2375    i.UART_EndRxTransfer  stm32f4xx_hal_uart.o
    0x08007bdc   0x08007bdc   0x0000001a   Code   RO         2376    i.UART_EndTransmit_IT  stm32f4xx_hal_uart.o
    0x08007bf6   0x08007bf6   0x00000012   Code   RO         2377    i.UART_EndTxTransfer  stm32f4xx_hal_uart.o
    0x08007c08   0x08007c08   0x00000092   Code   RO         2378    i.UART_Receive_IT   stm32f4xx_hal_uart.o
    0x08007c9a   0x08007c9a   0x00000002   PAD
    0x08007c9c   0x08007c9c   0x00000314   Code   RO         2379    i.UART_SetConfig    stm32f4xx_hal_uart.o
    0x08007fb0   0x08007fb0   0x00000066   Code   RO         2380    i.UART_Transmit_IT  stm32f4xx_hal_uart.o
    0x08008016   0x08008016   0x00000064   Code   RO         2381    i.UART_WaitOnFlagUntilTimeout  stm32f4xx_hal_uart.o
    0x0800807a   0x0800807a   0x00000004   Code   RO          601    i.USART1_IRQHandler  stm32f4xx_it.o
    0x0800807e   0x0800807e   0x00000004   Code   RO          602    i.USART3_IRQHandler  stm32f4xx_it.o
    0x08008082   0x08008082   0x00000002   PAD
    0x08008084   0x08008084   0x00000014   Code   RO          603    i.USART6_IRQHandler  stm32f4xx_it.o
    0x08008098   0x08008098   0x00000002   Code   RO          604    i.UsageFault_Handler  stm32f4xx_it.o
    0x0800809a   0x0800809a   0x000000a6   Code   RO         4214    i.VelPID            shoot_control.o
    0x08008140   0x08008140   0x000000c6   Code   RO         3760    i.Vel_half_PID      gimbal_control.o
    0x08008206   0x08008206   0x00000002   PAD
    0x08008208   0x08008208   0x00000040   Code   RO         4695    i.Verify_CRC16_Check_Sum  crc.o
    0x08008248   0x08008248   0x00000034   Code   RO         4696    i.Verify_CRC8_Check_Sum  crc.o
    0x0800827c   0x0800827c   0x000002b0   Code   RO         3761    i.Yaw_Control       gimbal_control.o
    0x0800852c   0x0800852c   0x0000000e   Code   RO         5015    i.__scatterload_copy  mc_w.l(handlers.o)
    0x0800853a   0x0800853a   0x00000002   Code   RO         5016    i.__scatterload_null  mc_w.l(handlers.o)
    0x0800853c   0x0800853c   0x0000000e   Code   RO         5017    i.__scatterload_zeroinit  mc_w.l(handlers.o)
    0x0800854a   0x0800854a   0x00000002   PAD
    0x0800854c   0x0800854c   0x0000001c   Code   RO         4804    i.bitclr            referee_decode.o
    0x08008568   0x08008568   0x0000001c   Code   RO         4806    i.bitset            referee_decode.o
    0x08008584   0x08008584   0x00000050   Code   RO         4807    i.data_head_init    referee_decode.o
    0x080085d4   0x080085d4   0x0000022c   Code   RO            6    i.main              main.o
    0x08008800   0x08008800   0x00000020   Code   RO         3765    i.wYaw_Filter       gimbal_control.o
    0x08008820   0x08008820   0x00000010   Data   RO         2611    .constdata          stm32f4xx_hal_rcc.o
    0x08008830   0x08008830   0x00000008   Data   RO         3146    .constdata          stm32f4xx_hal_dma.o
    0x08008838   0x08008838   0x00000300   Data   RO         4697    .constdata          crc.o
    0x08008b38   0x08008b38   0x00000020   Data   RO         5013    Region$$Table       anon$$obj.o


    Execution Region RW_IRAM2 (Exec base: 0x10000000, Load base: 0x08008c64, Size: 0x00000000, Max: 0x00010000, ABSOLUTE)

    **** No section assigned to this execution region ****


    Execution Region RW_IRAM1 (Exec base: 0x20000000, Load base: 0x08008b58, Size: 0x000019b8, Max: 0x00030000, ABSOLUTE, COMPRESSED[0x0000010c])

    Exec Addr    Load Addr    Size         Type   Attr      Idx    E Section Name        Object

    0x20000000   COMPRESSED   0x00000006   Data   RW          256    .data               adc.o
    0x20000006   COMPRESSED   0x00000002   PAD
    0x20000008   COMPRESSED   0x00000008   Data   RW          257    .data               adc.o
    0x20000010   COMPRESSED   0x00000004   Data   RW          258    .data               adc.o
    0x20000014   COMPRESSED   0x00000004   Data   RW          260    .data               adc.o
    0x20000018   COMPRESSED   0x00000004   Data   RW          312    .data               can.o
    0x2000001c   COMPRESSED   0x00000004   Data   RW          605    .data               stm32f4xx_it.o
    0x20000020   COMPRESSED   0x00000004   Data   RW          606    .data               stm32f4xx_it.o
    0x20000024   COMPRESSED   0x00000004   Data   RW         3575    .data               stm32f4xx_hal.o
    0x20000028   COMPRESSED   0x00000004   Data   RW         3714    .data               system_stm32f4xx.o
    0x2000002c   COMPRESSED   0x00000194   Data   RW         3771    .data               gimbal_control.o
    0x200001c0   COMPRESSED   0x00000032   Data   RW         3918    .data               remote_control.o
    0x200001f2   COMPRESSED   0x00000001   Data   RW         3919    .data               remote_control.o
    0x200001f3   COMPRESSED   0x00000001   Data   RW         3921    .data               remote_control.o
    0x200001f4   COMPRESSED   0x0000003c   Data   RW         4009    .data               power_control.o
    0x20000230   COMPRESSED   0x00000050   Data   RW         4138    .data               chassis_control.o
    0x20000280   COMPRESSED   0x0000009c   Data   RW         4216    .data               shoot_control.o
    0x2000031c   COMPRESSED   0x00000004   Data   RW         4217    .data               shoot_control.o
    0x20000320   COMPRESSED   0x00000004   Data   RW         4218    .data               shoot_control.o
    0x20000324   COMPRESSED   0x00000001   Data   RW         4220    .data               shoot_control.o
    0x20000325   COMPRESSED   0x00000001   Data   RW         4221    .data               shoot_control.o
    0x20000326   COMPRESSED   0x00000002   PAD
    0x20000328   COMPRESSED   0x00000014   Data   RW         4295    .data               strategy.o
    0x2000033c   COMPRESSED   0x00000004   Data   RW         4299    .data               strategy.o
    0x20000340   COMPRESSED   0x00000008   Data   RW         4386    .data               transmit.o
    0x20000348   COMPRESSED   0x00000008   Data   RW         4534    .data               receive.o
    0x20000350   COMPRESSED   0x00000014   Data   RW         4657    .data               minipc.o
    0x20000364   COMPRESSED   0x00000004   Data   RW         4698    .data               crc.o
    0x20000368   COMPRESSED   0x0000001c   Data   RW         4760    .data               imu.o
    0x20000384   COMPRESSED   0x00000026   Data   RW         4816    .data               referee_decode.o
    0x200003aa   COMPRESSED   0x00000006   PAD
    0x200003b0        -       0x000000f0   Zero   RW          255    .bss                adc.o
    0x200004a0        -       0x00000080   Zero   RW          311    .bss                can.o
    0x20000520        -       0x00000014   Zero   RW          359    .bss                dac.o
    0x20000534        -       0x00000420   Zero   RW          430    .bss                usart.o
    0x20000954        -       0x00000168   Zero   RW          503    .bss                tim.o
    0x20000abc        -       0x00000260   Zero   RW         3766    .bss                gimbal_control.o
    0x20000d1c        -       0x00000014   Zero   RW         3917    .bss                remote_control.o
    0x20000d30        -       0x00000020   Zero   RW         4008    .bss                power_control.o
    0x20000d50        -       0x00000258   Zero   RW         4137    .bss                chassis_control.o
    0x20000fa8        -       0x000001e0   Zero   RW         4215    .bss                shoot_control.o
    0x20001188        -       0x0000000c   Zero   RW         4385    .bss                transmit.o
    0x20001194        -       0x00000034   Zero   RW         4482    .bss                17mm.o
    0x200011c8        -       0x0000010d   Zero   RW         4532    .bss                receive.o
    0x200012d5        -       0x00000018   Zero   RW         4655    .bss                minipc.o
    0x200012ed   COMPRESSED   0x00000003   PAD
    0x200012f0        -       0x00000018   Zero   RW         4757    .bss                imu.o
    0x20001308        -       0x0000022c   Zero   RW         4809    .bss                referee_decode.o
    0x20001534        -       0x00000080   Zero   RW         4897    .bss                can_filter.o
    0x200015b4   COMPRESSED   0x00000004   PAD
    0x200015b8        -       0x00000400   Zero   RW          820    STACK               startup_stm32f427xx.o


==============================================================================

Image component sizes


      Code (inc. data)   RO Data    RW Data    ZI Data      Debug   Object Name

       180         38          0          0         52       2308   17mm.o
       560         60          0         22        240       3152   adc.o
       432         50          0          4        128       2474   can.o
       120         20          0          0        128       1476   can_filter.o
      1372        172          0         80        600       6358   chassis_control.o
       192         16        768          4          0       3611   crc.o
       156         20          0          0         20       1631   dac.o
       172          4          0          0          0        842   dma.o
      3086        262          0        404        608      16044   gimbal_control.o
       644         44          0          0          0       1335   gpio.o
       716         68          0         28         24       3235   imu.o
       706        110          0          0          0     383359   main.o
       284         20          0         20         24       2829   minipc.o
      3284        378          0         60         32      13100   power_control.o
      1566        254          0          8        269      14392   receive.o
       976        110          0         38        556       9470   referee_decode.o
      1488        170          0         52         20       7008   remote_control.o
      1006         92          0        166        480       7019   shoot_control.o
        36          8        428          0       1024        800   startup_stm32f427xx.o
       142         22          0          4          0       4195   stm32f4xx_hal.o
      1486         48          0          0          0       8310   stm32f4xx_hal_adc.o
         2          0          0          0          0       1001   stm32f4xx_hal_adc_ex.o
      1998         34          0          0          0       8761   stm32f4xx_hal_can.o
       194         14          0          0          0      30495   stm32f4xx_hal_cortex.o
       252          0          0          0          0       3606   stm32f4xx_hal_dac.o
      1200         20          8          0          0       7630   stm32f4xx_hal_dma.o
       534         60          0          0          0       4499   stm32f4xx_hal_gpio.o
        52          4          0          0          0        830   stm32f4xx_hal_msp.o
      1408         66         16          0          0       6419   stm32f4xx_hal_rcc.o
      1696         80          0          0          0      15600   stm32f4xx_hal_tim.o
        84          0          0          0          0       2382   stm32f4xx_hal_tim_ex.o
      2226         24          0          0          0      14953   stm32f4xx_hal_uart.o
       528        132          0          8          0      15540   stm32f4xx_it.o
       376         52          0         24          0       3004   strategy.o
        84         18          0          4          0       1105   system_stm32f4xx.o
      1080         96          0          0        360       6031   tim.o
       788        110          0          8         12       4911   transmit.o
      1424        118          0          0       1056       5834   usart.o

    ----------------------------------------------------------------------
     32582       2794       1252        940       5644     625549   Object Totals
         0          0         32          0          0          0   (incl. Generated)
        52          0          0          6         11          0   (incl. Padding)

    ----------------------------------------------------------------------

      Code (inc. data)   RO Data    RW Data    ZI Data      Debug   Library Member Name

        86          0          0          0          0          0   __dczerorl2.o
         0          0          0          0          0          0   entry.o
         0          0          0          0          0          0   entry10a.o
         0          0          0          0          0          0   entry11a.o
         8          4          0          0          0          0   entry2.o
         4          0          0          0          0          0   entry5.o
         0          0          0          0          0          0   entry7b.o
         0          0          0          0          0          0   entry8b.o
         8          4          0          0          0          0   entry9a.o
        30          0          0          0          0          0   handlers.o
        36          8          0          0          0         68   init.o
         0          0          0          0          0          0   iusefp.o
        30          0          0          0          0         68   llshl.o
        36          0          0          0          0         68   llsshr.o
        32          0          0          0          0         68   llushr.o
        36          0          0          0          0         68   memcpya.o
        36          0          0          0          0        108   memseta.o
        98          0          0          0          0         92   uldiv.o
        48          0          0          0          0         68   cdcmple.o
        48          0          0          0          0         68   cdrcmple.o
        56          0          0          0          0         88   d2f.o
       334          0          0          0          0        148   dadd.o
       222          0          0          0          0        100   ddiv.o
       186          0          0          0          0        176   depilogue.o
        62          0          0          0          0         80   dfixi.o
        34          0          0          0          0         76   dflti.o
        26          0          0          0          0         76   dfltui.o
       228          0          0          0          0         96   dmul.o
        38          0          0          0          0         68   f2d.o
       110          0          0          0          0        168   fepilogue.o

    ----------------------------------------------------------------------
      1838         16          0          0          0       1752   Library Totals
         6          0          0          0          0          0   (incl. Padding)

    ----------------------------------------------------------------------

      Code (inc. data)   RO Data    RW Data    ZI Data      Debug   Library Name

       440         16          0          0          0        540   mc_w.l
      1392          0          0          0          0       1212   mf_w.l

    ----------------------------------------------------------------------
      1838         16          0          0          0       1752   Library Totals

    ----------------------------------------------------------------------

==============================================================================


      Code (inc. data)   RO Data    RW Data    ZI Data      Debug   

     34420       2810       1252        940       5644     603153   Grand Totals
     34420       2810       1252        268       5644     603153   ELF Image Totals (compressed)
     34420       2810       1252        268          0          0   ROM Totals

==============================================================================

    Total RO  Size (Code + RO Data)                35672 (  34.84kB)
    Total RW  Size (RW Data + ZI Data)              6584 (   6.43kB)
    Total ROM Size (Code + RO Data + RW Data)      35940 (  35.10kB)

==============================================================================

