Component: ARM Compiler 5.06 update 6 (build 750) Tool: armlink [4d35ed]

==============================================================================

Section Cross References

    main.o(i.SystemClock_Config) refers to memseta.o(.text) for __aeabi_memclr4
    main.o(i.SystemClock_Config) refers to stm32f4xx_hal_rcc.o(i.HAL_RCC_OscConfig) for HAL_RCC_OscConfig
    main.o(i.SystemClock_Config) refers to main.o(i.Error_Handler) for Error_Handler
    main.o(i.SystemClock_Config) refers to stm32f4xx_hal_rcc.o(i.HAL_RCC_ClockConfig) for HAL_RCC_ClockConfig
    main.o(i.main) refers to stm32f4xx_hal.o(i.HAL_Init) for HAL_Init
    main.o(i.main) refers to main.o(i.SystemClock_Config) for SystemClock_Config
    main.o(i.main) refers to gpio.o(i.MX_GPIO_Init) for MX_GPIO_Init
    main.o(i.main) refers to dma.o(i.MX_DMA_Init) for MX_DMA_Init
    main.o(i.main) refers to can.o(i.MX_CAN1_Init) for MX_CAN1_Init
    main.o(i.main) refers to usart.o(i.MX_UART8_Init) for MX_UART8_Init
    main.o(i.main) refers to usart.o(i.MX_USART6_UART_Init) for MX_USART6_UART_Init
    main.o(i.main) refers to can.o(i.MX_CAN2_Init) for MX_CAN2_Init
    main.o(i.main) refers to tim.o(i.MX_TIM3_Init) for MX_TIM3_Init
    main.o(i.main) refers to tim.o(i.MX_TIM2_Init) for MX_TIM2_Init
    main.o(i.main) refers to tim.o(i.MX_TIM7_Init) for MX_TIM7_Init
    main.o(i.main) refers to usart.o(i.MX_UART7_Init) for MX_UART7_Init
    main.o(i.main) refers to usart.o(i.MX_USART1_UART_Init) for MX_USART1_UART_Init
    main.o(i.main) refers to tim.o(i.MX_TIM5_Init) for MX_TIM5_Init
    main.o(i.main) refers to tim.o(i.MX_TIM8_Init) for MX_TIM8_Init
    main.o(i.main) refers to usart.o(i.MX_USART3_UART_Init) for MX_USART3_UART_Init
    main.o(i.main) refers to adc.o(i.MX_ADC1_Init) for MX_ADC1_Init
    main.o(i.main) refers to dac.o(i.MX_DAC_Init) for MX_DAC_Init
    main.o(i.main) refers to usart.o(i.MX_USART2_UART_Init) for MX_USART2_UART_Init
    main.o(i.main) refers to can_filter.o(i.Can1_Filter_Init) for Can1_Filter_Init
    main.o(i.main) refers to can_filter.o(i.Can2_Filter_Init) for Can2_Filter_Init
    main.o(i.main) refers to receive.o(i.IMU_Data_Receive_Start) for IMU_Data_Receive_Start
    main.o(i.main) refers to stm32f4xx_hal.o(i.HAL_Delay) for HAL_Delay
    main.o(i.main) refers to receive.o(i.Referee_Data_Receive_Start) for Referee_Data_Receive_Start
    main.o(i.main) refers to receive.o(i.Mini_PC_Receive_Start) for Mini_PC_Receive_Start
    main.o(i.main) refers to remote_control.o(i.Control_Init) for Control_Init
    main.o(i.main) refers to stm32f4xx_hal_tim.o(i.HAL_TIM_PWM_Start) for HAL_TIM_PWM_Start
    main.o(i.main) refers to stm32f4xx_hal_tim.o(i.HAL_TIM_Base_Start_IT) for HAL_TIM_Base_Start_IT
    main.o(i.main) refers to imu.o(i.IMU_Calibration) for IMU_Calibration
    main.o(i.main) refers to receive.o(i.RemotreCtl_Data_Receive_Start) for RemotreCtl_Data_Receive_Start
    main.o(i.main) refers to stm32f4xx_hal_dac.o(i.HAL_DAC_Start) for HAL_DAC_Start
    main.o(i.main) refers to stm32f4xx_hal_adc.o(i.HAL_ADC_Start_DMA) for HAL_ADC_Start_DMA
    main.o(i.main) refers to gimbal_control.o(i.TD_Init) for TD_Init
    main.o(i.main) refers to power_control.o(i.GetCapVoltage) for GetCapVoltage
    main.o(i.main) refers to tim.o(.bss) for htim5
    main.o(i.main) refers to imu.o(.data) for IMU_round
    main.o(i.main) refers to gimbal_control.o(.bss) for GMotor_Yaw
    main.o(i.main) refers to shoot_control.o(.data) for Bullet_Num
    main.o(i.main) refers to minipc.o(.data) for Bullet_Num_Init
    main.o(i.main) refers to dac.o(.bss) for hdac
    main.o(i.main) refers to adc.o(.bss) for value
    main.o(i.main) refers to gimbal_control.o(.bss) for td1
    gpio.o(i.MX_GPIO_Init) refers to memseta.o(.text) for __aeabi_memclr4
    gpio.o(i.MX_GPIO_Init) refers to stm32f4xx_hal_gpio.o(i.HAL_GPIO_WritePin) for HAL_GPIO_WritePin
    gpio.o(i.MX_GPIO_Init) refers to stm32f4xx_hal_gpio.o(i.HAL_GPIO_Init) for HAL_GPIO_Init
    gpio.o(i.MX_GPIO_Init) refers to stm32f4xx_hal_cortex.o(i.HAL_NVIC_SetPriority) for HAL_NVIC_SetPriority
    gpio.o(i.MX_GPIO_Init) refers to stm32f4xx_hal_cortex.o(i.HAL_NVIC_EnableIRQ) for HAL_NVIC_EnableIRQ
    adc.o(i.HAL_ADC_ConvCpltCallback) refers to uldiv.o(.text) for __aeabi_uldivmod
    adc.o(i.HAL_ADC_ConvCpltCallback) refers to ffltui.o(.text) for __aeabi_ui2f
    adc.o(i.HAL_ADC_ConvCpltCallback) refers to fmul.o(.text) for __aeabi_fmul
    adc.o(i.HAL_ADC_ConvCpltCallback) refers to fadd.o(.text) for __aeabi_fadd
    adc.o(i.HAL_ADC_ConvCpltCallback) refers to ffixui.o(.text) for __aeabi_f2uiz
    adc.o(i.HAL_ADC_ConvCpltCallback) refers to adc.o(.data) for .data
    adc.o(i.HAL_ADC_ConvCpltCallback) refers to adc.o(.bss) for .bss
    adc.o(i.HAL_ADC_MspDeInit) refers to stm32f4xx_hal_gpio.o(i.HAL_GPIO_DeInit) for HAL_GPIO_DeInit
    adc.o(i.HAL_ADC_MspDeInit) refers to stm32f4xx_hal_dma.o(i.HAL_DMA_DeInit) for HAL_DMA_DeInit
[...]
    ADC_IRQHandler                           0x08000c75   Thumb Code     6  stm32f4xx_it.o(i.ADC_IRQHandler)
    Auto_Charge                              0x08000db9   Thumb Code   104  power_control.o(i.Auto_Charge)
    BL_CAN_Send_Msg                          0x08000e3d   Thumb Code   102  transmit.o(i.BL_CAN_Send_Msg)
    BL_Decode                                0x08000eb1   Thumb Code   132  receive.o(i.BL_Decode)
    BP_CAN_Send_Msg                          0x08000f3d   Thumb Code    64  transmit.o(i.BP_CAN_Send_Msg)
    BP_Decode                                0x08000f85   Thumb Code   144  receive.o(i.BP_Decode)
    BulletLoad_Control                       0x08001021   Thumb Code   118  shoot_control.o(i.BulletLoad_Control)
    BulletPush_Control                       0x080010a9   Thumb Code   108  shoot_control.o(i.BulletPush_Control)
    BusFault_Handler                         0x0800112d   Thumb Code     2  stm32f4xx_it.o(i.BusFault_Handler)
    CAN1_RX0_IRQHandler                      0x08001131   Thumb Code    26  stm32f4xx_it.o(i.CAN1_RX0_IRQHandler)
    CAN2_RX0_IRQHandler                      0x08001151   Thumb Code    26  stm32f4xx_it.o(i.CAN2_RX0_IRQHandler)
    CAN_Receive_Msg                          0x080012a5   Thumb Code   122  receive.o(i.CAN_Receive_Msg)
    CM_CAN_Send_Msg                          0x080013b5   Thumb Code   136  transmit.o(i.CM_CAN_Send_Msg)
    CMotor_Decode                            0x08001451   Thumb Code    40  receive.o(i.CMotor_Decode)
    Cal_Power                                0x08001479   Thumb Code   246  power_control.o(i.Cal_Power)
    Can1_Filter_Init                         0x080015a1   Thumb Code    50  can_filter.o(i.Can1_Filter_Init)
    Can2_Filter_Init                         0x080015dd   Thumb Code    52  can_filter.o(i.Can2_Filter_Init)
    Chassis_Control                          0x08001619   Thumb Code   466  chassis_control.o(i.Chassis_Control)
    Chassis_ref_Set                          0x08001835   Thumb Code   176  chassis_control.o(i.Chassis_ref_Set)
    Client_Custom_Data_Set                   0x080018fd   Thumb Code    44  referee_decode.o(i.Client_Custom_Data_Set)
    Client_Data_Build                        0x08001939   Thumb Code    66  referee_decode.o(i.Client_Data_Build)
    Client_Transmit                          0x08001985   Thumb Code    26  transmit.o(i.Client_Transmit)
    Control_Init                             0x080019a9   Thumb Code     4  remote_control.o(i.Control_Init)
    Cover_Control                            0x080019ad   Thumb Code    34  shoot_control.o(i.Cover_Control)
    DMA1_Stream1_IRQHandler                  0x080019d9   Thumb Code     6  stm32f4xx_it.o(i.DMA1_Stream1_IRQHandler)
    DMA1_Stream3_IRQHandler                  0x080019e5   Thumb Code     6  stm32f4xx_it.o(i.DMA1_Stream3_IRQHandler)
    DMA1_Stream6_IRQHandler                  0x080019f1   Thumb Code     6  stm32f4xx_it.o(i.DMA1_Stream6_IRQHandler)
    DMA2_Stream0_IRQHandler                  0x080019fd   Thumb Code     6  stm32f4xx_it.o(i.DMA2_Stream0_IRQHandler)
    DMA2_Stream1_IRQHandler                  0x08001a09   Thumb Code     6  stm32f4xx_it.o(i.DMA2_Stream1_IRQHandler)
    DMA2_Stream2_IRQHandler                  0x08001a15   Thumb Code     6  stm32f4xx_it.o(i.DMA2_Stream2_IRQHandler)
    DMA2_Stream6_IRQHandler                  0x08001a21   Thumb Code     6  stm32f4xx_it.o(i.DMA2_Stream6_IRQHandler)
    DataScope_Data_Generate                  0x08001b0d   Thumb Code   126  datascope_dp.o(i.DataScope_Data_Generate)
    DataScope_Get_Channel_Data               0x08001b91   Thumb Code   150  datascope_dp.o(i.DataScope_Get_Channel_Data)
    DataScope_Transmit                       0x08001c2d   Thumb Code   104  transmit.o(i.DataScope_Transmit)
    DebugMon_Handler                         0x08001cb5   Thumb Code     2  stm32f4xx_it.o(i.DebugMon_Handler)
    EXTI0_IRQHandler                         0x08001cb9   Thumb Code    14  stm32f4xx_it.o(i.EXTI0_IRQHandler)
    EXTI15_10_IRQHandler                     0x08001ccd   Thumb Code    22  stm32f4xx_it.o(i.EXTI15_10_IRQHandler)
    EXTI9_5_IRQHandler                       0x08001ce5   Thumb Code    56  stm32f4xx_it.o(i.EXTI9_5_IRQHandler)
    Error_Handler                            0x08001d35   Thumb Code     2  main.o(i.Error_Handler)
    Filter                                   0x08001d39   Thumb Code    48  gimbal_control.o(i.Filter)
    Float2Byte                               0x08001d6d   Thumb Code    20  datascope_dp.o(i.Float2Byte)
    GM_CAN_Send_Msg                          0x08001d81   Thumb Code    88  transmit.o(i.GM_CAN_Send_Msg)
    GMotor_Pitch_Decode                      0x08001de5   Thumb Code   112  receive.o(i.GMotor_Pitch_Decode)
    GMotor_PosPID                            0x08001e61   Thumb Code   146  gimbal_control.o(i.GMotor_PosPID)
    GMotor_VelPID                            0x08001efd   Thumb Code   204  gimbal_control.o(i.GMotor_VelPID)
    GMotor_Yaw_Decode                        0x08001fd1   Thumb Code   116  receive.o(i.GMotor_Yaw_Decode)
    GetCapVoltage                            0x0800204d   Thumb Code    36  power_control.o(i.GetCapVoltage)
    Get_CRC16_Check_Sum                      0x08002085   Thumb Code    44  crc.o(i.Get_CRC16_Check_Sum)
    Get_CRC8_Check_Sum                       0x080020b5   Thumb Code    24  crc.o(i.Get_CRC8_Check_Sum)
    Gimbal_Control                           0x080020d1   Thumb Code    44  gimbal_control.o(i.Gimbal_Control)
    Gimbal_Limit                             0x08002111   Thumb Code    24  remote_control.o(i.Gimbal_Limit)
    Gimbal_TraceForecast                     0x08002135   Thumb Code   432  gimbal_control.o(i.Gimbal_TraceForecast)
    HAL_ADCEx_InjectedConvCpltCallback       0x0800230d   Thumb Code     2  stm32f4xx_hal_adc_ex.o(i.HAL_ADCEx_InjectedConvCpltCallback)
    HAL_ADC_ConfigChannel                    0x08002311   Thumb Code   334  stm32f4xx_hal_adc.o(i.HAL_ADC_ConfigChannel)
    HAL_ADC_ConvCpltCallback                 0x08002471   Thumb Code   192  adc.o(i.HAL_ADC_ConvCpltCallback)
    HAL_ADC_ConvHalfCpltCallback             0x08002545   Thumb Code     2  stm32f4xx_hal_adc.o(i.HAL_ADC_ConvHalfCpltCallback)
    HAL_ADC_ErrorCallback                    0x08002547   Thumb Code     2  stm32f4xx_hal_adc.o(i.HAL_ADC_ErrorCallback)
    HAL_ADC_IRQHandler                       0x08002549   Thumb Code   318  stm32f4xx_hal_adc.o(i.HAL_ADC_IRQHandler)
    HAL_ADC_Init                             0x08002687   Thumb Code    84  stm32f4xx_hal_adc.o(i.HAL_ADC_Init)
    HAL_ADC_LevelOutOfWindowCallback         0x080026db   Thumb Code     2  stm32f4xx_hal_adc.o(i.HAL_ADC_LevelOutOfWindowCallback)
    HAL_ADC_MspInit                          0x080026dd   Thumb Code   180  adc.o(i.HAL_ADC_MspInit)
    HAL_ADC_Start_DMA                        0x080027a9   Thumb Code   258  stm32f4xx_hal_adc.o(i.HAL_ADC_Start_DMA)
    HAL_CAN_ConfigFilter                     0x080028c5   Thumb Code   222  stm32f4xx_hal_can.o(i.HAL_CAN_ConfigFilter)
    HAL_CAN_ErrorCallback                    0x080029ad   Thumb Code     2  stm32f4xx_hal_can.o(i.HAL_CAN_ErrorCallback)
    HAL_CAN_IRQHandler                       0x080029b1   Thumb Code   380  stm32f4xx_hal_can.o(i.HAL_CAN_IRQHandler)
    HAL_CAN_Init                             0x08002b39   Thumb Code   386  stm32f4xx_hal_can.o(i.HAL_CAN_Init)
    HAL_CAN_MspInit                          0x08002cbd   Thumb Code   258  can.o(i.HAL_CAN_MspInit)
    HAL_CAN_Receive_IT                       0x08002ddd   Thumb Code   144  stm32f4xx_hal_can.o(i.HAL_CAN_Receive_IT)
    HAL_CAN_RxCpltCallback                   0x08002e6d   Thumb Code     2  stm32f4xx_hal_can.o(i.HAL_CAN_RxCpltCallback)
    HAL_CAN_Transmit                         0x08002e71   Thumb Code   420  stm32f4xx_hal_can.o(i.HAL_CAN_Transmit)
    HAL_CAN_TxCpltCallback                   0x08003021   Thumb Code     2  stm32f4xx_hal_can.o(i.HAL_CAN_TxCpltCallback)
    HAL_DAC_ConfigChannel                    0x08003023   Thumb Code    66  stm32f4xx_hal_dac.o(i.HAL_DAC_ConfigChannel)
    HAL_DAC_Init                             0x08003065   Thumb Code    42  stm32f4xx_hal_dac.o(i.HAL_DAC_Init)
    HAL_DAC_MspInit                          0x08003091   Thumb Code    84  dac.o(i.HAL_DAC_MspInit)
    HAL_DAC_SetValue                         0x080030f1   Thumb Code    32  stm32f4xx_hal_dac.o(i.HAL_DAC_SetValue)
    HAL_DAC_Start                            0x08003111   Thumb Code   112  stm32f4xx_hal_dac.o(i.HAL_DAC_Start)
    HAL_DMA_Abort                            0x08003181   Thumb Code   142  stm32f4xx_hal_dma.o(i.HAL_DMA_Abort)
    HAL_DMA_Abort_IT                         0x0800320f   Thumb Code    36  stm32f4xx_hal_dma.o(i.HAL_DMA_Abort_IT)
    HAL_DMA_IRQHandler                       0x08003235   Thumb Code   462  stm32f4xx_hal_dma.o(i.HAL_DMA_IRQHandler)
    HAL_DMA_Init                             0x0800340d   Thumb Code   204  stm32f4xx_hal_dma.o(i.HAL_DMA_Init)
    HAL_DMA_Start_IT                         0x080034dd   Thumb Code   120  stm32f4xx_hal_dma.o(i.HAL_DMA_Start_IT)
    HAL_Delay                                0x08003555   Thumb Code    22  stm32f4xx_hal.o(i.HAL_Delay)
    HAL_GPIO_EXTI_Callback                   0x0800356b   Thumb Code     2  stm32f4xx_hal_gpio.o(i.HAL_GPIO_EXTI_Callback)
    HAL_GPIO_EXTI_IRQHandler                 0x0800356d   Thumb Code    18  stm32f4xx_hal_gpio.o(i.HAL_GPIO_EXTI_IRQHandler)
    HAL_GPIO_Init                            0x08003585   Thumb Code   426  stm32f4xx_hal_gpio.o(i.HAL_GPIO_Init)
    HAL_GPIO_ReadPin                         0x08003765   Thumb Code    14  stm32f4xx_hal_gpio.o(i.HAL_GPIO_ReadPin)
    HAL_GPIO_WritePin                        0x08003773   Thumb Code    14  stm32f4xx_hal_gpio.o(i.HAL_GPIO_WritePin)
    HAL_GetTick                              0x08003781   Thumb Code     6  stm32f4xx_hal.o(i.HAL_GetTick)
    HAL_IncTick                              0x0800378d   Thumb Code    10  stm32f4xx_hal.o(i.HAL_IncTick)
    HAL_Init                                 0x0800379d   Thumb Code    48  stm32f4xx_hal.o(i.HAL_Init)
    HAL_InitTick                             0x080037d1   Thumb Code    34  stm32f4xx_hal.o(i.HAL_InitTick)
    HAL_MspInit                              0x080037f9   Thumb Code    48  stm32f4xx_hal_msp.o(i.HAL_MspInit)
    HAL_MultiProcessor_Init                  0x0800382d   Thumb Code   144  stm32f4xx_hal_uart.o(i.HAL_MultiProcessor_Init)
    HAL_NVIC_EnableIRQ                       0x080038bd   Thumb Code    22  stm32f4xx_hal_cortex.o(i.HAL_NVIC_EnableIRQ)
    HAL_NVIC_SetPriority                     0x080038d5   Thumb Code    60  stm32f4xx_hal_cortex.o(i.HAL_NVIC_SetPriority)
    HAL_NVIC_SetPriorityGrouping             0x08003915   Thumb Code    26  stm32f4xx_hal_cortex.o(i.HAL_NVIC_SetPriorityGrouping)
    HAL_RCC_ClockConfig                      0x08003939   Thumb Code   372  stm32f4xx_hal_rcc.o(i.HAL_RCC_ClockConfig)
    HAL_RCC_GetHCLKFreq                      0x08003abd   Thumb Code     6  stm32f4xx_hal_rcc.o(i.HAL_RCC_GetHCLKFreq)
    HAL_RCC_GetPCLK1Freq                     0x08003ac9   Thumb Code    36  stm32f4xx_hal_rcc.o(i.HAL_RCC_GetPCLK1Freq)
    HAL_RCC_GetPCLK2Freq                     0x08003af5   Thumb Code    36  stm32f4xx_hal_rcc.o(i.HAL_RCC_GetPCLK2Freq)
    HAL_RCC_GetSysClockFreq                  0x08003b21   Thumb Code   120  stm32f4xx_hal_rcc.o(i.HAL_RCC_GetSysClockFreq)
    HAL_RCC_OscConfig                        0x08003ba5   Thumb Code   772  stm32f4xx_hal_rcc.o(i.HAL_RCC_OscConfig)
    HAL_SYSTICK_Config                       0x08003eb9   Thumb Code    40  stm32f4xx_hal_cortex.o(i.HAL_SYSTICK_Config)
    HAL_TIMEx_BreakCallback                  0x08003ee1   Thumb Code     2  stm32f4xx_hal_tim_ex.o(i.HAL_TIMEx_BreakCallback)
    HAL_TIMEx_CommutationCallback            0x08003ee3   Thumb Code     2  stm32f4xx_hal_tim_ex.o(i.HAL_TIMEx_CommutationCallback)
    HAL_TIMEx_ConfigBreakDeadTime            0x08003ee5   Thumb Code    66  stm32f4xx_hal_tim_ex.o(i.HAL_TIMEx_ConfigBreakDeadTime)
    HAL_TIMEx_MasterConfigSynchronization    0x08003f27   Thumb Code    80  stm32f4xx_hal_tim_ex.o(i.HAL_TIMEx_MasterConfigSynchronization)
    HAL_TIM_Base_Init                        0x08003f77   Thumb Code    56  stm32f4xx_hal_tim.o(i.HAL_TIM_Base_Init)
    HAL_TIM_Base_MspInit                     0x08003fb1   Thumb Code   184  tim.o(i.HAL_TIM_Base_MspInit)
    HAL_TIM_Base_Start_IT                    0x0800407d   Thumb Code    24  stm32f4xx_hal_tim.o(i.HAL_TIM_Base_Start_IT)
    HAL_TIM_ConfigClockSource                0x08004095   Thumb Code   270  stm32f4xx_hal_tim.o(i.HAL_TIM_ConfigClockSource)
    HAL_TIM_IC_CaptureCallback               0x080041a3   Thumb Code     2  stm32f4xx_hal_tim.o(i.HAL_TIM_IC_CaptureCallback)
    HAL_TIM_IRQHandler                       0x080041a5   Thumb Code   366  stm32f4xx_hal_tim.o(i.HAL_TIM_IRQHandler)
    HAL_TIM_MspPostInit                      0x08004315   Thumb Code   116  tim.o(i.HAL_TIM_MspPostInit)
    HAL_TIM_OC_DelayElapsedCallback          0x0800439d   Thumb Code     2  stm32f4xx_hal_tim.o(i.HAL_TIM_OC_DelayElapsedCallback)
    HAL_TIM_PWM_ConfigChannel                0x0800439f   Thumb Code   218  stm32f4xx_hal_tim.o(i.HAL_TIM_PWM_ConfigChannel)
    HAL_TIM_PWM_Init                         0x08004479   Thumb Code    56  stm32f4xx_hal_tim.o(i.HAL_TIM_PWM_Init)
    HAL_TIM_PWM_MspInit                      0x080044b1   Thumb Code     2  stm32f4xx_hal_tim.o(i.HAL_TIM_PWM_MspInit)
    HAL_TIM_PWM_PulseFinishedCallback        0x080044b3   Thumb Code     2  stm32f4xx_hal_tim.o(i.HAL_TIM_PWM_PulseFinishedCallback)
    HAL_TIM_PWM_Start                        0x080044b5   Thumb Code    48  stm32f4xx_hal_tim.o(i.HAL_TIM_PWM_Start)
    HAL_TIM_PeriodElapsedCallback            0x080044ed   Thumb Code     2  stm32f4xx_hal_tim.o(i.HAL_TIM_PeriodElapsedCallback)
    HAL_TIM_TriggerCallback                  0x080044ef   Thumb Code     2  stm32f4xx_hal_tim.o(i.HAL_TIM_TriggerCallback)
    HAL_UART_DMAStop                         0x080044f1   Thumb Code    88  stm32f4xx_hal_uart.o(i.HAL_UART_DMAStop)
    HAL_UART_ErrorCallback                   0x08004549   Thumb Code     2  stm32f4xx_hal_uart.o(i.HAL_UART_ErrorCallback)
    HAL_UART_IRQHandler                      0x0800454d   Thumb Code   268  stm32f4xx_hal_uart.o(i.HAL_UART_IRQHandler)
    HAL_UART_MspInit                         0x0800465d   Thumb Code   940  usart.o(i.HAL_UART_MspInit)
    HAL_UART_Receive_DMA                     0x08004a45   Thumb Code   132  stm32f4xx_hal_uart.o(i.HAL_UART_Receive_DMA)
    HAL_UART_RxCpltCallback                  0x08004ad5   Thumb Code     2  stm32f4xx_hal_uart.o(i.HAL_UART_RxCpltCallback)
    HAL_UART_RxHalfCpltCallback              0x08004ad7   Thumb Code     2  stm32f4xx_hal_uart.o(i.HAL_UART_RxHalfCpltCallback)
    HAL_UART_Transmit                        0x08004ad9   Thumb Code   202  stm32f4xx_hal_uart.o(i.HAL_UART_Transmit)
    HAL_UART_TxCpltCallback                  0x08004ba3   Thumb Code     2  stm32f4xx_hal_uart.o(i.HAL_UART_TxCpltCallback)
    HI_IMU_Data_Decode                       0x08004ba5   Thumb Code   480  imu.o(i.HI_IMU_Data_Decode)
    HI_IMU_Data_Receive                      0x08004da5   Thumb Code   112  receive.o(i.HI_IMU_Data_Receive)
    HardFault_Handler                        0x08004e2d   Thumb Code     2  stm32f4xx_it.o(i.HardFault_Handler)
    IMU_Calibration                          0x08004e31   Thumb Code   104  imu.o(i.IMU_Calibration)
    IMU_Data_Receive_Start                   0x08004eb9   Thumb Code    52  receive.o(i.IMU_Data_Receive_Start)
    JY_IMU_Data_Decode                       0x08004ef9   Thumb Code   512  imu.o(i.JY_IMU_Data_Decode)
    JY_IMU_Data_Receive                      0x08005111   Thumb Code   112  receive.o(i.JY_IMU_Data_Receive)
    Key_Mouse_Process                        0x08005199   Thumb Code  1828  remote_control.o(i.Key_Mouse_Process)
    MX_ADC1_Init                             0x08005935   Thumb Code   130  adc.o(i.MX_ADC1_Init)
    MX_CAN1_Init                             0x080059c5   Thumb Code    62  can.o(i.MX_CAN1_Init)
    MX_CAN2_Init                             0x08005a0d   Thumb Code    62  can.o(i.MX_CAN2_Init)
    MX_DAC_Init                              0x08005a55   Thumb Code    52  dac.o(i.MX_DAC_Init)
    MX_DMA_Init                              0x08005a91   Thumb Code   152  dma.o(i.MX_DMA_Init)
    MX_GPIO_Init                             0x08005b2d   Thumb Code   368  gpio.o(i.MX_GPIO_Init)
    MX_TIM2_Init                             0x08005cc1   Thumb Code    94  tim.o(i.MX_TIM2_Init)
    MX_TIM3_Init                             0x08005d25   Thumb Code    92  tim.o(i.MX_TIM3_Init)
    MX_TIM5_Init                             0x08005d89   Thumb Code   160  tim.o(i.MX_TIM5_Init)
    MX_TIM7_Init                             0x08005e31   Thumb Code    94  tim.o(i.MX_TIM7_Init)
    MX_TIM8_Init                             0x08005e99   Thumb Code   208  tim.o(i.MX_TIM8_Init)
    MX_UART7_Init                            0x08005f71   Thumb Code    52  usart.o(i.MX_UART7_Init)
    MX_UART8_Init                            0x08005fad   Thumb Code    52  usart.o(i.MX_UART8_Init)
    MX_USART1_UART_Init                      0x08005fe9   Thumb Code    54  usart.o(i.MX_USART1_UART_Init)
    MX_USART2_UART_Init                      0x0800602d   Thumb Code    52  usart.o(i.MX_USART2_UART_Init)
    MX_USART3_UART_Init                      0x08006069   Thumb Code    52  usart.o(i.MX_USART3_UART_Init)
    MX_USART6_UART_Init                      0x080060a5   Thumb Code    52  usart.o(i.MX_USART6_UART_Init)
    MemManage_Handler                        0x080060e1   Thumb Code     2  stm32f4xx_it.o(i.MemManage_Handler)
    Mini_PC_Data_Decode                      0x080060e5   Thumb Code   132  minipc.o(i.Mini_PC_Data_Decode)
    Mini_PC_Data_Receive                     0x08006175   Thumb Code   110  receive.o(i.Mini_PC_Data_Receive)
    Mini_PC_Receive_Start                    0x080061fd   Thumb Code    22  receive.o(i.Mini_PC_Receive_Start)
    Mini_PC_Transmit                         0x0800621d   Thumb Code    38  transmit.o(i.Mini_PC_Transmit)
    Motor_Theory_Power                       0x08006255   Thumb Code    28  power_control.o(i.Motor_Theory_Power)
    Motor_VelPID                             0x08006279   Thumb Code   204  chassis_control.o(i.Motor_VelPID)
    NMI_Handler                              0x08006351   Thumb Code     2  stm32f4xx_it.o(i.NMI_Handler)
    PendSV_Handler                           0x08006373   Thumb Code     2  stm32f4xx_it.o(i.PendSV_Handler)
    Pitch_Control                            0x08006375   Thumb Code    84  gimbal_control.o(i.Pitch_Control)
    PosPID                                   0x080063e5   Thumb Code   142  shoot_control.o(i.PosPID)
    Pos_half_PID                             0x0800647d   Thumb Code   196  gimbal_control.o(i.Pos_half_PID)
    Power_Ctrl                               0x08006541   Thumb Code  1452  power_control.o(i.Power_Ctrl)
    Power_PID_Cal                            0x08006b21   Thumb Code   132  power_control.o(i.Power_PID_Cal)
    RC_DataHandle                            0x08006ba9   Thumb Code   142  remote_control.o(i.RC_DataHandle)
    RefereeDecode                            0x08006c3d   Thumb Code   432  referee_decode.o(i.RefereeDecode)
    Referee_Data_Receive                     0x08006e01   Thumb Code   100  receive.o(i.Referee_Data_Receive)
    Referee_Data_Receive_Start               0x08006e79   Thumb Code    22  receive.o(i.Referee_Data_Receive_Start)
    Remode_Input_Judge                       0x08006e99   Thumb Code    76  remote_control.o(i.Remode_Input_Judge)
    Remote_Process                           0x08006ef1   Thumb Code   130  remote_control.o(i.Remote_Process)
    RemotreCtl_Data_Receive                  0x08006f95   Thumb Code   120  receive.o(i.RemotreCtl_Data_Receive)
    RemotreCtl_Data_Receive_Start            0x08007025   Thumb Code    22  receive.o(i.RemotreCtl_Data_Receive_Start)
    Rotate_Pos_PID                           0x08007045   Thumb Code   142  chassis_control.o(i.Rotate_Pos_PID)
    Rotate_Vel_PID                           0x080070dd   Thumb Code   142  chassis_control.o(i.Rotate_Vel_PID)
    SM_CAN_Send_Msg                          0x08007175   Thumb Code    88  transmit.o(i.SM_CAN_Send_Msg)
    SM_Decode                                0x080071d9   Thumb Code    44  receive.o(i.SM_Decode)
    SVC_Handler                              0x08007205   Thumb Code     2  stm32f4xx_it.o(i.SVC_Handler)
    SetCAPCurrent                            0x08007209   Thumb Code    46  power_control.o(i.SetCAPCurrent)
    Shoot_Control                            0x08007249   Thumb Code    46  shoot_control.o(i.Shoot_Control)
    Shoot_Motor_Control                      0x0800727d   Thumb Code   106  shoot_control.o(i.Shoot_Motor_Control)
    Shoot_Strategy_42mm1                     0x080072f1   Thumb Code    54  strategy.o(i.Shoot_Strategy_42mm1)
    Shoot_Strategy_42mm2                     0x08007335   Thumb Code    34  strategy.o(i.Shoot_Strategy_42mm2)
    Shoot_calculate                          0x08007361   Thumb Code    56  strategy.o(i.Shoot_calculate)
    Stop_Process                             0x080073a9   Thumb Code    12  remote_control.o(i.Stop_Process)
    SuperCapCtrl                             0x080073b9   Thumb Code   246  power_control.o(i.SuperCapCtrl)
    SysTick_Handler                          0x080074e9   Thumb Code     4  stm32f4xx_it.o(i.SysTick_Handler)
    SystemClock_Config                       0x080074ed   Thumb Code   138  main.o(i.SystemClock_Config)
    SystemInit                               0x08007581   Thumb Code    54  system_stm32f4xx.o(i.SystemInit)
    TD_Calculate                             0x080075c9   Thumb Code    76  gimbal_control.o(i.TD_Calculate)
    TD_Init                                  0x08007615   Thumb Code     8  gimbal_control.o(i.TD_Init)
    TIM2_IRQHandler                          0x0800761d   Thumb Code    48  stm32f4xx_it.o(i.TIM2_IRQHandler)
    TIM3_IRQHandler                          0x08007655   Thumb Code    20  stm32f4xx_it.o(i.TIM3_IRQHandler)
    TIM7_IRQHandler                          0x0800766d   Thumb Code    16  stm32f4xx_it.o(i.TIM7_IRQHandler)
    TIM_Base_SetConfig                       0x08007681   Thumb Code   152  stm32f4xx_hal_tim.o(i.TIM_Base_SetConfig)
    TIM_CCxChannelCmd                        0x08007745   Thumb Code    22  stm32f4xx_hal_tim.o(i.TIM_CCxChannelCmd)
    TIM_OC2_SetConfig                        0x080077e1   Thumb Code    98  stm32f4xx_hal_tim.o(i.TIM_OC2_SetConfig)
    ToBattery                                0x08007951   Thumb Code    48  power_control.o(i.ToBattery)
    ToCap                                    0x08007989   Thumb Code    48  power_control.o(i.ToCap)
    UART7_IRQHandler                         0x080079c1   Thumb Code     4  stm32f4xx_it.o(i.UART7_IRQHandler)
    UART8_IRQHandler                         0x080079c5   Thumb Code     4  stm32f4xx_it.o(i.UART8_IRQHandler)
    USART1_IRQHandler                        0x08007f23   Thumb Code     4  stm32f4xx_it.o(i.USART1_IRQHandler)
    USART3_IRQHandler                        0x08007f27   Thumb Code     4  stm32f4xx_it.o(i.USART3_IRQHandler)
    USART6_IRQHandler                        0x08007f2d   Thumb Code    16  stm32f4xx_it.o(i.USART6_IRQHandler)
    UsageFault_Handler                       0x08007f41   Thumb Code     2  stm32f4xx_it.o(i.UsageFault_Handler)
    VelPID                                   0x08007f43   Thumb Code   156  shoot_control.o(i.VelPID)
    Vel_half_PID                             0x08007fdf   Thumb Code   196  gimbal_control.o(i.Vel_half_PID)
    Verify_CRC16_Check_Sum                   0x080080a5   Thumb Code    60  crc.o(i.Verify_CRC16_Check_Sum)
    Verify_CRC8_Check_Sum                    0x080080e5   Thumb Code    48  crc.o(i.Verify_CRC8_Check_Sum)
    Yaw_Control                              0x08008119   Thumb Code   768  gimbal_control.o(i.Yaw_Control)
    __ARM_fpclassify                         0x08008469   Thumb Code    40  fpclassify.o(i.__ARM_fpclassify)
    __ieee754_rem_pio2                       0x08008491   Thumb Code   828  rred.o(i.__ieee754_rem_pio2)
    __kernel_cos                             0x08008819   Thumb Code   230  cos_i.o(i.__kernel_cos)
    __kernel_poly                            0x08008915   Thumb Code   170  poly.o(i.__kernel_poly)
    __kernel_sin                             0x080089c1   Thumb Code   224  sin_i.o(i.__kernel_sin)
    __mathlib_dbl_infnan                     0x08008aad   Thumb Code     6  dunder.o(i.__mathlib_dbl_infnan)
    __mathlib_dbl_invalid                    0x08008ab3   Thumb Code    12  dunder.o(i.__mathlib_dbl_invalid)
    __mathlib_dbl_underflow                  0x08008ac1   Thumb Code    10  dunder.o(i.__mathlib_dbl_underflow)
    __scatterload_copy                       0x08008ad1   Thumb Code    14  handlers.o(i.__scatterload_copy)
    __scatterload_null                       0x08008adf   Thumb Code     2  handlers.o(i.__scatterload_null)
    __scatterload_zeroinit                   0x08008ae1   Thumb Code    14  handlers.o(i.__scatterload_zeroinit)
    __set_errno                              0x08008af1   Thumb Code     6  errno.o(i.__set_errno)
    cos                                      0x08008afd   Thumb Code   148  cos.o(i.cos)
    data_head_init                           0x08008b99   Thumb Code    74  referee_decode.o(i.data_head_init)
    main                                     0x08008cf5   Thumb Code   274  main.o(i.main)
    sqrt                                     0x08008e7d   Thumb Code    76  sqrt.o(i.sqrt)
    APBAHBPrescTable                         0x08008ec8   Data          16  stm32f4xx_hal_rcc.o(.constdata)
    CRC8_TAB                                 0x08008ee0   Data         256  crc.o(.constdata)
    CRC16_Table                              0x08008fe0   Data         512  crc.o(.constdata)
    Region$$Table$$Base                      0x08009300   Number         0  anon$$obj.o(Region$$Table)
    Region$$Table$$Limit                     0x08009320   Number         0  anon$$obj.o(Region$$Table)
    dma_count                                0x20000000   Data           2  adc.o(.data)
    current_base                             0x20000002   Data           4  adc.o(.data)
    total_power                              0x20000008   Data           8  adc.o(.data)
    diff_t_p                                 0x20000010   Data           4  adc.o(.data)
    current_i                                0x20000014   Data           8  adc.o(.data)
    DC_DC_Power                              0x2000001c   Data           4  adc.o(.data)
    Client_Flag                              0x20000024   Data           4  stm32f4xx_it.o(.data)
    uwTick                                   0x20000028   Data           4  stm32f4xx_hal.o(.data)
    SystemCoreClock                          0x2000002c   Data           4  system_stm32f4xx.o(.data)
    Follow_Mode                              0x20000030   Data           1  gimbal_control.o(.data)
    Last_Follow_Mode                         0x20000031   Data           1  gimbal_control.o(.data)
    a1                                       0x20000034   Data           4  gimbal_control.o(.data)
    b1                                       0x20000038   Data           4  gimbal_control.o(.data)
    c1                                       0x2000003c   Data           4  gimbal_control.o(.data)
    Yaw_IMU_OFFSET                           0x20000044   Data           4  gimbal_control.o(.data)
    Yaw_angle                                0x20000048   Data           4  gimbal_control.o(.data)
    Pitch_angle                              0x2000004c   Data           4  gimbal_control.o(.data)
    gama1                                    0x20000050   Data           4  gimbal_control.o(.data)
    gama2                                    0x20000054   Data           4  gimbal_control.o(.data)
    Pitch_PosPID                             0x20000058   Data          20  gimbal_control.o(.data)
    Pitch_VelPID                             0x2000006c   Data          20  gimbal_control.o(.data)
    Yaw_PosPID                               0x20000080   Data          20  gimbal_control.o(.data)
    Yaw_VelPID                               0x20000094   Data          20  gimbal_control.o(.data)
    Yaw_IMU_PosPID                           0x200000a8   Data          20  gimbal_control.o(.data)
    Yaw_IMU_VelPID                           0x200000bc   Data          20  gimbal_control.o(.data)
    Yaw_AUTO_PosPID0                         0x200000d0   Data          20  gimbal_control.o(.data)
    Yaw_AUTO_VelPID0                         0x200000e4   Data          20  gimbal_control.o(.data)
    Yaw_AUTO_PosPID1                         0x200000f8   Data          20  gimbal_control.o(.data)
    Yaw_AUTO_VelPID1                         0x2000010c   Data          20  gimbal_control.o(.data)
    Yaw_AUTO_PosPID2                         0x20000120   Data          20  gimbal_control.o(.data)
    Yaw_AUTO_VelPID2                         0x20000134   Data          20  gimbal_control.o(.data)
    Yaw_AUTO_PosPID3                         0x20000148   Data          20  gimbal_control.o(.data)
    Yaw_AUTO_VelPID3                         0x2000015c   Data          20  gimbal_control.o(.data)
    Control_Mode                             0x20000170   Data           1  remote_control.o(.data)
    Power_Mode                               0x20000171   Data           1  remote_control.o(.data)
    Rotate_State                             0x20000172   Data           1  remote_control.o(.data)
    last_press_l                             0x20000174   Data           4  remote_control.o(.data)
    last_press_r                             0x20000178   Data           4  remote_control.o(.data)
    last_key_state                           0x2000017c   Data           4  remote_control.o(.data)
    last_s1_state                            0x20000180   Data           4  remote_control.o(.data)
    last_s2_state                            0x20000184   Data           4  remote_control.o(.data)
    Rotate_State_Flag                        0x20000188   Data           4  remote_control.o(.data)
    strategy_flag                            0x2000018c   Data           4  remote_control.o(.data)
    Tf                                       0x20000190   Data           4  remote_control.o(.data)
    Tr                                       0x20000194   Data           4  remote_control.o(.data)
    Tro                                      0x20000198   Data           4  remote_control.o(.data)
    Tro1                                     0x2000019c   Data           4  remote_control.o(.data)
    rotate_flag                              0x200001a0   Data           4  remote_control.o(.data)
    ChassisRef                               0x200001a4   Data           6  remote_control.o(.data)
    exstate                                  0x200001ac   Data           1  power_control.o(.data)
    CAP_AUTO_CTRL                            0x200001ad   Data           1  power_control.o(.data)
    CAP_STA                                  0x200001ae   Data           1  power_control.o(.data)
    cap_temp                                 0x200001b0   Data           4  power_control.o(.data)
    cap_volt                                 0x200001b4   Data           4  power_control.o(.data)
    Buffer_to_Current                        0x200001b8   Data           4  power_control.o(.data)
    theory_to_fact                           0x200001bc   Data           4  power_control.o(.data)
    theory_power                             0x200001c0   Data           4  power_control.o(.data)
    origin_theory_power                      0x200001c4   Data           4  power_control.o(.data)
    dcrease_ratio                            0x200001c8   Data           4  power_control.o(.data)
    REMOTE_CHASIS_SPEED_TO_REF_FB            0x200001d8   Data           4  chassis_control.o(.data)
    REMOTE_CHASIS_SPEED_TO_REF_LR            0x200001dc   Data           4  chassis_control.o(.data)
    power_max                                0x200001e0   Data           4  chassis_control.o(.data)
    velPara                                  0x200001e4   Data          20  chassis_control.o(.data)
    rotate_Pos_PID1                          0x200001f8   Data          20  chassis_control.o(.data)
    rotate_Pos_PID2                          0x2000020c   Data          20  chassis_control.o(.data)
    rotate_Vel_PID1                          0x20000220   Data          20  chassis_control.o(.data)
    rotate_Vel_PID2                          0x20000234   Data          20  chassis_control.o(.data)
    Cover_State                              0x20000248   Data           1  shoot_control.o(.data)
    SMotor_State                             0x20000249   Data           1  shoot_control.o(.data)
    Shoot_Mode                               0x2000024a   Data           1  shoot_control.o(.data)
    Load_State                               0x2000024b   Data           1  shoot_control.o(.data)
    Last_Load_State                          0x2000024c   Data           1  shoot_control.o(.data)
    BLMotor_Work_State                       0x2000024d   Data           1  shoot_control.o(.data)
    Last_BLMotor_Work_State                  0x2000024e   Data           1  shoot_control.o(.data)
    BPMotor_State                            0x2000024f   Data           1  shoot_control.o(.data)
    Speed_42mm                               0x20000250   Data           4  shoot_control.o(.data)
    Bullet_Load_Vel                          0x20000254   Data           4  shoot_control.o(.data)
    Last_Shoot_State                         0x20000258   Data           4  shoot_control.o(.data)
    Bullet_Num                               0x2000025c   Data           4  shoot_control.o(.data)
    Shoot_VelPID0                            0x20000260   Data          20  shoot_control.o(.data)
    Shoot_VelPID1                            0x20000274   Data          20  shoot_control.o(.data)
    BL_Velpid                                0x20000288   Data          20  shoot_control.o(.data)
    BP_Velpid                                0x2000029c   Data          20  shoot_control.o(.data)
    BL_Pospid                                0x200002b0   Data          20  shoot_control.o(.data)
    Aim_Mode                                 0x200002c4   Data           1  shoot_control.o(.data)
    Last_Aim_Mode                            0x200002c5   Data           1  shoot_control.o(.data)
    Fire_State                               0x200002c8   Data           1  strategy.o(.data)
    my_heat_rest                             0x200002cc   Data           4  strategy.o(.data)
    Q                                        0x200002d0   Data           4  strategy.o(.data)
    heat_rest                                0x200002d4   Data           4  strategy.o(.data)
    last_heat_rest                           0x200002d8   Data           4  strategy.o(.data)
    Mini_PC_16Trans                          0x200002dc   Data           2  transmit.o(.data)
    DataScope_Count                          0x200002e0   Data           4  transmit.o(.data)
    Aim_State                                0x200002e4   Data           1  minipc.o(.data)
    Last_Aim_State                           0x200002e5   Data           1  minipc.o(.data)
    Bullet_Num_Init                          0x200002e6   Data           1  minipc.o(.data)
    pctrans16                                0x200002e8   Data           2  minipc.o(.data)
    pctrans32                                0x200002ec   Data           4  minipc.o(.data)
    Bullet_Num_Initnum                       0x200002f0   Data           4  minipc.o(.data)
    CRC8_INIT                                0x200002f4   Data           1  crc.o(.data)
    CRC16_INIT                               0x200002f6   Data           2  crc.o(.data)
    IMU_State                                0x200002f8   Data           1  imu.o(.data)
    temp                                     0x200002fa   Data           2  imu.o(.data)
    HI_CRCreceive                            0x200002fc   Data           2  imu.o(.data)
    HI_Data_Len                              0x200002fe   Data           2  imu.o(.data)
    HI_LEN                                   0x20000300   Data           2  imu.o(.data)
    imutrans16                               0x20000302   Data           2  imu.o(.data)
    temper                                   0x20000304   Data           4  imu.o(.data)
    last_IMU_z                               0x20000308   Data           4  imu.o(.data)
    IMU_round                                0x2000030c   Data           4  imu.o(.data)
    IMU_acc                                  0x20000310   Data           4  imu.o(.data)
    imu_flag                                 0x20000314   Data           4  imu.o(.data)
    BuffMusk                                 0x20000318   Data           1  referee_decode.o(.data)
    heat_first_flag                          0x2000031c   Data           4  referee_decode.o(.data)
    store_cnt                                0x20000320   Data           4  referee_decode.o(.data)
    ShootData                                0x20000324   Data           6  referee_decode.o(.data)
    last_accpos                              0x2000032c   Data           4  receive.o(.data)
    value_sum                                0x20000338   Data          24  adc.o(.bss)
    value                                    0x20000350   Data          12  adc.o(.bss)
    value_res                                0x2000035c   Data          12  adc.o(.bss)
    value_ex_flt                             0x20000368   Data          12  adc.o(.bss)
    value_filter                             0x20000374   Data          12  adc.o(.bss)
    hadc1                                    0x20000380   Data          72  adc.o(.bss)
    hdma_adc1                                0x200003c8   Data          96  adc.o(.bss)
    hcan1                                    0x20000428   Data          64  can.o(.bss)
    hcan2                                    0x20000468   Data          64  can.o(.bss)
    hdac                                     0x200004a8   Data          20  dac.o(.bss)
    huart7                                   0x200004bc   Data          64  usart.o(.bss)
    huart8                                   0x200004fc   Data          64  usart.o(.bss)
    huart1                                   0x2000053c   Data          64  usart.o(.bss)
    huart2                                   0x2000057c   Data          64  usart.o(.bss)
    huart3                                   0x200005bc   Data          64  usart.o(.bss)
    huart6                                   0x200005fc   Data          64  usart.o(.bss)
    hdma_uart7_rx                            0x2000063c   Data          96  usart.o(.bss)
    hdma_uart8_rx                            0x2000069c   Data          96  usart.o(.bss)
    hdma_usart1_rx                           0x200006fc   Data          96  usart.o(.bss)
    hdma_usart3_rx                           0x2000075c   Data          96  usart.o(.bss)
    hdma_usart6_rx                           0x200007bc   Data          96  usart.o(.bss)
    hdma_usart6_tx                           0x2000081c   Data          96  usart.o(.bss)
    htim2                                    0x2000087c   Data          60  tim.o(.bss)
    htim3                                    0x200008b8   Data          60  tim.o(.bss)
    htim5                                    0x200008f4   Data          60  tim.o(.bss)
    htim7                                    0x20000930   Data          60  tim.o(.bss)
    htim8                                    0x2000096c   Data          60  tim.o(.bss)
    GMotor_Pitch                             0x200009a8   Data         120  gimbal_control.o(.bss)
    GMotor_Yaw                               0x20000a20   Data         120  gimbal_control.o(.bss)
    GimbalRef                                0x20000a98   Data          12  gimbal_control.o(.bss)
    Filter2                                  0x20000aa4   Data          44  gimbal_control.o(.bss)
    GimbalFilter                             0x20000ad0   Data         196  gimbal_control.o(.bss)
    td                                       0x20000b94   Data          28  gimbal_control.o(.bss)
    td2                                      0x20000bb0   Data          28  gimbal_control.o(.bss)
    td1                                      0x20000bcc   Data          28  gimbal_control.o(.bss)
    RC_Ctrl_Data                             0x20000be8   Data          20  remote_control.o(.bss)
    Motor_power                              0x20000bfc   Data          16  power_control.o(.bss)
    Origin_Motor_power                       0x20000c0c   Data          16  power_control.o(.bss)
    rotate_Pos_PID0                          0x20000c1c   Data          20  chassis_control.o(.bss)
    rotate_Vel_PID0                          0x20000c30   Data          20  chassis_control.o(.bss)
    CMotor1                                  0x20000c44   Data         120  chassis_control.o(.bss)
    CMotor2                                  0x20000cbc   Data         120  chassis_control.o(.bss)
    CMotor3                                  0x20000d34   Data         120  chassis_control.o(.bss)
    CMotor4                                  0x20000dac   Data         120  chassis_control.o(.bss)
    Rotate                                   0x20000e24   Data         120  chassis_control.o(.bss)
    SLMotor                                  0x20000e9c   Data         120  shoot_control.o(.bss)
    SRMotor                                  0x20000f14   Data         120  shoot_control.o(.bss)
    BLMotor                                  0x20000f8c   Data         120  shoot_control.o(.bss)
    BPMotor                                  0x20001004   Data         120  shoot_control.o(.bss)
    DataScope_OutPut_Buffer                  0x2000107c   Data          42  datascope_dp.o(.bss)
    Mini_PC_Data                             0x200010a6   Data          12  transmit.o(.bss)
    MiniPC                                   0x200010b4   Data          12  minipc.o(.bss)
    jy_imu_acc                               0x200010c0   Data          12  imu.o(.bss)
    jy_imu_angvel                            0x200010cc   Data          12  imu.o(.bss)
    jy_imu_ang                               0x200010d8   Data          12  imu.o(.bss)
    hi_imu_angvel                            0x200010e4   Data          12  imu.o(.bss)
    hi_imu_ang                               0x200010f0   Data          12  imu.o(.bss)
    Client_Data                              0x200010fc   Data          16  referee_decode.o(.bss)
    PowerHeatData                            0x2000110c   Data          14  referee_decode.o(.bss)
    RobotState                               0x2000111a   Data          15  referee_decode.o(.bss)
    RefereeData_t                            0x20001129   Data          70  referee_decode.o(.bss)
    speed_store                              0x20001170   Data         400  referee_decode.o(.bss)
    send_data                                0x20001300   Data          28  referee_decode.o(.bss)
    USART1_DMA_RX_BUF                        0x2000131c   Data          30  receive.o(.bss)
    USART6_DMA_RX_BUF                        0x2000133a   Data         128  receive.o(.bss)
    USART8_DMA_RX_BUF                        0x200013ba   Data          40  receive.o(.bss)
    USART3_DMA_RX_BUF                        0x200013e2   Data          18  receive.o(.bss)
    USART7_DMA_RX_BUF                        0x200013f4   Data          40  receive.o(.bss)
    CAN1_TxMessage                           0x2000141c   Data          28  can_filter.o(.bss)
    CAN1_RxMessage                           0x20001438   Data          36  can_filter.o(.bss)
    CAN2_TxMessage                           0x2000145c   Data          28  can_filter.o(.bss)
    CAN2_RxMessage                           0x20001478   Data          36  can_filter.o(.bss)
    __initial_sp                             0x200018a0   Data           0  startup_stm32f427xx.o(STACK)



==============================================================================

Memory Map of the image

  Image Entry point : 0x080001ad

  Load Region LR_IROM1 (Base: 0x08000000, Size: 0x00009654, Max: 0x00200000, ABSOLUTE, COMPRESSED[0x00009430])

    Execution Region ER_IROM1 (Exec base: 0x08000000, Load base: 0x08000000, Size: 0x00009320, Max: 0x00200000, ABSOLUTE)

    Exec Addr    Load Addr    Size         Type   Attr      Idx    E Section Name        Object

    0x08000000   0x08000000   0x000001ac   Data   RO          799    RESET               startup_stm32f427xx.o
    0x080001ac   0x080001ac   0x00000000   Code   RO         4819  * .ARM.Collect$$$$00000000  mc_w.l(entry.o)
    0x080001ac   0x080001ac   0x00000004   Code   RO         4900    .ARM.Collect$$$$00000001  mc_w.l(entry2.o)
    0x080001b0   0x080001b0   0x00000004   Code   RO         4903    .ARM.Collect$$$$00000004  mc_w.l(entry5.o)
    0x080001b4   0x080001b4   0x00000000   Code   RO         4905    .ARM.Collect$$$$00000008  mc_w.l(entry7b.o)
    0x080001b4   0x080001b4   0x00000000   Code   RO         4907    .ARM.Collect$$$$0000000A  mc_w.l(entry8b.o)
    0x080001b4   0x080001b4   0x00000008   Code   RO         4908    .ARM.Collect$$$$0000000B  mc_w.l(entry9a.o)
    0x080001bc   0x080001bc   0x00000000   Code   RO         4910    .ARM.Collect$$$$0000000D  mc_w.l(entry10a.o)
    0x080001bc   0x080001bc   0x00000000   Code   RO         4912    .ARM.Collect$$$$0000000F  mc_w.l(entry11a.o)
    0x080001bc   0x080001bc   0x00000004   Code   RO         4901    .ARM.Collect$$$$00002712  mc_w.l(entry2.o)
    0x080001c0   0x080001c0   0x00000024   Code   RO          800    .text               startup_stm32f427xx.o
    0x080001e4   0x080001e4   0x00000062   Code   RO         4822    .text               mc_w.l(uldiv.o)
    0x08000246   0x08000246   0x00000024   Code   RO         4824    .text               mc_w.l(memcpya.o)
    0x0800026a   0x0800026a   0x00000024   Code   RO         4826    .text               mc_w.l(memseta.o)
    0x0800028e   0x0800028e   0x000000b0   Code   RO         4830    .text               mf_w.l(fadd.o)
    0x0800033e   0x0800033e   0x00000064   Code   RO         4832    .text               mf_w.l(fmul.o)
    0x080003a2   0x080003a2   0x0000007c   Code   RO         4834    .text               mf_w.l(fdiv.o)
    0x0800041e   0x0800041e   0x00000018   Code   RO         4836    .text               mf_w.l(fscalb.o)
    0x08000436   0x08000436   0x0000014e   Code   RO         4838    .text               mf_w.l(dadd.o)
    0x08000584   0x08000584   0x000000e4   Code   RO         4840    .text               mf_w.l(dmul.o)
    0x08000668   0x08000668   0x000000de   Code   RO         4842    .text               mf_w.l(ddiv.o)
    0x08000746   0x08000746   0x0000002e   Code   RO         4844    .text               mf_w.l(dscalb.o)
    0x08000774   0x08000774   0x00000012   Code   RO         4846    .text               mf_w.l(fflti.o)
    0x08000786   0x08000786   0x0000000a   Code   RO         4848    .text               mf_w.l(ffltui.o)
    0x08000790   0x08000790   0x00000022   Code   RO         4850    .text               mf_w.l(dflti.o)
    0x080007b2   0x080007b2   0x0000001a   Code   RO         4852    .text               mf_w.l(dfltui.o)
    0x080007cc   0x080007cc   0x00000032   Code   RO         4854    .text               mf_w.l(ffixi.o)
    0x080007fe   0x080007fe   0x00000028   Code   RO         4856    .text               mf_w.l(ffixui.o)
    0x08000826   0x08000826   0x0000003e   Code   RO         4858    .text               mf_w.l(dfixi.o)
    0x08000864   0x08000864   0x00000026   Code   RO         4860    .text               mf_w.l(f2d.o)
    0x0800088a   0x0800088a   0x00000002   PAD
    0x0800088c   0x0800088c   0x00000030   Code   RO         4862    .text               mf_w.l(cdcmple.o)
    0x080008bc   0x080008bc   0x00000030   Code   RO         4864    .text               mf_w.l(cdrcmple.o)
    0x080008ec   0x080008ec   0x00000038   Code   RO         4866    .text               mf_w.l(d2f.o)
    0x08000924   0x08000924   0x00000014   Code   RO         4868    .text               mf_w.l(cfcmple.o)
    0x08000938   0x08000938   0x00000014   Code   RO         4870    .text               mf_w.l(cfrcmple.o)
    0x0800094c   0x0800094c   0x0000001e   Code   RO         4914    .text               mc_w.l(llshl.o)
    0x0800096a   0x0800096a   0x00000020   Code   RO         4916    .text               mc_w.l(llushr.o)
    0x0800098a   0x0800098a   0x00000024   Code   RO         4918    .text               mc_w.l(llsshr.o)
    0x080009ae   0x080009ae   0x00000000   Code   RO         4927    .text               mc_w.l(iusefp.o)
    0x080009ae   0x080009ae   0x0000006e   Code   RO         4928    .text               mf_w.l(fepilogue.o)
    0x08000a1c   0x08000a1c   0x000000ba   Code   RO         4930    .text               mf_w.l(depilogue.o)
    0x08000ad6   0x08000ad6   0x000000a2   Code   RO         4932    .text               mf_w.l(dsqrt.o)
    0x08000b78   0x08000b78   0x00000024   Code   RO         4938    .text               mc_w.l(init.o)
    0x08000b9c   0x08000b9c   0x00000056   Code   RO         4948    .text               mc_w.l(__dczerorl2.o)
    0x08000bf2   0x08000bf2   0x00000062   Code   RO          807    i.ADC_DMAConvCplt   stm32f4xx_hal_adc.o
    0x08000c54   0x08000c54   0x00000016   Code   RO          808    i.ADC_DMAError      stm32f4xx_hal_adc.o
    0x08000c6a   0x08000c6a   0x0000000a   Code   RO          809    i.ADC_DMAHalfConvCplt  stm32f4xx_hal_adc.o
    0x08000c74   0x08000c74   0x0000000c   Code   RO          567    i.ADC_IRQHandler    stm32f4xx_it.o
    0x08000c80   0x08000c80   0x00000138   Code   RO          810    i.ADC_Init          stm32f4xx_hal_adc.o
    0x08000db8   0x08000db8   0x00000084   Code   RO         3981    i.Auto_Charge       power_control.o
    0x08000e3c   0x08000e3c   0x00000074   Code   RO         4327    i.BL_CAN_Send_Msg   transmit.o
    0x08000eb0   0x08000eb0   0x0000008c   Code   RO         4642    i.BL_Decode         receive.o
    0x08000f3c   0x08000f3c   0x00000048   Code   RO         4328    i.BP_CAN_Send_Msg   transmit.o
    0x08000f84   0x08000f84   0x0000009c   Code   RO         4643    i.BP_Decode         receive.o
    0x08001020   0x08001020   0x00000088   Code   RO         4166    i.BulletLoad_Control  shoot_control.o
    0x080010a8   0x080010a8   0x00000084   Code   RO         4167    i.BulletPush_Control  shoot_control.o
    0x0800112c   0x0800112c   0x00000002   Code   RO          568    i.BusFault_Handler  stm32f4xx_it.o
    0x0800112e   0x0800112e   0x00000002   PAD
    0x08001130   0x08001130   0x00000020   Code   RO          569    i.CAN1_RX0_IRQHandler  stm32f4xx_it.o
    0x08001150   0x08001150   0x00000020   Code   RO          570    i.CAN2_RX0_IRQHandler  stm32f4xx_it.o
    0x08001170   0x08001170   0x00000132   Code   RO         1082    i.CAN_Receive_IT    stm32f4xx_hal_can.o
    0x080012a2   0x080012a2   0x00000002   PAD
    0x080012a4   0x080012a4   0x000000ac   Code   RO         4644    i.CAN_Receive_Msg   receive.o
    0x08001350   0x08001350   0x00000064   Code   RO         1083    i.CAN_Transmit_IT   stm32f4xx_hal_can.o
    0x080013b4   0x080013b4   0x0000009c   Code   RO         4329    i.CM_CAN_Send_Msg   transmit.o
    0x08001450   0x08001450   0x00000028   Code   RO         4645    i.CMotor_Decode     receive.o
    0x08001478   0x08001478   0x00000128   Code   RO         3982    i.Cal_Power         power_control.o
    0x080015a0   0x080015a0   0x0000003c   Code   RO         4770    i.Can1_Filter_Init  can_filter.o
    0x080015dc   0x080015dc   0x0000003c   Code   RO         4771    i.Can2_Filter_Init  can_filter.o
    0x08001618   0x08001618   0x0000021c   Code   RO         4095    i.Chassis_Control   chassis_control.o
    0x08001834   0x08001834   0x000000c8   Code   RO         4096    i.Chassis_ref_Set   chassis_control.o
    0x080018fc   0x080018fc   0x0000003c   Code   RO         4560    i.Client_Custom_Data_Set  referee_decode.o
    0x08001938   0x08001938   0x0000004c   Code   RO         4561    i.Client_Data_Build  referee_decode.o
    0x08001984   0x08001984   0x00000024   Code   RO         4330    i.Client_Transmit   transmit.o
    0x080019a8   0x080019a8   0x00000004   Code   RO         3897    i.Control_Init      remote_control.o
    0x080019ac   0x080019ac   0x0000002c   Code   RO         4168    i.Cover_Control     shoot_control.o
    0x080019d8   0x080019d8   0x0000000c   Code   RO          571    i.DMA1_Stream1_IRQHandler  stm32f4xx_it.o
    0x080019e4   0x080019e4   0x0000000c   Code   RO          572    i.DMA1_Stream3_IRQHandler  stm32f4xx_it.o
    0x080019f0   0x080019f0   0x0000000c   Code   RO          573    i.DMA1_Stream6_IRQHandler  stm32f4xx_it.o
    0x080019fc   0x080019fc   0x0000000c   Code   RO          574    i.DMA2_Stream0_IRQHandler  stm32f4xx_it.o
    0x08001a08   0x08001a08   0x0000000c   Code   RO          575    i.DMA2_Stream1_IRQHandler  stm32f4xx_it.o
    0x08001a14   0x08001a14   0x0000000c   Code   RO          576    i.DMA2_Stream2_IRQHandler  stm32f4xx_it.o
    0x08001a20   0x08001a20   0x0000000c   Code   RO          577    i.DMA2_Stream6_IRQHandler  stm32f4xx_it.o
    0x08001a2c   0x08001a2c   0x0000002c   Code   RO         3108    i.DMA_CalcBaseAndBitshift  stm32f4xx_hal_dma.o
    0x08001a58   0x08001a58   0x00000088   Code   RO         3109    i.DMA_CheckFifoParam  stm32f4xx_hal_dma.o
    0x08001ae0   0x08001ae0   0x0000002a   Code   RO         3110    i.DMA_SetConfig     stm32f4xx_hal_dma.o
    0x08001b0a   0x08001b0a   0x00000002   PAD
    0x08001b0c   0x08001b0c   0x00000084   Code   RO         4294    i.DataScope_Data_Generate  datascope_dp.o
    0x08001b90   0x08001b90   0x0000009c   Code   RO         4295    i.DataScope_Get_Channel_Data  datascope_dp.o
    0x08001c2c   0x08001c2c   0x00000088   Code   RO         4331    i.DataScope_Transmit  transmit.o
    0x08001cb4   0x08001cb4   0x00000002   Code   RO          578    i.DebugMon_Handler  stm32f4xx_it.o
    0x08001cb6   0x08001cb6   0x00000002   PAD
    0x08001cb8   0x08001cb8   0x00000014   Code   RO          579    i.EXTI0_IRQHandler  stm32f4xx_it.o
    0x08001ccc   0x08001ccc   0x00000016   Code   RO          580    i.EXTI15_10_IRQHandler  stm32f4xx_it.o
    0x08001ce2   0x08001ce2   0x00000002   PAD
    0x08001ce4   0x08001ce4   0x00000050   Code   RO          581    i.EXTI9_5_IRQHandler  stm32f4xx_it.o
    0x08001d34   0x08001d34   0x00000002   Code   RO            4    i.Error_Handler     main.o
    0x08001d36   0x08001d36   0x00000002   PAD
    0x08001d38   0x08001d38   0x00000034   Code   RO         3727    i.Filter            gimbal_control.o
    0x08001d6c   0x08001d6c   0x00000014   Code   RO         4296    i.Float2Byte        datascope_dp.o
    0x08001d80   0x08001d80   0x00000064   Code   RO         4332    i.GM_CAN_Send_Msg   transmit.o
    0x08001de4   0x08001de4   0x0000007c   Code   RO         4646    i.GMotor_Pitch_Decode  receive.o
    0x08001e60   0x08001e60   0x0000009c   Code   RO         3728    i.GMotor_PosPID     gimbal_control.o
    0x08001efc   0x08001efc   0x000000d4   Code   RO         3729    i.GMotor_VelPID     gimbal_control.o
    0x08001fd0   0x08001fd0   0x0000007c   Code   RO         4647    i.GMotor_Yaw_Decode  receive.o
    0x0800204c   0x0800204c   0x00000038   Code   RO         3984    i.GetCapVoltage     power_control.o
    0x08002084   0x08002084   0x00000030   Code   RO         4452    i.Get_CRC16_Check_Sum  crc.o
    0x080020b4   0x080020b4   0x0000001c   Code   RO         4453    i.Get_CRC8_Check_Sum  crc.o
    0x080020d0   0x080020d0   0x00000040   Code   RO         3730    i.Gimbal_Control    gimbal_control.o
    0x08002110   0x08002110   0x00000024   Code   RO         3898    i.Gimbal_Limit      remote_control.o
    0x08002134   0x08002134   0x000001d8   Code   RO         3731    i.Gimbal_TraceForecast  gimbal_control.o
    0x0800230c   0x0800230c   0x00000002   Code   RO          981    i.HAL_ADCEx_InjectedConvCpltCallback  stm32f4xx_hal_adc_ex.o
    0x0800230e   0x0800230e   0x00000002   PAD
    0x08002310   0x08002310   0x00000160   Code   RO          812    i.HAL_ADC_ConfigChannel  stm32f4xx_hal_adc.o
    0x08002470   0x08002470   0x000000d4   Code   RO          251    i.HAL_ADC_ConvCpltCallback  adc.o
    0x08002544   0x08002544   0x00000002   Code   RO          814    i.HAL_ADC_ConvHalfCpltCallback  stm32f4xx_hal_adc.o
    0x08002546   0x08002546   0x00000002   Code   RO          816    i.HAL_ADC_ErrorCallback  stm32f4xx_hal_adc.o
    0x08002548   0x08002548   0x0000013e   Code   RO          820    i.HAL_ADC_IRQHandler  stm32f4xx_hal_adc.o
    0x08002686   0x08002686   0x00000054   Code   RO          821    i.HAL_ADC_Init      stm32f4xx_hal_adc.o
    0x080026da   0x080026da   0x00000002   Code   RO          822    i.HAL_ADC_LevelOutOfWindowCallback  stm32f4xx_hal_adc.o
    0x080026dc   0x080026dc   0x000000cc   Code   RO          253    i.HAL_ADC_MspInit   adc.o
    0x080027a8   0x080027a8   0x0000011c   Code   RO          828    i.HAL_ADC_Start_DMA  stm32f4xx_hal_adc.o
    0x080028c4   0x080028c4   0x000000e8   Code   RO         1084    i.HAL_CAN_ConfigFilter  stm32f4xx_hal_can.o
    0x080029ac   0x080029ac   0x00000002   Code   RO         1086    i.HAL_CAN_ErrorCallback  stm32f4xx_hal_can.o
    0x080029ae   0x080029ae   0x00000002   PAD
    0x080029b0   0x080029b0   0x00000188   Code   RO         1089    i.HAL_CAN_IRQHandler  stm32f4xx_hal_can.o
    0x08002b38   0x08002b38   0x00000182   Code   RO         1090    i.HAL_CAN_Init      stm32f4xx_hal_can.o
    0x08002cba   0x08002cba   0x00000002   PAD
    0x08002cbc   0x08002cbc   0x00000120   Code   RO          309    i.HAL_CAN_MspInit   can.o
    0x08002ddc   0x08002ddc   0x00000090   Code   RO         1094    i.HAL_CAN_Receive_IT  stm32f4xx_hal_can.o
    0x08002e6c   0x08002e6c   0x00000002   Code   RO         1095    i.HAL_CAN_RxCpltCallback  stm32f4xx_hal_can.o
    0x08002e6e   0x08002e6e   0x00000002   PAD
    0x08002e70   0x08002e70   0x000001b0   Code   RO         1097    i.HAL_CAN_Transmit  stm32f4xx_hal_can.o
    0x08003020   0x08003020   0x00000002   Code   RO         1099    i.HAL_CAN_TxCpltCallback  stm32f4xx_hal_can.o
    0x08003022   0x08003022   0x00000042   Code   RO         1215    i.HAL_DAC_ConfigChannel  stm32f4xx_hal_dac.o
    0x08003064   0x08003064   0x0000002a   Code   RO         1225    i.HAL_DAC_Init      stm32f4xx_hal_dac.o
    0x0800308e   0x0800308e   0x00000002   PAD
    0x08003090   0x08003090   0x00000060   Code   RO          358    i.HAL_DAC_MspInit   dac.o
    0x080030f0   0x080030f0   0x00000020   Code   RO         1228    i.HAL_DAC_SetValue  stm32f4xx_hal_dac.o
    0x08003110   0x08003110   0x00000070   Code   RO         1229    i.HAL_DAC_Start     stm32f4xx_hal_dac.o
    0x08003180   0x08003180   0x0000008e   Code   RO         3111    i.HAL_DMA_Abort     stm32f4xx_hal_dma.o
    0x0800320e   0x0800320e   0x00000024   Code   RO         3112    i.HAL_DMA_Abort_IT  stm32f4xx_hal_dma.o
    0x08003232   0x08003232   0x00000002   PAD
    0x08003234   0x08003234   0x000001d8   Code   RO         3116    i.HAL_DMA_IRQHandler  stm32f4xx_hal_dma.o
    0x0800340c   0x0800340c   0x000000d0   Code   RO         3117    i.HAL_DMA_Init      stm32f4xx_hal_dma.o
    0x080034dc   0x080034dc   0x00000078   Code   RO         3121    i.HAL_DMA_Start_IT  stm32f4xx_hal_dma.o
    0x08003554   0x08003554   0x00000016   Code   RO         3536    i.HAL_Delay         stm32f4xx_hal.o
    0x0800356a   0x0800356a   0x00000002   Code   RO         3002    i.HAL_GPIO_EXTI_Callback  stm32f4xx_hal_gpio.o
    0x0800356c   0x0800356c   0x00000018   Code   RO         3003    i.HAL_GPIO_EXTI_IRQHandler  stm32f4xx_hal_gpio.o
    0x08003584   0x08003584   0x000001e0   Code   RO         3004    i.HAL_GPIO_Init     stm32f4xx_hal_gpio.o
    0x08003764   0x08003764   0x0000000e   Code   RO         3006    i.HAL_GPIO_ReadPin  stm32f4xx_hal_gpio.o
    0x08003772   0x08003772   0x0000000e   Code   RO         3008    i.HAL_GPIO_WritePin  stm32f4xx_hal_gpio.o
    0x08003780   0x08003780   0x0000000c   Code   RO         3544    i.HAL_GetTick       stm32f4xx_hal.o
    0x0800378c   0x0800378c   0x00000010   Code   RO         3545    i.HAL_IncTick       stm32f4xx_hal.o
    0x0800379c   0x0800379c   0x00000034   Code   RO         3546    i.HAL_Init          stm32f4xx_hal.o
    0x080037d0   0x080037d0   0x00000028   Code   RO         3547    i.HAL_InitTick      stm32f4xx_hal.o
    0x080037f8   0x080037f8   0x00000034   Code   RO          776    i.HAL_MspInit       stm32f4xx_hal_msp.o
    0x0800382c   0x0800382c   0x00000090   Code   RO         2324    i.HAL_MultiProcessor_Init  stm32f4xx_hal_uart.o
    0x080038bc   0x080038bc   0x00000016   Code   RO         3409    i.HAL_NVIC_EnableIRQ  stm32f4xx_hal_cortex.o
    0x080038d2   0x080038d2   0x00000002   PAD
    0x080038d4   0x080038d4   0x00000040   Code   RO         3415    i.HAL_NVIC_SetPriority  stm32f4xx_hal_cortex.o
    0x08003914   0x08003914   0x00000024   Code   RO         3416    i.HAL_NVIC_SetPriorityGrouping  stm32f4xx_hal_cortex.o
    0x08003938   0x08003938   0x00000184   Code   RO         2575    i.HAL_RCC_ClockConfig  stm32f4xx_hal_rcc.o
    0x08003abc   0x08003abc   0x0000000c   Code   RO         2580    i.HAL_RCC_GetHCLKFreq  stm32f4xx_hal_rcc.o
    0x08003ac8   0x08003ac8   0x0000002c   Code   RO         2582    i.HAL_RCC_GetPCLK1Freq  stm32f4xx_hal_rcc.o
    0x08003af4   0x08003af4   0x0000002c   Code   RO         2583    i.HAL_RCC_GetPCLK2Freq  stm32f4xx_hal_rcc.o
    0x08003b20   0x08003b20   0x00000084   Code   RO         2584    i.HAL_RCC_GetSysClockFreq  stm32f4xx_hal_rcc.o
    0x08003ba4   0x08003ba4   0x00000314   Code   RO         2587    i.HAL_RCC_OscConfig  stm32f4xx_hal_rcc.o
    0x08003eb8   0x08003eb8   0x00000028   Code   RO         3420    i.HAL_SYSTICK_Config  stm32f4xx_hal_cortex.o
    0x08003ee0   0x08003ee0   0x00000002   Code   RO         2078    i.HAL_TIMEx_BreakCallback  stm32f4xx_hal_tim_ex.o
    0x08003ee2   0x08003ee2   0x00000002   Code   RO         2079    i.HAL_TIMEx_CommutationCallback  stm32f4xx_hal_tim_ex.o
    0x08003ee4   0x08003ee4   0x00000042   Code   RO         2080    i.HAL_TIMEx_ConfigBreakDeadTime  stm32f4xx_hal_tim_ex.o
    0x08003f26   0x08003f26   0x00000050   Code   RO         2095    i.HAL_TIMEx_MasterConfigSynchronization  stm32f4xx_hal_tim_ex.o
    0x08003f76   0x08003f76   0x00000038   Code   RO         1439    i.HAL_TIM_Base_Init  stm32f4xx_hal_tim.o
    0x08003fae   0x08003fae   0x00000002   PAD
    0x08003fb0   0x08003fb0   0x000000cc   Code   RO          496    i.HAL_TIM_Base_MspInit  tim.o
    0x0800407c   0x0800407c   0x00000018   Code   RO         1444    i.HAL_TIM_Base_Start_IT  stm32f4xx_hal_tim.o
    0x08004094   0x08004094   0x0000010e   Code   RO         1448    i.HAL_TIM_ConfigClockSource  stm32f4xx_hal_tim.o
    0x080041a2   0x080041a2   0x00000002   Code   RO         1468    i.HAL_TIM_IC_CaptureCallback  stm32f4xx_hal_tim.o
    0x080041a4   0x080041a4   0x0000016e   Code   RO         1481    i.HAL_TIM_IRQHandler  stm32f4xx_hal_tim.o
    0x08004312   0x08004312   0x00000002   PAD
    0x08004314   0x08004314   0x00000088   Code   RO          497    i.HAL_TIM_MspPostInit  tim.o
    0x0800439c   0x0800439c   0x00000002   Code   RO         1484    i.HAL_TIM_OC_DelayElapsedCallback  stm32f4xx_hal_tim.o
    0x0800439e   0x0800439e   0x000000da   Code   RO         1505    i.HAL_TIM_PWM_ConfigChannel  stm32f4xx_hal_tim.o
    0x08004478   0x08004478   0x00000038   Code   RO         1508    i.HAL_TIM_PWM_Init  stm32f4xx_hal_tim.o
    0x080044b0   0x080044b0   0x00000002   Code   RO         1510    i.HAL_TIM_PWM_MspInit  stm32f4xx_hal_tim.o
    0x080044b2   0x080044b2   0x00000002   Code   RO         1511    i.HAL_TIM_PWM_PulseFinishedCallback  stm32f4xx_hal_tim.o
    0x080044b4   0x080044b4   0x00000038   Code   RO         1512    i.HAL_TIM_PWM_Start  stm32f4xx_hal_tim.o
    0x080044ec   0x080044ec   0x00000002   Code   RO         1518    i.HAL_TIM_PeriodElapsedCallback  stm32f4xx_hal_tim.o
    0x080044ee   0x080044ee   0x00000002   Code   RO         1522    i.HAL_TIM_TriggerCallback  stm32f4xx_hal_tim.o
    0x080044f0   0x080044f0   0x00000058   Code   RO         2327    i.HAL_UART_DMAStop  stm32f4xx_hal_uart.o
    0x08004548   0x08004548   0x00000002   Code   RO         2329    i.HAL_UART_ErrorCallback  stm32f4xx_hal_uart.o
    0x0800454a   0x0800454a   0x00000002   PAD
    0x0800454c   0x0800454c   0x00000110   Code   RO         2332    i.HAL_UART_IRQHandler  stm32f4xx_hal_uart.o
    0x0800465c   0x0800465c   0x000003e8   Code   RO          424    i.HAL_UART_MspInit  usart.o
    0x08004a44   0x08004a44   0x00000090   Code   RO         2337    i.HAL_UART_Receive_DMA  stm32f4xx_hal_uart.o
    0x08004ad4   0x08004ad4   0x00000002   Code   RO         2339    i.HAL_UART_RxCpltCallback  stm32f4xx_hal_uart.o
    0x08004ad6   0x08004ad6   0x00000002   Code   RO         2340    i.HAL_UART_RxHalfCpltCallback  stm32f4xx_hal_uart.o
    0x08004ad8   0x08004ad8   0x000000ca   Code   RO         2341    i.HAL_UART_Transmit  stm32f4xx_hal_uart.o
    0x08004ba2   0x08004ba2   0x00000002   Code   RO         2344    i.HAL_UART_TxCpltCallback  stm32f4xx_hal_uart.o
    0x08004ba4   0x08004ba4   0x00000200   Code   RO         4513    i.HI_IMU_Data_Decode  imu.o
    0x08004da4   0x08004da4   0x00000088   Code   RO         4648    i.HI_IMU_Data_Receive  receive.o
    0x08004e2c   0x08004e2c   0x00000002   Code   RO          582    i.HardFault_Handler  stm32f4xx_it.o
    0x08004e2e   0x08004e2e   0x00000002   PAD
    0x08004e30   0x08004e30   0x00000088   Code   RO         4514    i.IMU_Calibration   imu.o
    0x08004eb8   0x08004eb8   0x00000040   Code   RO         4649    i.IMU_Data_Receive_Start  receive.o
    0x08004ef8   0x08004ef8   0x00000218   Code   RO         4515    i.JY_IMU_Data_Decode  imu.o
    0x08005110   0x08005110   0x00000088   Code   RO         4650    i.JY_IMU_Data_Receive  receive.o
    0x08005198   0x08005198   0x0000079c   Code   RO         3899    i.Key_Mouse_Process  remote_control.o
    0x08005934   0x08005934   0x00000090   Code   RO          254    i.MX_ADC1_Init      adc.o
    0x080059c4   0x080059c4   0x00000048   Code   RO          310    i.MX_CAN1_Init      can.o
    0x08005a0c   0x08005a0c   0x00000048   Code   RO          311    i.MX_CAN2_Init      can.o
    0x08005a54   0x08005a54   0x0000003c   Code   RO          359    i.MX_DAC_Init       dac.o
    0x08005a90   0x08005a90   0x0000009c   Code   RO          399    i.MX_DMA_Init       dma.o
    0x08005b2c   0x08005b2c   0x00000194   Code   RO          227    i.MX_GPIO_Init      gpio.o
    0x08005cc0   0x08005cc0   0x00000064   Code   RO          498    i.MX_TIM2_Init      tim.o
    0x08005d24   0x08005d24   0x00000064   Code   RO          499    i.MX_TIM3_Init      tim.o
    0x08005d88   0x08005d88   0x000000a8   Code   RO          500    i.MX_TIM5_Init      tim.o
    0x08005e30   0x08005e30   0x00000068   Code   RO          501    i.MX_TIM7_Init      tim.o
    0x08005e98   0x08005e98   0x000000d8   Code   RO          502    i.MX_TIM8_Init      tim.o
    0x08005f70   0x08005f70   0x0000003c   Code   RO          425    i.MX_UART7_Init     usart.o
    0x08005fac   0x08005fac   0x0000003c   Code   RO          426    i.MX_UART8_Init     usart.o
    0x08005fe8   0x08005fe8   0x00000044   Code   RO          427    i.MX_USART1_UART_Init  usart.o
    0x0800602c   0x0800602c   0x0000003c   Code   RO          428    i.MX_USART2_UART_Init  usart.o
    0x08006068   0x08006068   0x0000003c   Code   RO          429    i.MX_USART3_UART_Init  usart.o
    0x080060a4   0x080060a4   0x0000003c   Code   RO          430    i.MX_USART6_UART_Init  usart.o
    0x080060e0   0x080060e0   0x00000002   Code   RO          583    i.MemManage_Handler  stm32f4xx_it.o
    0x080060e2   0x080060e2   0x00000002   PAD
    0x080060e4   0x080060e4   0x00000090   Code   RO         4414    i.Mini_PC_Data_Decode  minipc.o
    0x08006174   0x08006174   0x00000088   Code   RO         4651    i.Mini_PC_Data_Receive  receive.o
    0x080061fc   0x080061fc   0x00000020   Code   RO         4652    i.Mini_PC_Receive_Start  receive.o
    0x0800621c   0x0800621c   0x00000038   Code   RO         4333    i.Mini_PC_Transmit  transmit.o
    0x08006254   0x08006254   0x00000024   Code   RO         3985    i.Motor_Theory_Power  power_control.o
    0x08006278   0x08006278   0x000000d8   Code   RO         4097    i.Motor_VelPID      chassis_control.o
    0x08006350   0x08006350   0x00000002   Code   RO          584    i.NMI_Handler       stm32f4xx_it.o
    0x08006352   0x08006352   0x00000020   Code   RO         3422    i.NVIC_SetPriority  stm32f4xx_hal_cortex.o
    0x08006372   0x08006372   0x00000002   Code   RO          585    i.PendSV_Handler    stm32f4xx_it.o
    0x08006374   0x08006374   0x00000070   Code   RO         3733    i.Pitch_Control     gimbal_control.o
    0x080063e4   0x080063e4   0x00000098   Code   RO         4169    i.PosPID            shoot_control.o
    0x0800647c   0x0800647c   0x000000c4   Code   RO         3734    i.Pos_half_PID      gimbal_control.o
    0x08006540   0x08006540   0x000005e0   Code   RO         3987    i.Power_Ctrl        power_control.o
    0x08006b20   0x08006b20   0x00000088   Code   RO         3988    i.Power_PID_Cal     power_control.o
    0x08006ba8   0x08006ba8   0x00000094   Code   RO         3900    i.RC_DataHandle     remote_control.o
    0x08006c3c   0x08006c3c   0x000001c4   Code   RO         4563    i.RefereeDecode     referee_decode.o
    0x08006e00   0x08006e00   0x00000078   Code   RO         4653    i.Referee_Data_Receive  receive.o
    0x08006e78   0x08006e78   0x00000020   Code   RO         4654    i.Referee_Data_Receive_Start  receive.o
    0x08006e98   0x08006e98   0x00000058   Code   RO         3901    i.Remode_Input_Judge  remote_control.o
    0x08006ef0   0x08006ef0   0x000000a4   Code   RO         3902    i.Remote_Process    remote_control.o
    0x08006f94   0x08006f94   0x00000090   Code   RO         4655    i.RemotreCtl_Data_Receive  receive.o
    0x08007024   0x08007024   0x00000020   Code   RO         4656    i.RemotreCtl_Data_Receive_Start  receive.o
    0x08007044   0x08007044   0x00000098   Code   RO         4098    i.Rotate_Pos_PID    chassis_control.o
    0x080070dc   0x080070dc   0x00000098   Code   RO         4099    i.Rotate_Vel_PID    chassis_control.o
    0x08007174   0x08007174   0x00000064   Code   RO         4334    i.SM_CAN_Send_Msg   transmit.o
    0x080071d8   0x080071d8   0x0000002c   Code   RO         4657    i.SM_Decode         receive.o
    0x08007204   0x08007204   0x00000002   Code   RO          586    i.SVC_Handler       stm32f4xx_it.o
    0x08007206   0x08007206   0x00000002   PAD
    0x08007208   0x08007208   0x00000040   Code   RO         3989    i.SetCAPCurrent     power_control.o
    0x08007248   0x08007248   0x00000034   Code   RO         4170    i.Shoot_Control     shoot_control.o
    0x0800727c   0x0800727c   0x00000074   Code   RO         4171    i.Shoot_Motor_Control  shoot_control.o
    0x080072f0   0x080072f0   0x00000044   Code   RO         4248    i.Shoot_Strategy_42mm1  strategy.o
    0x08007334   0x08007334   0x0000002c   Code   RO         4249    i.Shoot_Strategy_42mm2  strategy.o
    0x08007360   0x08007360   0x00000048   Code   RO         4250    i.Shoot_calculate   strategy.o
    0x080073a8   0x080073a8   0x00000010   Code   RO         3903    i.Stop_Process      remote_control.o
    0x080073b8   0x080073b8   0x00000130   Code   RO         3990    i.SuperCapCtrl      power_control.o
    0x080074e8   0x080074e8   0x00000004   Code   RO          587    i.SysTick_Handler   stm32f4xx_it.o
    0x080074ec   0x080074ec   0x00000094   Code   RO            5    i.SystemClock_Config  main.o
    0x08007580   0x08007580   0x00000048   Code   RO         3689    i.SystemInit        system_stm32f4xx.o
    0x080075c8   0x080075c8   0x0000004c   Code   RO         3736    i.TD_Calculate      gimbal_control.o
    0x08007614   0x08007614   0x00000008   Code   RO         3737    i.TD_Init           gimbal_control.o
    0x0800761c   0x0800761c   0x00000038   Code   RO          588    i.TIM2_IRQHandler   stm32f4xx_it.o
    0x08007654   0x08007654   0x00000018   Code   RO          589    i.TIM3_IRQHandler   stm32f4xx_it.o
    0x0800766c   0x0800766c   0x00000014   Code   RO          590    i.TIM7_IRQHandler   stm32f4xx_it.o
    0x08007680   0x08007680   0x000000c4   Code   RO         1523    i.TIM_Base_SetConfig  stm32f4xx_hal_tim.o
    0x08007744   0x08007744   0x00000016   Code   RO         1524    i.TIM_CCxChannelCmd  stm32f4xx_hal_tim.o
    0x0800775a   0x0800775a   0x00000014   Code   RO         1530    i.TIM_ETR_SetConfig  stm32f4xx_hal_tim.o
    0x0800776e   0x0800776e   0x00000010   Code   RO         1531    i.TIM_ITRx_SetConfig  stm32f4xx_hal_tim.o
    0x0800777e   0x0800777e   0x00000002   PAD
    0x08007780   0x08007780   0x00000060   Code   RO         1532    i.TIM_OC1_SetConfig  stm32f4xx_hal_tim.o
    0x080077e0   0x080077e0   0x0000006c   Code   RO         1533    i.TIM_OC2_SetConfig  stm32f4xx_hal_tim.o
    0x0800784c   0x0800784c   0x00000068   Code   RO         1534    i.TIM_OC3_SetConfig  stm32f4xx_hal_tim.o
    0x080078b4   0x080078b4   0x00000054   Code   RO         1535    i.TIM_OC4_SetConfig  stm32f4xx_hal_tim.o
    0x08007908   0x08007908   0x00000022   Code   RO         1537    i.TIM_TI1_ConfigInputStage  stm32f4xx_hal_tim.o
    0x0800792a   0x0800792a   0x00000024   Code   RO         1539    i.TIM_TI2_ConfigInputStage  stm32f4xx_hal_tim.o
    0x0800794e   0x0800794e   0x00000002   PAD
    0x08007950   0x08007950   0x00000038   Code   RO         3991    i.ToBattery         power_control.o
    0x08007988   0x08007988   0x00000038   Code   RO         3992    i.ToCap             power_control.o
    0x080079c0   0x080079c0   0x00000004   Code   RO          591    i.UART7_IRQHandler  stm32f4xx_it.o
    0x080079c4   0x080079c4   0x00000004   Code   RO          592    i.UART8_IRQHandler  stm32f4xx_it.o
    0x080079c8   0x080079c8   0x00000010   Code   RO         2346    i.UART_DMAAbortOnError  stm32f4xx_hal_uart.o
    0x080079d8   0x080079d8   0x0000004a   Code   RO         2347    i.UART_DMAError     stm32f4xx_hal_uart.o
    0x08007a22   0x08007a22   0x0000003c   Code   RO         2348    i.UART_DMAReceiveCplt  stm32f4xx_hal_uart.o
    0x08007a5e   0x08007a5e   0x0000000a   Code   RO         2349    i.UART_DMARxHalfCplt  stm32f4xx_hal_uart.o
    0x08007a68   0x08007a68   0x0000001c   Code   RO         2352    i.UART_EndRxTransfer  stm32f4xx_hal_uart.o
    0x08007a84   0x08007a84   0x0000001a   Code   RO         2353    i.UART_EndTransmit_IT  stm32f4xx_hal_uart.o
    0x08007a9e   0x08007a9e   0x00000012   Code   RO         2354    i.UART_EndTxTransfer  stm32f4xx_hal_uart.o
    0x08007ab0   0x08007ab0   0x00000092   Code   RO         2355    i.UART_Receive_IT   stm32f4xx_hal_uart.o
    0x08007b42   0x08007b42   0x00000002   PAD
    0x08007b44   0x08007b44   0x00000314   Code   RO         2356    i.UART_SetConfig    stm32f4xx_hal_uart.o
    0x08007e58   0x08007e58   0x00000066   Code   RO         2357    i.UART_Transmit_IT  stm32f4xx_hal_uart.o
    0x08007ebe   0x08007ebe   0x00000064   Code   RO         2358    i.UART_WaitOnFlagUntilTimeout  stm32f4xx_hal_uart.o
    0x08007f22   0x08007f22   0x00000004   Code   RO          593    i.USART1_IRQHandler  stm32f4xx_it.o
    0x08007f26   0x08007f26   0x00000004   Code   RO          594    i.USART3_IRQHandler  stm32f4xx_it.o
    0x08007f2a   0x08007f2a   0x00000002   PAD
    0x08007f2c   0x08007f2c   0x00000014   Code   RO          595    i.USART6_IRQHandler  stm32f4xx_it.o
    0x08007f40   0x08007f40   0x00000002   Code   RO          596    i.UsageFault_Handler  stm32f4xx_it.o
    0x08007f42   0x08007f42   0x0000009c   Code   RO         4172    i.VelPID            shoot_control.o
    0x08007fde   0x08007fde   0x000000c4   Code   RO         3738    i.Vel_half_PID      gimbal_control.o
    0x080080a2   0x080080a2   0x00000002   PAD
    0x080080a4   0x080080a4   0x00000040   Code   RO         4454    i.Verify_CRC16_Check_Sum  crc.o
    0x080080e4   0x080080e4   0x00000034   Code   RO         4455    i.Verify_CRC8_Check_Sum  crc.o
    0x08008118   0x08008118   0x00000350   Code   RO         3740    i.Yaw_Control       gimbal_control.o
    0x08008468   0x08008468   0x00000028   Code   RO         4934    i.__ARM_fpclassify  m_ws.l(fpclassify.o)
    0x08008490   0x08008490   0x00000388   Code   RO         4889    i.__ieee754_rem_pio2  m_ws.l(rred.o)
    0x08008818   0x08008818   0x000000fc   Code   RO         4872    i.__kernel_cos      m_ws.l(cos_i.o)
    0x08008914   0x08008914   0x000000aa   Code   RO         4936    i.__kernel_poly     m_ws.l(poly.o)
    0x080089be   0x080089be   0x00000002   PAD
    0x080089c0   0x080089c0   0x000000ec   Code   RO         4894    i.__kernel_sin      m_ws.l(sin_i.o)
    0x08008aac   0x08008aac   0x00000006   Code   RO         4876    i.__mathlib_dbl_infnan  m_ws.l(dunder.o)
    0x08008ab2   0x08008ab2   0x0000000c   Code   RO         4878    i.__mathlib_dbl_invalid  m_ws.l(dunder.o)
    0x08008abe   0x08008abe   0x00000002   PAD
    0x08008ac0   0x08008ac0   0x00000010   Code   RO         4881    i.__mathlib_dbl_underflow  m_ws.l(dunder.o)
    0x08008ad0   0x08008ad0   0x0000000e   Code   RO         4942    i.__scatterload_copy  mc_w.l(handlers.o)
    0x08008ade   0x08008ade   0x00000002   Code   RO         4943    i.__scatterload_null  mc_w.l(handlers.o)
    0x08008ae0   0x08008ae0   0x0000000e   Code   RO         4944    i.__scatterload_zeroinit  mc_w.l(handlers.o)
    0x08008aee   0x08008aee   0x00000002   PAD
    0x08008af0   0x08008af0   0x0000000c   Code   RO         4922    i.__set_errno       mc_w.l(errno.o)
    0x08008afc   0x08008afc   0x0000009c   Code   RO         4804    i.cos               m_ws.l(cos.o)
    0x08008b98   0x08008b98   0x00000050   Code   RO         4564    i.data_head_init    referee_decode.o
    0x08008be8   0x08008be8   0x0000010a   Code   RO         3741    i.fhan              gimbal_control.o
    0x08008cf2   0x08008cf2   0x00000002   PAD
    0x08008cf4   0x08008cf4   0x00000168   Code   RO            6    i.main              main.o
    0x08008e5c   0x08008e5c   0x00000020   Code   RO         3742    i.sign              gimbal_control.o
    0x08008e7c   0x08008e7c   0x0000004c   Code   RO         4812    i.sqrt              m_ws.l(sqrt.o)
    0x08008ec8   0x08008ec8   0x00000010   Data   RO         2588    .constdata          stm32f4xx_hal_rcc.o
    0x08008ed8   0x08008ed8   0x00000008   Data   RO         3123    .constdata          stm32f4xx_hal_dma.o
    0x08008ee0   0x08008ee0   0x00000300   Data   RO         4456    .constdata          crc.o
    0x080091e0   0x080091e0   0x00000030   Data   RO         4873    .constdata          m_ws.l(cos_i.o)
    0x08009210   0x08009210   0x000000c8   Data   RO         4891    .constdata          m_ws.l(rred.o)
    0x080092d8   0x080092d8   0x00000028   Data   RO         4895    .constdata          m_ws.l(sin_i.o)
    0x08009300   0x08009300   0x00000020   Data   RO         4940    Region$$Table       anon$$obj.o


    Execution Region RW_IRAM2 (Exec base: 0x10000000, Load base: 0x08009430, Size: 0x00000000, Max: 0x00010000, ABSOLUTE)

    **** No section assigned to this execution region ****


    Execution Region RW_IRAM1 (Exec base: 0x20000000, Load base: 0x08009320, Size: 0x000018a0, Max: 0x00030000, ABSOLUTE, COMPRESSED[0x00000110])

    Exec Addr    Load Addr    Size         Type   Attr      Idx    E Section Name        Object

    0x20000000   COMPRESSED   0x00000006   Data   RW          256    .data               adc.o
    0x20000006   COMPRESSED   0x00000002   PAD
    0x20000008   COMPRESSED   0x00000008   Data   RW          257    .data               adc.o
    0x20000010   COMPRESSED   0x00000004   Data   RW          258    .data               adc.o
    0x20000014   COMPRESSED   0x00000008   Data   RW          259    .data               adc.o
    0x2000001c   COMPRESSED   0x00000004   Data   RW          260    .data               adc.o
    0x20000020   COMPRESSED   0x00000004   Data   RW          313    .data               can.o
    0x20000024   COMPRESSED   0x00000004   Data   RW          597    .data               stm32f4xx_it.o
    0x20000028   COMPRESSED   0x00000004   Data   RW         3552    .data               stm32f4xx_hal.o
    0x2000002c   COMPRESSED   0x00000004   Data   RW         3691    .data               system_stm32f4xx.o
    0x20000030   COMPRESSED   0x00000140   Data   RW         3747    .data               gimbal_control.o
    0x20000170   COMPRESSED   0x0000003a   Data   RW         3906    .data               remote_control.o
    0x200001aa   COMPRESSED   0x00000002   PAD
    0x200001ac   COMPRESSED   0x0000002c   Data   RW         3994    .data               power_control.o
    0x200001d8   COMPRESSED   0x00000020   Data   RW         4101    .data               chassis_control.o
    0x200001f8   COMPRESSED   0x00000014   Data   RW         4102    .data               chassis_control.o
    0x2000020c   COMPRESSED   0x00000014   Data   RW         4103    .data               chassis_control.o
    0x20000220   COMPRESSED   0x00000014   Data   RW         4104    .data               chassis_control.o
    0x20000234   COMPRESSED   0x00000014   Data   RW         4105    .data               chassis_control.o
    0x20000248   COMPRESSED   0x0000007c   Data   RW         4174    .data               shoot_control.o
    0x200002c4   COMPRESSED   0x00000001   Data   RW         4176    .data               shoot_control.o
    0x200002c5   COMPRESSED   0x00000001   Data   RW         4177    .data               shoot_control.o
    0x200002c6   COMPRESSED   0x00000002   PAD
    0x200002c8   COMPRESSED   0x0000000c   Data   RW         4251    .data               strategy.o
    0x200002d4   COMPRESSED   0x00000004   Data   RW         4255    .data               strategy.o
    0x200002d8   COMPRESSED   0x00000004   Data   RW         4256    .data               strategy.o
    0x200002dc   COMPRESSED   0x00000008   Data   RW         4336    .data               transmit.o
    0x200002e4   COMPRESSED   0x00000010   Data   RW         4417    .data               minipc.o
    0x200002f4   COMPRESSED   0x00000004   Data   RW         4457    .data               crc.o
    0x200002f8   COMPRESSED   0x00000020   Data   RW         4519    .data               imu.o
    0x20000318   COMPRESSED   0x00000012   Data   RW         4578    .data               referee_decode.o
    0x2000032a   COMPRESSED   0x00000002   PAD
    0x2000032c   COMPRESSED   0x00000004   Data   RW         4660    .data               receive.o
    0x20000330   COMPRESSED   0x00000004   Data   RW         4923    .data               mc_w.l(errno.o)
    0x20000334   COMPRESSED   0x00000004   PAD
    0x20000338        -       0x000000f0   Zero   RW          255    .bss                adc.o
    0x20000428        -       0x00000080   Zero   RW          312    .bss                can.o
    0x200004a8        -       0x00000014   Zero   RW          360    .bss                dac.o
    0x200004bc        -       0x000003c0   Zero   RW          431    .bss                usart.o
    0x2000087c        -       0x0000012c   Zero   RW          503    .bss                tim.o
    0x200009a8        -       0x00000224   Zero   RW         3743    .bss                gimbal_control.o
    0x20000bcc        -       0x0000001c   Zero   RW         3745    .bss                gimbal_control.o
    0x20000be8        -       0x00000014   Zero   RW         3904    .bss                remote_control.o
    0x20000bfc        -       0x00000020   Zero   RW         3993    .bss                power_control.o
    0x20000c1c        -       0x00000280   Zero   RW         4100    .bss                chassis_control.o
    0x20000e9c        -       0x000001e0   Zero   RW         4173    .bss                shoot_control.o
    0x2000107c        -       0x0000002a   Zero   RW         4297    .bss                datascope_dp.o
    0x200010a6        -       0x0000000c   Zero   RW         4335    .bss                transmit.o
    0x200010b2   COMPRESSED   0x00000002   PAD
    0x200010b4        -       0x0000000c   Zero   RW         4415    .bss                minipc.o
    0x200010c0        -       0x0000003c   Zero   RW         4516    .bss                imu.o
    0x200010fc        -       0x00000220   Zero   RW         4566    .bss                referee_decode.o
    0x2000131c        -       0x00000100   Zero   RW         4658    .bss                receive.o
    0x2000141c        -       0x00000080   Zero   RW         4772    .bss                can_filter.o
    0x2000149c   COMPRESSED   0x00000004   PAD
    0x200014a0        -       0x00000400   Zero   RW          797    STACK               startup_stm32f427xx.o


==============================================================================

Image component sizes


      Code (inc. data)   RO Data    RW Data    ZI Data      Debug   Object Name

       560         58          0         30        240       3100   adc.o
       432         50          0          4        128       2430   can.o
       120         18          0          0        128       1440   can_filter.o
      1260        130          0        112        640       4675   chassis_control.o
       192         16        768          4          0       3539   crc.o
       156         20          0          0         20       1603   dac.o
       308         36          0          0         42       2770   datascope_dp.o
       156          4          0          0          0        826   dma.o
      2690        196          0        320        576      15728   gimbal_control.o
       404         36          0          0          0       1195   gpio.o
      1184         88          0         32         60       3788   imu.o
       510         96          0          0          0     382600   main.o
       144         12          0         16         12       6123   minipc.o
      2640        310          0         44         32       8961   power_control.o
      1632        258          0          4        256      10183   receive.o
       668         52          0         18        544       7850   referee_decode.o
      2404        300          0         58         20       7544   remote_control.o
       788         78          0        126        480       6699   shoot_control.o
        36          8        428          0       1024        768   startup_stm32f427xx.o
       142         22          0          4          0       4095   stm32f4xx_hal.o
      1486         48          0          0          0       8022   stm32f4xx_hal_adc.o
         2          0          0          0          0        993   stm32f4xx_hal_adc_ex.o
      1998         34          0          0          0       8501   stm32f4xx_hal_can.o
       194         14          0          0          0      30375   stm32f4xx_hal_cortex.o
       252          0          0          0          0       3514   stm32f4xx_hal_dac.o
      1200         20          8          0          0       7426   stm32f4xx_hal_dma.o
       534         60          0          0          0       4379   stm32f4xx_hal_gpio.o
        52          4          0          0          0        822   stm32f4xx_hal_msp.o
      1408         66         16          0          0       6291   stm32f4xx_hal_rcc.o
      1774         88          0          0          0      16376   stm32f4xx_hal_tim.o
       150          0          0          0          0       3070   stm32f4xx_hal_tim_ex.o
      2226         24          0          0          0      14413   stm32f4xx_hal_uart.o
       438        110          0          4          0      13630   stm32f4xx_it.o
       184         40          0         20          0       2636   strategy.o
        72         18          0          4          0       1109   system_stm32f4xx.o
      1028         80          0          0        300       5276   tim.o
       772        126          0          8         12       4999   transmit.o
      1368        114          0          0        960       5555   usart.o

    ----------------------------------------------------------------------
     31614       2634       1252        816       5480     613304   Object Totals
         0          0         32          0          0          0   (incl. Generated)
        50          0          0          8          6          0   (incl. Padding)

    ----------------------------------------------------------------------

      Code (inc. data)   RO Data    RW Data    ZI Data      Debug   Library Member Name

       156          8          0          0          0        104   cos.o
       252         22         48          0          0        124   cos_i.o
        34          6          0          0          0        204   dunder.o
        40          0          0          0          0         68   fpclassify.o
       170          0          0          0          0         96   poly.o
       904         76        200          0          0        140   rred.o
       236         12         40          0          0        128   sin_i.o
        76          0          0          0          0         84   sqrt.o
        86          0          0          0          0          0   __dczerorl2.o
         0          0          0          0          0          0   entry.o
         0          0          0          0          0          0   entry10a.o
         0          0          0          0          0          0   entry11a.o
         8          4          0          0          0          0   entry2.o
         4          0          0          0          0          0   entry5.o
         0          0          0          0          0          0   entry7b.o
         0          0          0          0          0          0   entry8b.o
         8          4          0          0          0          0   entry9a.o
        12          6          0          4          0         68   errno.o
        30          0          0          0          0          0   handlers.o
        36          8          0          0          0         68   init.o
         0          0          0          0          0          0   iusefp.o
        30          0          0          0          0         68   llshl.o
        36          0          0          0          0         68   llsshr.o
        32          0          0          0          0         68   llushr.o
        36          0          0          0          0         68   memcpya.o
        36          0          0          0          0        108   memseta.o
        98          0          0          0          0         92   uldiv.o
        48          0          0          0          0         68   cdcmple.o
        48          0          0          0          0         68   cdrcmple.o
        20          0          0          0          0         68   cfcmple.o
        20          0          0          0          0         68   cfrcmple.o
        56          0          0          0          0         88   d2f.o
       334          0          0          0          0        148   dadd.o
       222          0          0          0          0        100   ddiv.o
       186          0          0          0          0        176   depilogue.o
        62          0          0          0          0         80   dfixi.o
        34          0          0          0          0         76   dflti.o
        26          0          0          0          0         76   dfltui.o
       228          0          0          0          0         96   dmul.o
        46          0          0          0          0         80   dscalb.o
       162          0          0          0          0        100   dsqrt.o
        38          0          0          0          0         68   f2d.o
       176          0          0          0          0        140   fadd.o
       124          0          0          0          0         88   fdiv.o
       110          0          0          0          0        168   fepilogue.o
        50          0          0          0          0         68   ffixi.o
        40          0          0          0          0         68   ffixui.o
        18          0          0          0          0         68   fflti.o
        10          0          0          0          0         68   ffltui.o
       100          0          0          0          0         76   fmul.o
        24          0          0          0          0         68   fscalb.o

    ----------------------------------------------------------------------
      4510        146        288          4          4       3728   Library Totals
         8          0          0          0          4          0   (incl. Padding)

    ----------------------------------------------------------------------

      Code (inc. data)   RO Data    RW Data    ZI Data      Debug   Library Name

      1868        124        288          0          0        948   m_ws.l
       452         22          0          4          0        608   mc_w.l
      2182          0          0          0          0       2172   mf_w.l

    ----------------------------------------------------------------------
      4510        146        288          4          4       3728   Library Totals

    ----------------------------------------------------------------------

==============================================================================


      Code (inc. data)   RO Data    RW Data    ZI Data      Debug   

     36124       2780       1540        820       5484     602600   Grand Totals
     36124       2780       1540        272       5484     602600   ELF Image Totals (compressed)
     36124       2780       1540        272          0          0   ROM Totals

==============================================================================

    Total RO  Size (Code + RO Data)                37664 (  36.78kB)
    Total RW  Size (RW Data + ZI Data)              6304 (   6.16kB)
    Total ROM Size (Code + RO Data + RW Data)      37936 (  37.05kB)

==============================================================================

