<html>
<body>
<pre>
<h1>礦ision Build Log</h1>
<h2>Tool Versions:</h2>
IDE-Version: μVision V5.28.0.0
Copyright (C) 2019 ARM Ltd and ARM Germany GmbH. All rights reserved.
License Information: dassa Altman, dsad, LIC=NQQMM-X7VAY-KPNZY-IKYEP-GV9Y1-EW1PC
 
Tool Versions:
Toolchain:       MDK-ARM Plus  Version: 5.28.0.0
Toolchain Path:  D:\keil\ARM\ARMCC\Bin
C Compiler:      Armcc.exe V5.06 update 6 (build 750)
Assembler:       Armasm.exe V5.06 update 6 (build 750)
Linker/Locator:  ArmLink.exe V5.06 update 6 (build 750)
Library Manager: ArmAr.exe V5.06 update 6 (build 750)
Hex Converter:   FromElf.exe V5.06 update 6 (build 750)
CPU DLL:         SARMCM3.DLL V5.28.0.0
Dialog DLL:      DCM.DLL V1.17.3.0
Target DLL:      Segger\JL2CM3.dll V2.99.36.0
Dialog DLL:      TCM.DLL V1.36.2.0
 
<h2>Project:</h2>
C:\Users\刘羽丰\Desktop\代码\上场代码\Hero_V1.2\MDK-ARM\Hero_V1.1.uvprojx
Project File Date:  06/08/2019

<h2>Output:</h2>
*** Using Compiler 'V5.06 update 6 (build 750)', folder: 'D:\keil\ARM\ARMCC\Bin'
Rebuild target 'Hero_V1.1'
compiling dac.c...
compiling dma.c...
compiling gpio.c...
compiling adc.c...
compiling main.c...
../Src/main.c(171): warning:  #223-D: function "IMU_Calibration" declared implicitly
  	IMU_Calibration();
../Src/main.c: 1 warning, 0 errors
compiling can.c...
compiling usart.c...
assembling startup_stm32f427xx.s...
compiling stm32f4xx_it.c...
../Src/stm32f4xx_it.c(405): warning:  #223-D: function "Shoot_calculate" declared implicitly
    Shoot_calculate();
../Src/stm32f4xx_it.c: 1 warning, 0 errors
compiling stm32f4xx_hal_msp.c...
compiling tim.c...
compiling stm32f4xx_hal_dac.c...
compiling stm32f4xx_hal_adc.c...
compiling stm32f4xx_hal_can.c...
compiling stm32f4xx_hal_adc_ex.c...
compiling stm32f4xx_hal_dac_ex.c...
compiling stm32f4xx_hal_rcc.c...
compiling stm32f4xx_hal_flash.c...
compiling stm32f4xx_hal_rcc_ex.c...
compiling stm32f4xx_hal_uart.c...
compiling stm32f4xx_hal_tim_ex.c...
compiling stm32f4xx_hal_tim.c...
compiling stm32f4xx_hal_pwr_ex.c...
compiling stm32f4xx_hal_pwr.c...
compiling stm32f4xx_hal_flash_ex.c...
compiling stm32f4xx_hal_flash_ramfunc.c...
compiling stm32f4xx_hal_dma.c...
compiling stm32f4xx_hal_gpio.c...
compiling stm32f4xx_hal_dma_ex.c...
compiling Chassis_Control.c...
compiling stm32f4xx_hal_cortex.c...
compiling system_stm32f4xx.c...
compiling Power_Control.c...
compiling stm32f4xx_hal.c...
compiling Remote_Control.c...
compiling Gimbal_Control.c...
Control\Gimbal_Control.c(589): warning:  #177-D: variable "sum"  was declared but never referenced
  	float sum;
Control\Gimbal_Control.c: 1 warning, 0 errors
compiling DataScope_DP.c...
compiling CRC.c...
compiling Strategy.c...
Control\Strategy.c(58): warning:  #1-D: last line of file ends without a newline
  }
Control\Strategy.c: 1 warning, 0 errors
compiling Transmit.c...
Transmit\Transmit.c(153): warning:  #177-D: variable "i"  was declared but never referenced
  	uint8_t i = 0;
Transmit\Transmit.c: 1 warning, 0 errors
compiling Referee_Decode.c...
compiling MiniPC.c...
Receive\MiniPC.c(33): warning:  #188-D: enumerated type mixed with another type
  			Aim_State    =  pData[i+14];
Receive\MiniPC.c(12): warning:  #177-D: variable "j"  was declared but never referenced
  	int i,j;
Receive\MiniPC.c: 2 warnings, 0 errors
compiling Shoot_Control.c...
Control\Shoot_Control.c(153): warning:  #188-D: enumerated type mixed with another type
  	    Load_State = (int)HAL_GPIO_ReadPin(GPIOA,GPIO_PIN_0);
Control\Shoot_Control.c: 1 warning, 0 errors
compiling IMU.c...
compiling Can_Filter.c...
compiling Receive.c...
linking...
Program Size: Code=36124 RO-data=1540 RW-data=820 ZI-data=5484  
FromELF: creating hex file...
".\Hero_V1.1\Hero_V1.1" - 0 Error(s), 8 Warning(s).

<h2>Software Packages used:</h2>

Package Vendor: ARM
                http://www.keil.com/pack/ARM.CMSIS.5.5.1.pack
                ARM.CMSIS.5.5.1
                CMSIS (Cortex Microcontroller Software Interface Standard)
   * Component: CORE Version: 5.2.0

Package Vendor: Keil
                http://www.keil.com/pack/Keil.STM32F4xx_DFP.1.0.8.pack
                Keil.STM32F4xx_DFP.1.0.8
                STMicroelectronics STM32F4 Series Device Support, Drivers and Examples

<h2>Collection of Component include folders:</h2>
  .\RTE\_Hero_V1.1
  D:\keil\ARM\CMSIS\5.5.1\CMSIS\Core\Include
  D:\keil\Keil\STM32F4xx_DFP\1.0.8\Device\Include

<h2>Collection of Component Files used:</h2>

   * Component: ARM::CMSIS:CORE:5.2.0
Build Time Elapsed:  00:00:26
</pre>
</body>
</html>
